#
# There is insufficient memory for the Java Runtime Environment to continue.
# Native memory allocation (malloc) failed to allocate 221536 bytes. Error detail: Chunk::new
# Possible reasons:
#   The system is out of physical RAM or swap space
#   This process is running with CompressedOops enabled, and the Java Heap may be blocking the growth of the native heap
# Possible solutions:
#   Reduce memory load on the system
#   Increase physical memory or swap space
#   Check if swap backing store is full
#   Decrease Java heap size (-Xmx/-Xms)
#   Decrease number of Java threads
#   Decrease Java thread stack sizes (-Xss)
#   Set larger code cache with -XX:ReservedCodeCacheSize=
#   JVM is running with Unscaled Compressed Oops mode in which the Java heap is
#     placed in the first 4GB address space. The Java Heap base address is the
#     maximum limit for the native heap growth. Please use -XX:HeapBaseMinAddress
#     to set the Java Heap base and to place the Java Heap above 4GB virtual address.
# This output file may be truncated or incomplete.
#
#  Out of Memory Error (arena.cpp:168), pid=32684, tid=17048
#
# JRE version: OpenJDK Runtime Environment Temurin-21.0.12.1+1 (21.0.12.1+1) (build 21.0.12.1+1-LTS)
# Java VM: OpenJDK 64-Bit Server VM Temurin-21.0.12.1+1 (21.0.12.1+1-LTS, mixed mode, sharing, tiered, compressed oops, compressed class ptrs, g1 gc, windows-amd64)
# No core dump will be written. Minidumps are not enabled by default on client versions of Windows
#

---------------  S U M M A R Y ------------

Command Line: --add-opens=java.base/java.lang=ALL-UNNAMED --add-opens=java.base/java.lang.invoke=ALL-UNNAMED --add-opens=java.base/java.util=ALL-UNNAMED --add-opens=java.prefs/java.util.prefs=ALL-UNNAMED --add-exports=jdk.compiler/com.sun.tools.javac.api=ALL-UNNAMED --add-exports=jdk.compiler/com.sun.tools.javac.util=ALL-UNNAMED --add-opens=java.base/java.nio.charset=ALL-UNNAMED --add-opens=java.base/java.net=ALL-UNNAMED --add-opens=java.base/java.util.concurrent=ALL-UNNAMED --add-opens=java.base/java.util.concurrent.atomic=ALL-UNNAMED --add-opens=java.xml/javax.xml.namespace=ALL-UNNAMED --add-opens=java.base/java.time=ALL-UNNAMED -XX:MaxMetaspaceSize=384m -XX:+HeapDumpOnOutOfMemoryError -Xms256m -Xmx512m -Dfile.encoding=UTF-8 -Duser.country=US -Duser.language=en -Duser.variant -javaagent:C:\Users\sampa\.gradle\wrapper\dists\gradle-9.7.1-bin\1w1c7tv4s851m17nbqdsro2tv\gradle-9.7.1\lib\agents\gradle-instrumentation-agent-9.7.1.jar org.gradle.launcher.daemon.bootstrap.GradleDaemon 9.7.1

Host: Intel(R) Core(TM) i5-5300U CPU @ 2.30GHz, 4 cores, 7G,  Windows 10 , 64 bit Build 19041 (10.0.19041.5915)
Time: Thu Sep 10 22:01:03 2026 India Standard Time elapsed time: 78.610351 seconds (0d 0h 1m 18s)

---------------  T H R E A D  ---------------

Current thread (0x000001bbfa80d9b0):  JavaThread "C2 CompilerThread0" daemon [_thread_in_native, id=17048, stack(0x0000009526100000,0x0000009526200000) (1024K)]


Current CompileTask:
C2:78610 3458       4       jdk.internal.org.objectweb.asm.Frame::setInputFrameFromDescriptor (175 bytes)

Stack: [0x0000009526100000,0x0000009526200000]
Native frames: (J=compiled Java code, j=interpreted, Vv=VM code, C=native code)
V  [jvm.dll+0x6d83e9]
V  [jvm.dll+0x8b5736]
V  [jvm.dll+0x8b7cee]
V  [jvm.dll+0x8b83d3]
V  [jvm.dll+0x284596]
V  [jvm.dll+0xc685d]
V  [jvm.dll+0xc6da1]
V  [jvm.dll+0x2fb5ae]
V  [jvm.dll+0x5fee94]
V  [jvm.dll+0x255d67]
V  [jvm.dll+0x24e3bf]
V  [jvm.dll+0x24bbe6]
V  [jvm.dll+0x1cb4ae]
V  [jvm.dll+0x25baad]
V  [jvm.dll+0x25a03a]
V  [jvm.dll+0x3f8aae]
V  [jvm.dll+0x8600cd]
V  [jvm.dll+0x6d6c1d]
C  [ucrtbase.dll+0x21bb2]
C  [KERNEL32.DLL+0x17374]
C  [ntdll.dll+0x4cc91]


---------------  P R O C E S S  ---------------

Threads class SMR info:
_java_thread_list=0x000001bb969aa270, length=30, elements={
0x000001bbe56f0340, 0x000001bbfa8060a0, 0x000001bbfa808f80, 0x000001bbfa80ad00,
0x000001bbfa80b760, 0x000001bbfa80c1c0, 0x000001bbfa80cc20, 0x000001bbfa80d9b0,
0x000001bbfa872eb0, 0x000001bbfaa9d180, 0x000001bbfaac2060, 0x000001bb95fc46b0,
0x000001bb95a35640, 0x000001bb95a75730, 0x000001bb95426610, 0x000001bbfa9bdf00,
0x000001bbfa96afe0, 0x000001bb959940b0, 0x000001bb95939e50, 0x000001bb95937d80,
0x000001bb959397c0, 0x000001bb9593a4e0, 0x000001bb95937060, 0x000001bb959376f0,
0x000001bb95938410, 0x000001bb96f97230, 0x000001bb96f978c0, 0x000001bb96f92a00,
0x000001bb96f96510, 0x000001bb96f91ce0
}

Java Threads: ( => current thread )
  0x000001bbe56f0340 JavaThread "main"                              [_thread_blocked, id=28812, stack(0x0000009525200000,0x0000009525300000) (1024K)]
  0x000001bbfa8060a0 JavaThread "Reference Handler"          daemon [_thread_blocked, id=32156, stack(0x0000009525b00000,0x0000009525c00000) (1024K)]
  0x000001bbfa808f80 JavaThread "Finalizer"                  daemon [_thread_blocked, id=19888, stack(0x0000009525c00000,0x0000009525d00000) (1024K)]
  0x000001bbfa80ad00 JavaThread "Signal Dispatcher"          daemon [_thread_blocked, id=38376, stack(0x0000009525d00000,0x0000009525e00000) (1024K)]
  0x000001bbfa80b760 JavaThread "Attach Listener"            daemon [_thread_blocked, id=25956, stack(0x0000009525e00000,0x0000009525f00000) (1024K)]
  0x000001bbfa80c1c0 JavaThread "Service Thread"             daemon [_thread_blocked, id=12944, stack(0x0000009525f00000,0x0000009526000000) (1024K)]
  0x000001bbfa80cc20 JavaThread "Monitor Deflation Thread"   daemon [_thread_blocked, id=23712, stack(0x0000009526000000,0x0000009526100000) (1024K)]
=>0x000001bbfa80d9b0 JavaThread "C2 CompilerThread0"         daemon [_thread_in_native, id=17048, stack(0x0000009526100000,0x0000009526200000) (1024K)]
  0x000001bbfa872eb0 JavaThread "C1 CompilerThread0"         daemon [_thread_blocked, id=36404, stack(0x0000009526200000,0x0000009526300000) (1024K)]
  0x000001bbfaa9d180 JavaThread "Common-Cleaner"             daemon [_thread_blocked, id=34088, stack(0x0000009526300000,0x0000009526400000) (1024K)]
  0x000001bbfaac2060 JavaThread "Notification Thread"        daemon [_thread_blocked, id=30676, stack(0x0000009526400000,0x0000009526500000) (1024K)]
  0x000001bb95fc46b0 JavaThread "Daemon health stats"               [_thread_blocked, id=1096, stack(0x0000009526800000,0x0000009526900000) (1024K)]
  0x000001bb95a35640 JavaThread "Incoming local TCP Connector on port 63280"        [_thread_in_native, id=26424, stack(0x0000009526900000,0x0000009526a00000) (1024K)]
  0x000001bb95a75730 JavaThread "Daemon periodic checks"            [_thread_blocked, id=37028, stack(0x0000009526a00000,0x0000009526b00000) (1024K)]
  0x000001bb95426610 JavaThread "Daemon"                            [_thread_blocked, id=40488, stack(0x0000009526b00000,0x0000009526c00000) (1024K)]
  0x000001bbfa9bdf00 JavaThread "Handler for socket connection from /127.0.0.1:63280 to /127.0.0.1:63281"        [_thread_in_native, id=25700, stack(0x0000009526c00000,0x0000009526d00000) (1024K)]
  0x000001bbfa96afe0 JavaThread "Cancel handler"                    [_thread_blocked, id=29996, stack(0x0000009526d00000,0x0000009526e00000) (1024K)]
  0x000001bb959940b0 JavaThread "Daemon worker"                     [_thread_in_vm, id=33580, stack(0x0000009526e00000,0x0000009526f00000) (1024K)]
  0x000001bb95939e50 JavaThread "Asynchronous log dispatcher for DefaultDaemonConnection: socket connection from /127.0.0.1:63280 to /127.0.0.1:63281"        [_thread_blocked, id=34976, stack(0x0000009526f00000,0x0000009527000000) (1024K)]
  0x000001bb95937d80 JavaThread "Stdin handler"                     [_thread_blocked, id=15612, stack(0x0000009527000000,0x0000009527100000) (1024K)]
  0x000001bb959397c0 JavaThread "Daemon client event forwarder"        [_thread_blocked, id=19468, stack(0x0000009527100000,0x0000009527200000) (1024K)]
  0x000001bb9593a4e0 JavaThread "Cache worker for journal cache (C:\Users\sampa\.gradle\caches\journal-1)"        [_thread_blocked, id=12748, stack(0x0000009527200000,0x0000009527300000) (1024K)]
  0x000001bb95937060 JavaThread "File lock request listener"        [_thread_in_native, id=3656, stack(0x0000009527300000,0x0000009527400000) (1024K)]
  0x000001bb959376f0 JavaThread "Cache worker for file hash cache (C:\Users\sampa\.gradle\caches\9.7.1\fileHashes)"        [_thread_blocked, id=37952, stack(0x0000009527400000,0x0000009527500000) (1024K)]
  0x000001bb95938410 JavaThread "File lock release action executor"        [_thread_blocked, id=37384, stack(0x0000009527500000,0x0000009527600000) (1024K)]
  0x000001bb96f97230 JavaThread "Cache worker for file hash cache (C:\Users\sampa\Desktop\BloodConnect\bloodconnect\.gradle\9.7.1\fileHashes)"        [_thread_blocked, id=11704, stack(0x0000009527600000,0x0000009527700000) (1024K)]
  0x000001bb96f978c0 JavaThread "Cache worker for Build Output Cleanup Cache (C:\Users\sampa\Desktop\BloodConnect\bloodconnect\.gradle\buildOutputCleanup)"        [_thread_blocked, id=25072, stack(0x0000009527700000,0x0000009527800000) (1024K)]
  0x000001bb96f92a00 JavaThread "File watcher server"        daemon [_thread_in_native, id=35028, stack(0x0000009525100000,0x0000009525200000) (1024K)]
  0x000001bb96f96510 JavaThread "File watcher consumer"      daemon [_thread_blocked, id=3116, stack(0x0000009525300000,0x0000009525400000) (1024K)]
  0x000001bb96f91ce0 JavaThread "Cache worker for file content cache (C:\Users\sampa\.gradle\caches\9.7.1\fileContent)"        [_thread_blocked, id=33252, stack(0x0000009527800000,0x0000009527900000) (1024K)]
Total: 30

Other Threads:
  0x000001bbfa7ed430 VMThread "VM Thread"                           [id=18780, stack(0x0000009525a00000,0x0000009525b00000) (1024K)]
  0x000001bbfa7e1240 WatcherThread "VM Periodic Task Thread"        [id=19916, stack(0x0000009525900000,0x0000009525a00000) (1024K)]
  0x000001bbe571ab90 WorkerThread "GC Thread#0"                     [id=1792, stack(0x0000009525400000,0x0000009525500000) (1024K)]
  0x000001bbfac2dfe0 WorkerThread "GC Thread#1"                     [id=39880, stack(0x0000009526500000,0x0000009526600000) (1024K)]
  0x000001bbfac2e390 WorkerThread "GC Thread#2"                     [id=1968, stack(0x0000009526600000,0x0000009526700000) (1024K)]
  0x000001bbfac2e740 WorkerThread "GC Thread#3"                     [id=12952, stack(0x0000009526700000,0x0000009526800000) (1024K)]
  0x000001bbe5720b90 ConcurrentGCThread "G1 Main Marker"            [id=19348, stack(0x0000009525500000,0x0000009525600000) (1024K)]
  0x000001bbe5721850 WorkerThread "G1 Conc#0"                       [id=21468, stack(0x0000009525600000,0x0000009525700000) (1024K)]
  0x000001bbe57ae710 ConcurrentGCThread "G1 Refine#0"               [id=13736, stack(0x0000009525700000,0x0000009525800000) (1024K)]
  0x000001bbfa6b16b0 ConcurrentGCThread "G1 Service"                [id=37056, stack(0x0000009525800000,0x0000009525900000) (1024K)]
Total: 10

Threads with active compile tasks:
C2 CompilerThread0  78649 3458       4       jdk.internal.org.objectweb.asm.Frame::setInputFrameFromDescriptor (175 bytes)
Total: 1

VM state: not at safepoint (normal execution)

VM Mutex/Monitor currently owned by a thread: None

Heap address: 0x00000000e0000000, size: 512 MB, Compressed Oops mode: 32-bit

CDS archive(s) mapped at: [0x000001bb80000000-0x000001bb80ba0000-0x000001bb80ba0000), size 12189696, SharedBaseAddress: 0x000001bb80000000, ArchiveRelocationMode: 1.
Compressed class space mapped at: 0x000001bb81000000-0x000001bb95000000, reserved size: 335544320
Narrow klass base: 0x000001bb80000000, Narrow klass shift: 0, Narrow klass range: 0x100000000

GC Precious Log:
 CardTable entry size: 512
 Card Set container configuration: InlinePtr #cards 5 size 8 Array Of Cards #cards 12 size 40 Howl #buckets 4 coarsen threshold 1843 Howl Bitmap #cards 512 size 80 coarsen threshold 460 Card regions per heap region 1 cards per card region 2048
 CPUs: 4 total, 4 available
 Memory: 8080M
 Large Page Support: Disabled
 NUMA Support: Disabled
 Compressed Oops: Enabled (32-bit)
 Heap Region Size: 1M
 Heap Min Capacity: 256M
 Heap Initial Capacity: 256M
 Heap Max Capacity: 512M
 Pre-touch: Disabled
 Parallel Workers: 4
 Concurrent Workers: 1
 Concurrent Refinement Workers: 4
 Periodic GC: Disabled

Heap:
 garbage-first heap   total 262144K, used 75014K [0x00000000e0000000, 0x0000000100000000)
  region size 1024K, 53 young (54272K), 3 survivors (3072K)
 Metaspace       used 27196K, committed 28224K, reserved 393216K
  class space    used 4042K, committed 4544K, reserved 327680K

Heap Regions: E=young(eden), S=young(survivor), O=old, HS=humongous(starts), HC=humongous(continues), CS=collection set, F=free, TAMS=top-at-mark-start, PB=parsable bottom
|   0|0x00000000e0000000, 0x00000000e0100000, 0x00000000e0100000|100%| O|  |TAMS 0x00000000e0000000| PB 0x00000000e0000000| Untracked 
|   1|0x00000000e0100000, 0x00000000e0200000, 0x00000000e0200000|100%|HS|  |TAMS 0x00000000e0100000| PB 0x00000000e0100000| Complete 
|   2|0x00000000e0200000, 0x00000000e0300000, 0x00000000e0300000|100%|HC|  |TAMS 0x00000000e0200000| PB 0x00000000e0200000| Complete 
|   3|0x00000000e0300000, 0x00000000e0400000, 0x00000000e0400000|100%|HC|  |TAMS 0x00000000e0300000| PB 0x00000000e0300000| Complete 
|   4|0x00000000e0400000, 0x00000000e0500000, 0x00000000e0500000|100%|HC|  |TAMS 0x00000000e0400000| PB 0x00000000e0400000| Complete 
|   5|0x00000000e0500000, 0x00000000e0600000, 0x00000000e0600000|100%| O|  |TAMS 0x00000000e0500000| PB 0x00000000e0500000| Untracked 
|   6|0x00000000e0600000, 0x00000000e0700000, 0x00000000e0700000|100%| O|  |TAMS 0x00000000e0600000| PB 0x00000000e0600000| Untracked 
|   7|0x00000000e0700000, 0x00000000e0800000, 0x00000000e0800000|100%| O|Cm|TAMS 0x00000000e0700000| PB 0x00000000e0700000| Complete 
|   8|0x00000000e0800000, 0x00000000e0900000, 0x00000000e0900000|100%| O|  |TAMS 0x00000000e0800000| PB 0x00000000e0800000| Untracked 
|   9|0x00000000e0900000, 0x00000000e0a00000, 0x00000000e0a00000|100%|HS|  |TAMS 0x00000000e0900000| PB 0x00000000e0900000| Complete 
|  10|0x00000000e0a00000, 0x00000000e0b00000, 0x00000000e0b00000|100%| O|  |TAMS 0x00000000e0a00000| PB 0x00000000e0a00000| Untracked 
|  11|0x00000000e0b00000, 0x00000000e0c00000, 0x00000000e0c00000|100%| O|  |TAMS 0x00000000e0b00000| PB 0x00000000e0b00000| Untracked 
|  12|0x00000000e0c00000, 0x00000000e0d00000, 0x00000000e0d00000|100%| O|  |TAMS 0x00000000e0c00000| PB 0x00000000e0c00000| Untracked 
|  13|0x00000000e0d00000, 0x00000000e0e00000, 0x00000000e0e00000|100%| O|  |TAMS 0x00000000e0d00000| PB 0x00000000e0d00000| Untracked 
|  14|0x00000000e0e00000, 0x00000000e0f00000, 0x00000000e0f00000|100%| O|  |TAMS 0x00000000e0e00000| PB 0x00000000e0e00000| Untracked 
|  15|0x00000000e0f00000, 0x00000000e1000000, 0x00000000e1000000|100%| O|  |TAMS 0x00000000e0f00000| PB 0x00000000e0f00000| Untracked 
|  16|0x00000000e1000000, 0x00000000e1100000, 0x00000000e1100000|100%| O|  |TAMS 0x00000000e1000000| PB 0x00000000e1000000| Untracked 
|  17|0x00000000e1100000, 0x00000000e1200000, 0x00000000e1200000|100%| O|  |TAMS 0x00000000e1100000| PB 0x00000000e1100000| Untracked 
|  18|0x00000000e1200000, 0x00000000e1300000, 0x00000000e1300000|100%| O|  |TAMS 0x00000000e1200000| PB 0x00000000e1200000| Untracked 
|  19|0x00000000e1300000, 0x00000000e1400000, 0x00000000e1400000|100%| O|  |TAMS 0x00000000e1300000| PB 0x00000000e1300000| Untracked 
|  20|0x00000000e1400000, 0x00000000e1500000, 0x00000000e1500000|100%| O|  |TAMS 0x00000000e1400000| PB 0x00000000e1400000| Untracked 
|  21|0x00000000e1500000, 0x00000000e15f3780, 0x00000000e1600000| 95%| O|  |TAMS 0x00000000e1500000| PB 0x00000000e1500000| Untracked 
|  22|0x00000000e1600000, 0x00000000e1600000, 0x00000000e1700000|  0%| F|  |TAMS 0x00000000e1600000| PB 0x00000000e1600000| Untracked 
|  23|0x00000000e1700000, 0x00000000e1700000, 0x00000000e1800000|  0%| F|  |TAMS 0x00000000e1700000| PB 0x00000000e1700000| Untracked 
|  24|0x00000000e1800000, 0x00000000e1800000, 0x00000000e1900000|  0%| F|  |TAMS 0x00000000e1800000| PB 0x00000000e1800000| Untracked 
|  25|0x00000000e1900000, 0x00000000e1900000, 0x00000000e1a00000|  0%| F|  |TAMS 0x00000000e1900000| PB 0x00000000e1900000| Untracked 
|  26|0x00000000e1a00000, 0x00000000e1a00000, 0x00000000e1b00000|  0%| F|  |TAMS 0x00000000e1a00000| PB 0x00000000e1a00000| Untracked 
|  27|0x00000000e1b00000, 0x00000000e1b00000, 0x00000000e1c00000|  0%| F|  |TAMS 0x00000000e1b00000| PB 0x00000000e1b00000| Untracked 
|  28|0x00000000e1c00000, 0x00000000e1c00000, 0x00000000e1d00000|  0%| F|  |TAMS 0x00000000e1c00000| PB 0x00000000e1c00000| Untracked 
|  29|0x00000000e1d00000, 0x00000000e1d00000, 0x00000000e1e00000|  0%| F|  |TAMS 0x00000000e1d00000| PB 0x00000000e1d00000| Untracked 
|  30|0x00000000e1e00000, 0x00000000e1e00000, 0x00000000e1f00000|  0%| F|  |TAMS 0x00000000e1e00000| PB 0x00000000e1e00000| Untracked 
|  31|0x00000000e1f00000, 0x00000000e1f00000, 0x00000000e2000000|  0%| F|  |TAMS 0x00000000e1f00000| PB 0x00000000e1f00000| Untracked 
|  32|0x00000000e2000000, 0x00000000e2000000, 0x00000000e2100000|  0%| F|  |TAMS 0x00000000e2000000| PB 0x00000000e2000000| Untracked 
|  33|0x00000000e2100000, 0x00000000e2100000, 0x00000000e2200000|  0%| F|  |TAMS 0x00000000e2100000| PB 0x00000000e2100000| Untracked 
|  34|0x00000000e2200000, 0x00000000e2200000, 0x00000000e2300000|  0%| F|  |TAMS 0x00000000e2200000| PB 0x00000000e2200000| Untracked 
|  35|0x00000000e2300000, 0x00000000e2300000, 0x00000000e2400000|  0%| F|  |TAMS 0x00000000e2300000| PB 0x00000000e2300000| Untracked 
|  36|0x00000000e2400000, 0x00000000e2400000, 0x00000000e2500000|  0%| F|  |TAMS 0x00000000e2400000| PB 0x00000000e2400000| Untracked 
|  37|0x00000000e2500000, 0x00000000e2500000, 0x00000000e2600000|  0%| F|  |TAMS 0x00000000e2500000| PB 0x00000000e2500000| Untracked 
|  38|0x00000000e2600000, 0x00000000e2600000, 0x00000000e2700000|  0%| F|  |TAMS 0x00000000e2600000| PB 0x00000000e2600000| Untracked 
|  39|0x00000000e2700000, 0x00000000e2700000, 0x00000000e2800000|  0%| F|  |TAMS 0x00000000e2700000| PB 0x00000000e2700000| Untracked 
|  40|0x00000000e2800000, 0x00000000e2800000, 0x00000000e2900000|  0%| F|  |TAMS 0x00000000e2800000| PB 0x00000000e2800000| Untracked 
|  41|0x00000000e2900000, 0x00000000e2900000, 0x00000000e2a00000|  0%| F|  |TAMS 0x00000000e2900000| PB 0x00000000e2900000| Untracked 
|  42|0x00000000e2a00000, 0x00000000e2a00000, 0x00000000e2b00000|  0%| F|  |TAMS 0x00000000e2a00000| PB 0x00000000e2a00000| Untracked 
|  43|0x00000000e2b00000, 0x00000000e2b00000, 0x00000000e2c00000|  0%| F|  |TAMS 0x00000000e2b00000| PB 0x00000000e2b00000| Untracked 
|  44|0x00000000e2c00000, 0x00000000e2c00000, 0x00000000e2d00000|  0%| F|  |TAMS 0x00000000e2c00000| PB 0x00000000e2c00000| Untracked 
|  45|0x00000000e2d00000, 0x00000000e2d00000, 0x00000000e2e00000|  0%| F|  |TAMS 0x00000000e2d00000| PB 0x00000000e2d00000| Untracked 
|  46|0x00000000e2e00000, 0x00000000e2e00000, 0x00000000e2f00000|  0%| F|  |TAMS 0x00000000e2e00000| PB 0x00000000e2e00000| Untracked 
|  47|0x00000000e2f00000, 0x00000000e2f00000, 0x00000000e3000000|  0%| F|  |TAMS 0x00000000e2f00000| PB 0x00000000e2f00000| Untracked 
|  48|0x00000000e3000000, 0x00000000e3000000, 0x00000000e3100000|  0%| F|  |TAMS 0x00000000e3000000| PB 0x00000000e3000000| Untracked 
|  49|0x00000000e3100000, 0x00000000e3100000, 0x00000000e3200000|  0%| F|  |TAMS 0x00000000e3100000| PB 0x00000000e3100000| Untracked 
|  50|0x00000000e3200000, 0x00000000e3200000, 0x00000000e3300000|  0%| F|  |TAMS 0x00000000e3200000| PB 0x00000000e3200000| Untracked 
|  51|0x00000000e3300000, 0x00000000e3300000, 0x00000000e3400000|  0%| F|  |TAMS 0x00000000e3300000| PB 0x00000000e3300000| Untracked 
|  52|0x00000000e3400000, 0x00000000e3400000, 0x00000000e3500000|  0%| F|  |TAMS 0x00000000e3400000| PB 0x00000000e3400000| Untracked 
|  53|0x00000000e3500000, 0x00000000e3500000, 0x00000000e3600000|  0%| F|  |TAMS 0x00000000e3500000| PB 0x00000000e3500000| Untracked 
|  54|0x00000000e3600000, 0x00000000e3600000, 0x00000000e3700000|  0%| F|  |TAMS 0x00000000e3600000| PB 0x00000000e3600000| Untracked 
|  55|0x00000000e3700000, 0x00000000e3700000, 0x00000000e3800000|  0%| F|  |TAMS 0x00000000e3700000| PB 0x00000000e3700000| Untracked 
|  56|0x00000000e3800000, 0x00000000e3800000, 0x00000000e3900000|  0%| F|  |TAMS 0x00000000e3800000| PB 0x00000000e3800000| Untracked 
|  57|0x00000000e3900000, 0x00000000e3900000, 0x00000000e3a00000|  0%| F|  |TAMS 0x00000000e3900000| PB 0x00000000e3900000| Untracked 
|  58|0x00000000e3a00000, 0x00000000e3a00000, 0x00000000e3b00000|  0%| F|  |TAMS 0x00000000e3a00000| PB 0x00000000e3a00000| Untracked 
|  59|0x00000000e3b00000, 0x00000000e3b00000, 0x00000000e3c00000|  0%| F|  |TAMS 0x00000000e3b00000| PB 0x00000000e3b00000| Untracked 
|  60|0x00000000e3c00000, 0x00000000e3c00000, 0x00000000e3d00000|  0%| F|  |TAMS 0x00000000e3c00000| PB 0x00000000e3c00000| Untracked 
|  61|0x00000000e3d00000, 0x00000000e3d00000, 0x00000000e3e00000|  0%| F|  |TAMS 0x00000000e3d00000| PB 0x00000000e3d00000| Untracked 
|  62|0x00000000e3e00000, 0x00000000e3e00000, 0x00000000e3f00000|  0%| F|  |TAMS 0x00000000e3e00000| PB 0x00000000e3e00000| Untracked 
|  63|0x00000000e3f00000, 0x00000000e3f00000, 0x00000000e4000000|  0%| F|  |TAMS 0x00000000e3f00000| PB 0x00000000e3f00000| Untracked 
|  64|0x00000000e4000000, 0x00000000e4000000, 0x00000000e4100000|  0%| F|  |TAMS 0x00000000e4000000| PB 0x00000000e4000000| Untracked 
|  65|0x00000000e4100000, 0x00000000e4100000, 0x00000000e4200000|  0%| F|  |TAMS 0x00000000e4100000| PB 0x00000000e4100000| Untracked 
|  66|0x00000000e4200000, 0x00000000e4200000, 0x00000000e4300000|  0%| F|  |TAMS 0x00000000e4200000| PB 0x00000000e4200000| Untracked 
|  67|0x00000000e4300000, 0x00000000e4300000, 0x00000000e4400000|  0%| F|  |TAMS 0x00000000e4300000| PB 0x00000000e4300000| Untracked 
|  68|0x00000000e4400000, 0x00000000e4400000, 0x00000000e4500000|  0%| F|  |TAMS 0x00000000e4400000| PB 0x00000000e4400000| Untracked 
|  69|0x00000000e4500000, 0x00000000e4500000, 0x00000000e4600000|  0%| F|  |TAMS 0x00000000e4500000| PB 0x00000000e4500000| Untracked 
|  70|0x00000000e4600000, 0x00000000e4600000, 0x00000000e4700000|  0%| F|  |TAMS 0x00000000e4600000| PB 0x00000000e4600000| Untracked 
|  71|0x00000000e4700000, 0x00000000e4700000, 0x00000000e4800000|  0%| F|  |TAMS 0x00000000e4700000| PB 0x00000000e4700000| Untracked 
|  72|0x00000000e4800000, 0x00000000e4800000, 0x00000000e4900000|  0%| F|  |TAMS 0x00000000e4800000| PB 0x00000000e4800000| Untracked 
|  73|0x00000000e4900000, 0x00000000e4900000, 0x00000000e4a00000|  0%| F|  |TAMS 0x00000000e4900000| PB 0x00000000e4900000| Untracked 
|  74|0x00000000e4a00000, 0x00000000e4a00000, 0x00000000e4b00000|  0%| F|  |TAMS 0x00000000e4a00000| PB 0x00000000e4a00000| Untracked 
|  75|0x00000000e4b00000, 0x00000000e4b00000, 0x00000000e4c00000|  0%| F|  |TAMS 0x00000000e4b00000| PB 0x00000000e4b00000| Untracked 
|  76|0x00000000e4c00000, 0x00000000e4c00000, 0x00000000e4d00000|  0%| F|  |TAMS 0x00000000e4c00000| PB 0x00000000e4c00000| Untracked 
|  77|0x00000000e4d00000, 0x00000000e4d00000, 0x00000000e4e00000|  0%| F|  |TAMS 0x00000000e4d00000| PB 0x00000000e4d00000| Untracked 
|  78|0x00000000e4e00000, 0x00000000e4e00000, 0x00000000e4f00000|  0%| F|  |TAMS 0x00000000e4e00000| PB 0x00000000e4e00000| Untracked 
|  79|0x00000000e4f00000, 0x00000000e4f00000, 0x00000000e5000000|  0%| F|  |TAMS 0x00000000e4f00000| PB 0x00000000e4f00000| Untracked 
|  80|0x00000000e5000000, 0x00000000e5000000, 0x00000000e5100000|  0%| F|  |TAMS 0x00000000e5000000| PB 0x00000000e5000000| Untracked 
|  81|0x00000000e5100000, 0x00000000e5100000, 0x00000000e5200000|  0%| F|  |TAMS 0x00000000e5100000| PB 0x00000000e5100000| Untracked 
|  82|0x00000000e5200000, 0x00000000e5200000, 0x00000000e5300000|  0%| F|  |TAMS 0x00000000e5200000| PB 0x00000000e5200000| Untracked 
|  83|0x00000000e5300000, 0x00000000e5300000, 0x00000000e5400000|  0%| F|  |TAMS 0x00000000e5300000| PB 0x00000000e5300000| Untracked 
|  84|0x00000000e5400000, 0x00000000e5400000, 0x00000000e5500000|  0%| F|  |TAMS 0x00000000e5400000| PB 0x00000000e5400000| Untracked 
|  85|0x00000000e5500000, 0x00000000e5500000, 0x00000000e5600000|  0%| F|  |TAMS 0x00000000e5500000| PB 0x00000000e5500000| Untracked 
|  86|0x00000000e5600000, 0x00000000e5600000, 0x00000000e5700000|  0%| F|  |TAMS 0x00000000e5600000| PB 0x00000000e5600000| Untracked 
|  87|0x00000000e5700000, 0x00000000e5700000, 0x00000000e5800000|  0%| F|  |TAMS 0x00000000e5700000| PB 0x00000000e5700000| Untracked 
|  88|0x00000000e5800000, 0x00000000e5800000, 0x00000000e5900000|  0%| F|  |TAMS 0x00000000e5800000| PB 0x00000000e5800000| Untracked 
|  89|0x00000000e5900000, 0x00000000e5900000, 0x00000000e5a00000|  0%| F|  |TAMS 0x00000000e5900000| PB 0x00000000e5900000| Untracked 
|  90|0x00000000e5a00000, 0x00000000e5a00000, 0x00000000e5b00000|  0%| F|  |TAMS 0x00000000e5a00000| PB 0x00000000e5a00000| Untracked 
|  91|0x00000000e5b00000, 0x00000000e5b00000, 0x00000000e5c00000|  0%| F|  |TAMS 0x00000000e5b00000| PB 0x00000000e5b00000| Untracked 
|  92|0x00000000e5c00000, 0x00000000e5c00000, 0x00000000e5d00000|  0%| F|  |TAMS 0x00000000e5c00000| PB 0x00000000e5c00000| Untracked 
|  93|0x00000000e5d00000, 0x00000000e5d00000, 0x00000000e5e00000|  0%| F|  |TAMS 0x00000000e5d00000| PB 0x00000000e5d00000| Untracked 
|  94|0x00000000e5e00000, 0x00000000e5e00000, 0x00000000e5f00000|  0%| F|  |TAMS 0x00000000e5e00000| PB 0x00000000e5e00000| Untracked 
|  95|0x00000000e5f00000, 0x00000000e5f00000, 0x00000000e6000000|  0%| F|  |TAMS 0x00000000e5f00000| PB 0x00000000e5f00000| Untracked 
|  96|0x00000000e6000000, 0x00000000e6000000, 0x00000000e6100000|  0%| F|  |TAMS 0x00000000e6000000| PB 0x00000000e6000000| Untracked 
|  97|0x00000000e6100000, 0x00000000e6100000, 0x00000000e6200000|  0%| F|  |TAMS 0x00000000e6100000| PB 0x00000000e6100000| Untracked 
|  98|0x00000000e6200000, 0x00000000e6200000, 0x00000000e6300000|  0%| F|  |TAMS 0x00000000e6200000| PB 0x00000000e6200000| Untracked 
|  99|0x00000000e6300000, 0x00000000e6300000, 0x00000000e6400000|  0%| F|  |TAMS 0x00000000e6300000| PB 0x00000000e6300000| Untracked 
| 100|0x00000000e6400000, 0x00000000e6400000, 0x00000000e6500000|  0%| F|  |TAMS 0x00000000e6400000| PB 0x00000000e6400000| Untracked 
| 101|0x00000000e6500000, 0x00000000e6500000, 0x00000000e6600000|  0%| F|  |TAMS 0x00000000e6500000| PB 0x00000000e6500000| Untracked 
| 102|0x00000000e6600000, 0x00000000e6600000, 0x00000000e6700000|  0%| F|  |TAMS 0x00000000e6600000| PB 0x00000000e6600000| Untracked 
| 103|0x00000000e6700000, 0x00000000e6700000, 0x00000000e6800000|  0%| F|  |TAMS 0x00000000e6700000| PB 0x00000000e6700000| Untracked 
| 104|0x00000000e6800000, 0x00000000e6800000, 0x00000000e6900000|  0%| F|  |TAMS 0x00000000e6800000| PB 0x00000000e6800000| Untracked 
| 105|0x00000000e6900000, 0x00000000e6900000, 0x00000000e6a00000|  0%| F|  |TAMS 0x00000000e6900000| PB 0x00000000e6900000| Untracked 
| 106|0x00000000e6a00000, 0x00000000e6a00000, 0x00000000e6b00000|  0%| F|  |TAMS 0x00000000e6a00000| PB 0x00000000e6a00000| Untracked 
| 107|0x00000000e6b00000, 0x00000000e6b00000, 0x00000000e6c00000|  0%| F|  |TAMS 0x00000000e6b00000| PB 0x00000000e6b00000| Untracked 
| 108|0x00000000e6c00000, 0x00000000e6c00000, 0x00000000e6d00000|  0%| F|  |TAMS 0x00000000e6c00000| PB 0x00000000e6c00000| Untracked 
| 109|0x00000000e6d00000, 0x00000000e6d00000, 0x00000000e6e00000|  0%| F|  |TAMS 0x00000000e6d00000| PB 0x00000000e6d00000| Untracked 
| 110|0x00000000e6e00000, 0x00000000e6e00000, 0x00000000e6f00000|  0%| F|  |TAMS 0x00000000e6e00000| PB 0x00000000e6e00000| Untracked 
| 111|0x00000000e6f00000, 0x00000000e6f00000, 0x00000000e7000000|  0%| F|  |TAMS 0x00000000e6f00000| PB 0x00000000e6f00000| Untracked 
| 112|0x00000000e7000000, 0x00000000e7000000, 0x00000000e7100000|  0%| F|  |TAMS 0x00000000e7000000| PB 0x00000000e7000000| Untracked 
| 113|0x00000000e7100000, 0x00000000e7100000, 0x00000000e7200000|  0%| F|  |TAMS 0x00000000e7100000| PB 0x00000000e7100000| Untracked 
| 114|0x00000000e7200000, 0x00000000e7200000, 0x00000000e7300000|  0%| F|  |TAMS 0x00000000e7200000| PB 0x00000000e7200000| Untracked 
| 115|0x00000000e7300000, 0x00000000e7300000, 0x00000000e7400000|  0%| F|  |TAMS 0x00000000e7300000| PB 0x00000000e7300000| Untracked 
| 116|0x00000000e7400000, 0x00000000e7400000, 0x00000000e7500000|  0%| F|  |TAMS 0x00000000e7400000| PB 0x00000000e7400000| Untracked 
| 117|0x00000000e7500000, 0x00000000e7500000, 0x00000000e7600000|  0%| F|  |TAMS 0x00000000e7500000| PB 0x00000000e7500000| Untracked 
| 118|0x00000000e7600000, 0x00000000e7600000, 0x00000000e7700000|  0%| F|  |TAMS 0x00000000e7600000| PB 0x00000000e7600000| Untracked 
| 119|0x00000000e7700000, 0x00000000e7700000, 0x00000000e7800000|  0%| F|  |TAMS 0x00000000e7700000| PB 0x00000000e7700000| Untracked 
| 120|0x00000000e7800000, 0x00000000e7800000, 0x00000000e7900000|  0%| F|  |TAMS 0x00000000e7800000| PB 0x00000000e7800000| Untracked 
| 121|0x00000000e7900000, 0x00000000e7900000, 0x00000000e7a00000|  0%| F|  |TAMS 0x00000000e7900000| PB 0x00000000e7900000| Untracked 
| 122|0x00000000e7a00000, 0x00000000e7a00000, 0x00000000e7b00000|  0%| F|  |TAMS 0x00000000e7a00000| PB 0x00000000e7a00000| Untracked 
| 123|0x00000000e7b00000, 0x00000000e7b00000, 0x00000000e7c00000|  0%| F|  |TAMS 0x00000000e7b00000| PB 0x00000000e7b00000| Untracked 
| 124|0x00000000e7c00000, 0x00000000e7c00000, 0x00000000e7d00000|  0%| F|  |TAMS 0x00000000e7c00000| PB 0x00000000e7c00000| Untracked 
| 125|0x00000000e7d00000, 0x00000000e7d00000, 0x00000000e7e00000|  0%| F|  |TAMS 0x00000000e7d00000| PB 0x00000000e7d00000| Untracked 
| 126|0x00000000e7e00000, 0x00000000e7e00000, 0x00000000e7f00000|  0%| F|  |TAMS 0x00000000e7e00000| PB 0x00000000e7e00000| Untracked 
| 127|0x00000000e7f00000, 0x00000000e7f00000, 0x00000000e8000000|  0%| F|  |TAMS 0x00000000e7f00000| PB 0x00000000e7f00000| Untracked 
| 128|0x00000000e8000000, 0x00000000e8000000, 0x00000000e8100000|  0%| F|  |TAMS 0x00000000e8000000| PB 0x00000000e8000000| Untracked 
| 129|0x00000000e8100000, 0x00000000e8100000, 0x00000000e8200000|  0%| F|  |TAMS 0x00000000e8100000| PB 0x00000000e8100000| Untracked 
| 130|0x00000000e8200000, 0x00000000e8200000, 0x00000000e8300000|  0%| F|  |TAMS 0x00000000e8200000| PB 0x00000000e8200000| Untracked 
| 131|0x00000000e8300000, 0x00000000e8300000, 0x00000000e8400000|  0%| F|  |TAMS 0x00000000e8300000| PB 0x00000000e8300000| Untracked 
| 132|0x00000000e8400000, 0x00000000e8400000, 0x00000000e8500000|  0%| F|  |TAMS 0x00000000e8400000| PB 0x00000000e8400000| Untracked 
| 133|0x00000000e8500000, 0x00000000e8500000, 0x00000000e8600000|  0%| F|  |TAMS 0x00000000e8500000| PB 0x00000000e8500000| Untracked 
| 134|0x00000000e8600000, 0x00000000e8600000, 0x00000000e8700000|  0%| F|  |TAMS 0x00000000e8600000| PB 0x00000000e8600000| Untracked 
| 135|0x00000000e8700000, 0x00000000e8700000, 0x00000000e8800000|  0%| F|  |TAMS 0x00000000e8700000| PB 0x00000000e8700000| Untracked 
| 136|0x00000000e8800000, 0x00000000e8800000, 0x00000000e8900000|  0%| F|  |TAMS 0x00000000e8800000| PB 0x00000000e8800000| Untracked 
| 137|0x00000000e8900000, 0x00000000e8900000, 0x00000000e8a00000|  0%| F|  |TAMS 0x00000000e8900000| PB 0x00000000e8900000| Untracked 
| 138|0x00000000e8a00000, 0x00000000e8a00000, 0x00000000e8b00000|  0%| F|  |TAMS 0x00000000e8a00000| PB 0x00000000e8a00000| Untracked 
| 139|0x00000000e8b00000, 0x00000000e8b00000, 0x00000000e8c00000|  0%| F|  |TAMS 0x00000000e8b00000| PB 0x00000000e8b00000| Untracked 
| 140|0x00000000e8c00000, 0x00000000e8c00000, 0x00000000e8d00000|  0%| F|  |TAMS 0x00000000e8c00000| PB 0x00000000e8c00000| Untracked 
| 141|0x00000000e8d00000, 0x00000000e8d00000, 0x00000000e8e00000|  0%| F|  |TAMS 0x00000000e8d00000| PB 0x00000000e8d00000| Untracked 
| 142|0x00000000e8e00000, 0x00000000e8e00000, 0x00000000e8f00000|  0%| F|  |TAMS 0x00000000e8e00000| PB 0x00000000e8e00000| Untracked 
| 143|0x00000000e8f00000, 0x00000000e8f00000, 0x00000000e9000000|  0%| F|  |TAMS 0x00000000e8f00000| PB 0x00000000e8f00000| Untracked 
| 144|0x00000000e9000000, 0x00000000e9000000, 0x00000000e9100000|  0%| F|  |TAMS 0x00000000e9000000| PB 0x00000000e9000000| Untracked 
| 145|0x00000000e9100000, 0x00000000e9100000, 0x00000000e9200000|  0%| F|  |TAMS 0x00000000e9100000| PB 0x00000000e9100000| Untracked 
| 146|0x00000000e9200000, 0x00000000e9200000, 0x00000000e9300000|  0%| F|  |TAMS 0x00000000e9200000| PB 0x00000000e9200000| Untracked 
| 147|0x00000000e9300000, 0x00000000e9300000, 0x00000000e9400000|  0%| F|  |TAMS 0x00000000e9300000| PB 0x00000000e9300000| Untracked 
| 148|0x00000000e9400000, 0x00000000e9400000, 0x00000000e9500000|  0%| F|  |TAMS 0x00000000e9400000| PB 0x00000000e9400000| Untracked 
| 149|0x00000000e9500000, 0x00000000e9500000, 0x00000000e9600000|  0%| F|  |TAMS 0x00000000e9500000| PB 0x00000000e9500000| Untracked 
| 150|0x00000000e9600000, 0x00000000e9600000, 0x00000000e9700000|  0%| F|  |TAMS 0x00000000e9600000| PB 0x00000000e9600000| Untracked 
| 151|0x00000000e9700000, 0x00000000e9700000, 0x00000000e9800000|  0%| F|  |TAMS 0x00000000e9700000| PB 0x00000000e9700000| Untracked 
| 152|0x00000000e9800000, 0x00000000e9800000, 0x00000000e9900000|  0%| F|  |TAMS 0x00000000e9800000| PB 0x00000000e9800000| Untracked 
| 153|0x00000000e9900000, 0x00000000e9900000, 0x00000000e9a00000|  0%| F|  |TAMS 0x00000000e9900000| PB 0x00000000e9900000| Untracked 
| 154|0x00000000e9a00000, 0x00000000e9a00000, 0x00000000e9b00000|  0%| F|  |TAMS 0x00000000e9a00000| PB 0x00000000e9a00000| Untracked 
| 155|0x00000000e9b00000, 0x00000000e9b00000, 0x00000000e9c00000|  0%| F|  |TAMS 0x00000000e9b00000| PB 0x00000000e9b00000| Untracked 
| 156|0x00000000e9c00000, 0x00000000e9c00000, 0x00000000e9d00000|  0%| F|  |TAMS 0x00000000e9c00000| PB 0x00000000e9c00000| Untracked 
| 157|0x00000000e9d00000, 0x00000000e9d00000, 0x00000000e9e00000|  0%| F|  |TAMS 0x00000000e9d00000| PB 0x00000000e9d00000| Untracked 
| 158|0x00000000e9e00000, 0x00000000e9e00000, 0x00000000e9f00000|  0%| F|  |TAMS 0x00000000e9e00000| PB 0x00000000e9e00000| Untracked 
| 159|0x00000000e9f00000, 0x00000000e9f00000, 0x00000000ea000000|  0%| F|  |TAMS 0x00000000e9f00000| PB 0x00000000e9f00000| Untracked 
| 160|0x00000000ea000000, 0x00000000ea000000, 0x00000000ea100000|  0%| F|  |TAMS 0x00000000ea000000| PB 0x00000000ea000000| Untracked 
| 161|0x00000000ea100000, 0x00000000ea100000, 0x00000000ea200000|  0%| F|  |TAMS 0x00000000ea100000| PB 0x00000000ea100000| Untracked 
| 162|0x00000000ea200000, 0x00000000ea200000, 0x00000000ea300000|  0%| F|  |TAMS 0x00000000ea200000| PB 0x00000000ea200000| Untracked 
| 163|0x00000000ea300000, 0x00000000ea300000, 0x00000000ea400000|  0%| F|  |TAMS 0x00000000ea300000| PB 0x00000000ea300000| Untracked 
| 164|0x00000000ea400000, 0x00000000ea400000, 0x00000000ea500000|  0%| F|  |TAMS 0x00000000ea400000| PB 0x00000000ea400000| Untracked 
| 165|0x00000000ea500000, 0x00000000ea500000, 0x00000000ea600000|  0%| F|  |TAMS 0x00000000ea500000| PB 0x00000000ea500000| Untracked 
| 166|0x00000000ea600000, 0x00000000ea600000, 0x00000000ea700000|  0%| F|  |TAMS 0x00000000ea600000| PB 0x00000000ea600000| Untracked 
| 167|0x00000000ea700000, 0x00000000ea700000, 0x00000000ea800000|  0%| F|  |TAMS 0x00000000ea700000| PB 0x00000000ea700000| Untracked 
| 168|0x00000000ea800000, 0x00000000ea800000, 0x00000000ea900000|  0%| F|  |TAMS 0x00000000ea800000| PB 0x00000000ea800000| Untracked 
| 169|0x00000000ea900000, 0x00000000ea900000, 0x00000000eaa00000|  0%| F|  |TAMS 0x00000000ea900000| PB 0x00000000ea900000| Untracked 
| 170|0x00000000eaa00000, 0x00000000eaa00000, 0x00000000eab00000|  0%| F|  |TAMS 0x00000000eaa00000| PB 0x00000000eaa00000| Untracked 
| 171|0x00000000eab00000, 0x00000000eab00000, 0x00000000eac00000|  0%| F|  |TAMS 0x00000000eab00000| PB 0x00000000eab00000| Untracked 
| 172|0x00000000eac00000, 0x00000000eac00000, 0x00000000ead00000|  0%| F|  |TAMS 0x00000000eac00000| PB 0x00000000eac00000| Untracked 
| 173|0x00000000ead00000, 0x00000000ead00000, 0x00000000eae00000|  0%| F|  |TAMS 0x00000000ead00000| PB 0x00000000ead00000| Untracked 
| 174|0x00000000eae00000, 0x00000000eae00000, 0x00000000eaf00000|  0%| F|  |TAMS 0x00000000eae00000| PB 0x00000000eae00000| Untracked 
| 175|0x00000000eaf00000, 0x00000000eaf00000, 0x00000000eb000000|  0%| F|  |TAMS 0x00000000eaf00000| PB 0x00000000eaf00000| Untracked 
| 176|0x00000000eb000000, 0x00000000eb000000, 0x00000000eb100000|  0%| F|  |TAMS 0x00000000eb000000| PB 0x00000000eb000000| Untracked 
| 177|0x00000000eb100000, 0x00000000eb100000, 0x00000000eb200000|  0%| F|  |TAMS 0x00000000eb100000| PB 0x00000000eb100000| Untracked 
| 178|0x00000000eb200000, 0x00000000eb200000, 0x00000000eb300000|  0%| F|  |TAMS 0x00000000eb200000| PB 0x00000000eb200000| Untracked 
| 179|0x00000000eb300000, 0x00000000eb300000, 0x00000000eb400000|  0%| F|  |TAMS 0x00000000eb300000| PB 0x00000000eb300000| Untracked 
| 180|0x00000000eb400000, 0x00000000eb400000, 0x00000000eb500000|  0%| F|  |TAMS 0x00000000eb400000| PB 0x00000000eb400000| Untracked 
| 181|0x00000000eb500000, 0x00000000eb500000, 0x00000000eb600000|  0%| F|  |TAMS 0x00000000eb500000| PB 0x00000000eb500000| Untracked 
| 182|0x00000000eb600000, 0x00000000eb600000, 0x00000000eb700000|  0%| F|  |TAMS 0x00000000eb600000| PB 0x00000000eb600000| Untracked 
| 183|0x00000000eb700000, 0x00000000eb700000, 0x00000000eb800000|  0%| F|  |TAMS 0x00000000eb700000| PB 0x00000000eb700000| Untracked 
| 184|0x00000000eb800000, 0x00000000eb800000, 0x00000000eb900000|  0%| F|  |TAMS 0x00000000eb800000| PB 0x00000000eb800000| Untracked 
| 185|0x00000000eb900000, 0x00000000eb900000, 0x00000000eba00000|  0%| F|  |TAMS 0x00000000eb900000| PB 0x00000000eb900000| Untracked 
| 186|0x00000000eba00000, 0x00000000eba00000, 0x00000000ebb00000|  0%| F|  |TAMS 0x00000000eba00000| PB 0x00000000eba00000| Untracked 
| 187|0x00000000ebb00000, 0x00000000ebb00000, 0x00000000ebc00000|  0%| F|  |TAMS 0x00000000ebb00000| PB 0x00000000ebb00000| Untracked 
| 188|0x00000000ebc00000, 0x00000000ebc00000, 0x00000000ebd00000|  0%| F|  |TAMS 0x00000000ebc00000| PB 0x00000000ebc00000| Untracked 
| 189|0x00000000ebd00000, 0x00000000ebd00000, 0x00000000ebe00000|  0%| F|  |TAMS 0x00000000ebd00000| PB 0x00000000ebd00000| Untracked 
| 190|0x00000000ebe00000, 0x00000000ebe00000, 0x00000000ebf00000|  0%| F|  |TAMS 0x00000000ebe00000| PB 0x00000000ebe00000| Untracked 
| 191|0x00000000ebf00000, 0x00000000ebf00000, 0x00000000ec000000|  0%| F|  |TAMS 0x00000000ebf00000| PB 0x00000000ebf00000| Untracked 
| 192|0x00000000ec000000, 0x00000000ec000000, 0x00000000ec100000|  0%| F|  |TAMS 0x00000000ec000000| PB 0x00000000ec000000| Untracked 
| 193|0x00000000ec100000, 0x00000000ec100000, 0x00000000ec200000|  0%| F|  |TAMS 0x00000000ec100000| PB 0x00000000ec100000| Untracked 
| 194|0x00000000ec200000, 0x00000000ec200000, 0x00000000ec300000|  0%| F|  |TAMS 0x00000000ec200000| PB 0x00000000ec200000| Untracked 
| 195|0x00000000ec300000, 0x00000000ec300000, 0x00000000ec400000|  0%| F|  |TAMS 0x00000000ec300000| PB 0x00000000ec300000| Untracked 
| 196|0x00000000ec400000, 0x00000000ec400000, 0x00000000ec500000|  0%| F|  |TAMS 0x00000000ec400000| PB 0x00000000ec400000| Untracked 
| 197|0x00000000ec500000, 0x00000000ec500000, 0x00000000ec600000|  0%| F|  |TAMS 0x00000000ec500000| PB 0x00000000ec500000| Untracked 
| 198|0x00000000ec600000, 0x00000000ec600000, 0x00000000ec700000|  0%| F|  |TAMS 0x00000000ec600000| PB 0x00000000ec600000| Untracked 
| 199|0x00000000ec700000, 0x00000000ec700000, 0x00000000ec800000|  0%| F|  |TAMS 0x00000000ec700000| PB 0x00000000ec700000| Untracked 
| 200|0x00000000ec800000, 0x00000000ec800000, 0x00000000ec900000|  0%| F|  |TAMS 0x00000000ec800000| PB 0x00000000ec800000| Untracked 
| 201|0x00000000ec900000, 0x00000000ec900000, 0x00000000eca00000|  0%| F|  |TAMS 0x00000000ec900000| PB 0x00000000ec900000| Untracked 
| 202|0x00000000eca00000, 0x00000000eca00000, 0x00000000ecb00000|  0%| F|  |TAMS 0x00000000eca00000| PB 0x00000000eca00000| Untracked 
| 203|0x00000000ecb00000, 0x00000000ecc00000, 0x00000000ecc00000|100%| E|  |TAMS 0x00000000ecb00000| PB 0x00000000ecb00000| Complete 
| 204|0x00000000ecc00000, 0x00000000ecd00000, 0x00000000ecd00000|100%| E|CS|TAMS 0x00000000ecc00000| PB 0x00000000ecc00000| Complete 
| 205|0x00000000ecd00000, 0x00000000ece00000, 0x00000000ece00000|100%| E|CS|TAMS 0x00000000ecd00000| PB 0x00000000ecd00000| Complete 
| 206|0x00000000ece00000, 0x00000000ecf00000, 0x00000000ecf00000|100%| E|CS|TAMS 0x00000000ece00000| PB 0x00000000ece00000| Complete 
| 207|0x00000000ecf00000, 0x00000000ed000000, 0x00000000ed000000|100%| E|CS|TAMS 0x00000000ecf00000| PB 0x00000000ecf00000| Complete 
| 208|0x00000000ed000000, 0x00000000ed100000, 0x00000000ed100000|100%| E|CS|TAMS 0x00000000ed000000| PB 0x00000000ed000000| Complete 
| 209|0x00000000ed100000, 0x00000000ed200000, 0x00000000ed200000|100%| E|CS|TAMS 0x00000000ed100000| PB 0x00000000ed100000| Complete 
| 210|0x00000000ed200000, 0x00000000ed300000, 0x00000000ed300000|100%| E|CS|TAMS 0x00000000ed200000| PB 0x00000000ed200000| Complete 
| 211|0x00000000ed300000, 0x00000000ed400000, 0x00000000ed400000|100%| E|CS|TAMS 0x00000000ed300000| PB 0x00000000ed300000| Complete 
| 212|0x00000000ed400000, 0x00000000ed500000, 0x00000000ed500000|100%| E|CS|TAMS 0x00000000ed400000| PB 0x00000000ed400000| Complete 
| 213|0x00000000ed500000, 0x00000000ed600000, 0x00000000ed600000|100%| E|CS|TAMS 0x00000000ed500000| PB 0x00000000ed500000| Complete 
| 214|0x00000000ed600000, 0x00000000ed700000, 0x00000000ed700000|100%| E|CS|TAMS 0x00000000ed600000| PB 0x00000000ed600000| Complete 
| 215|0x00000000ed700000, 0x00000000ed800000, 0x00000000ed800000|100%| E|CS|TAMS 0x00000000ed700000| PB 0x00000000ed700000| Complete 
| 216|0x00000000ed800000, 0x00000000ed900000, 0x00000000ed900000|100%| E|CS|TAMS 0x00000000ed800000| PB 0x00000000ed800000| Complete 
| 217|0x00000000ed900000, 0x00000000eda00000, 0x00000000eda00000|100%| E|CS|TAMS 0x00000000ed900000| PB 0x00000000ed900000| Complete 
| 218|0x00000000eda00000, 0x00000000edb00000, 0x00000000edb00000|100%| E|CS|TAMS 0x00000000eda00000| PB 0x00000000eda00000| Complete 
| 219|0x00000000edb00000, 0x00000000edc00000, 0x00000000edc00000|100%| E|CS|TAMS 0x00000000edb00000| PB 0x00000000edb00000| Complete 
| 220|0x00000000edc00000, 0x00000000edd00000, 0x00000000edd00000|100%| E|CS|TAMS 0x00000000edc00000| PB 0x00000000edc00000| Complete 
| 221|0x00000000edd00000, 0x00000000edd4e148, 0x00000000ede00000| 30%| S|CS|TAMS 0x00000000edd00000| PB 0x00000000edd00000| Complete 
| 222|0x00000000ede00000, 0x00000000edf00000, 0x00000000edf00000|100%| S|CS|TAMS 0x00000000ede00000| PB 0x00000000ede00000| Complete 
| 223|0x00000000edf00000, 0x00000000ee000000, 0x00000000ee000000|100%| S|CS|TAMS 0x00000000edf00000| PB 0x00000000edf00000| Complete 
| 224|0x00000000ee000000, 0x00000000ee100000, 0x00000000ee100000|100%| E|CS|TAMS 0x00000000ee000000| PB 0x00000000ee000000| Complete 
| 225|0x00000000ee100000, 0x00000000ee200000, 0x00000000ee200000|100%| E|CS|TAMS 0x00000000ee100000| PB 0x00000000ee100000| Complete 
| 226|0x00000000ee200000, 0x00000000ee300000, 0x00000000ee300000|100%| E|CS|TAMS 0x00000000ee200000| PB 0x00000000ee200000| Complete 
| 227|0x00000000ee300000, 0x00000000ee400000, 0x00000000ee400000|100%| E|CS|TAMS 0x00000000ee300000| PB 0x00000000ee300000| Complete 
| 228|0x00000000ee400000, 0x00000000ee500000, 0x00000000ee500000|100%| E|CS|TAMS 0x00000000ee400000| PB 0x00000000ee400000| Complete 
| 229|0x00000000ee500000, 0x00000000ee600000, 0x00000000ee600000|100%| E|CS|TAMS 0x00000000ee500000| PB 0x00000000ee500000| Complete 
| 230|0x00000000ee600000, 0x00000000ee700000, 0x00000000ee700000|100%| E|CS|TAMS 0x00000000ee600000| PB 0x00000000ee600000| Complete 
| 231|0x00000000ee700000, 0x00000000ee800000, 0x00000000ee800000|100%| E|CS|TAMS 0x00000000ee700000| PB 0x00000000ee700000| Complete 
| 232|0x00000000ee800000, 0x00000000ee900000, 0x00000000ee900000|100%| E|CS|TAMS 0x00000000ee800000| PB 0x00000000ee800000| Complete 
| 233|0x00000000ee900000, 0x00000000eea00000, 0x00000000eea00000|100%| E|CS|TAMS 0x00000000ee900000| PB 0x00000000ee900000| Complete 
| 234|0x00000000eea00000, 0x00000000eeb00000, 0x00000000eeb00000|100%| E|CS|TAMS 0x00000000eea00000| PB 0x00000000eea00000| Complete 
| 235|0x00000000eeb00000, 0x00000000eec00000, 0x00000000eec00000|100%| E|CS|TAMS 0x00000000eeb00000| PB 0x00000000eeb00000| Complete 
| 236|0x00000000eec00000, 0x00000000eed00000, 0x00000000eed00000|100%| E|CS|TAMS 0x00000000eec00000| PB 0x00000000eec00000| Complete 
| 237|0x00000000eed00000, 0x00000000eee00000, 0x00000000eee00000|100%| E|CS|TAMS 0x00000000eed00000| PB 0x00000000eed00000| Complete 
| 238|0x00000000eee00000, 0x00000000eef00000, 0x00000000eef00000|100%| E|CS|TAMS 0x00000000eee00000| PB 0x00000000eee00000| Complete 
| 239|0x00000000eef00000, 0x00000000ef000000, 0x00000000ef000000|100%| E|CS|TAMS 0x00000000eef00000| PB 0x00000000eef00000| Complete 
| 240|0x00000000ef000000, 0x00000000ef100000, 0x00000000ef100000|100%| E|CS|TAMS 0x00000000ef000000| PB 0x00000000ef000000| Complete 
| 241|0x00000000ef100000, 0x00000000ef200000, 0x00000000ef200000|100%| E|CS|TAMS 0x00000000ef100000| PB 0x00000000ef100000| Complete 
| 242|0x00000000ef200000, 0x00000000ef300000, 0x00000000ef300000|100%| E|CS|TAMS 0x00000000ef200000| PB 0x00000000ef200000| Complete 
| 243|0x00000000ef300000, 0x00000000ef400000, 0x00000000ef400000|100%| E|CS|TAMS 0x00000000ef300000| PB 0x00000000ef300000| Complete 
| 244|0x00000000ef400000, 0x00000000ef500000, 0x00000000ef500000|100%| E|CS|TAMS 0x00000000ef400000| PB 0x00000000ef400000| Complete 
| 245|0x00000000ef500000, 0x00000000ef600000, 0x00000000ef600000|100%| E|CS|TAMS 0x00000000ef500000| PB 0x00000000ef500000| Complete 
| 246|0x00000000ef600000, 0x00000000ef700000, 0x00000000ef700000|100%| E|CS|TAMS 0x00000000ef600000| PB 0x00000000ef600000| Complete 
| 247|0x00000000ef700000, 0x00000000ef800000, 0x00000000ef800000|100%| E|CS|TAMS 0x00000000ef700000| PB 0x00000000ef700000| Complete 
| 248|0x00000000ef800000, 0x00000000ef900000, 0x00000000ef900000|100%| E|CS|TAMS 0x00000000ef800000| PB 0x00000000ef800000| Complete 
| 249|0x00000000ef900000, 0x00000000efa00000, 0x00000000efa00000|100%| E|CS|TAMS 0x00000000ef900000| PB 0x00000000ef900000| Complete 
| 250|0x00000000efa00000, 0x00000000efb00000, 0x00000000efb00000|100%| E|CS|TAMS 0x00000000efa00000| PB 0x00000000efa00000| Complete 
| 251|0x00000000efb00000, 0x00000000efc00000, 0x00000000efc00000|100%| E|CS|TAMS 0x00000000efb00000| PB 0x00000000efb00000| Complete 
| 252|0x00000000efc00000, 0x00000000efd00000, 0x00000000efd00000|100%| E|CS|TAMS 0x00000000efc00000| PB 0x00000000efc00000| Complete 
| 253|0x00000000efd00000, 0x00000000efe00000, 0x00000000efe00000|100%| E|CS|TAMS 0x00000000efd00000| PB 0x00000000efd00000| Complete 
| 254|0x00000000efe00000, 0x00000000eff00000, 0x00000000eff00000|100%| E|CS|TAMS 0x00000000efe00000| PB 0x00000000efe00000| Complete 
| 255|0x00000000eff00000, 0x00000000f0000000, 0x00000000f0000000|100%| E|CS|TAMS 0x00000000eff00000| PB 0x00000000eff00000| Complete 

Card table byte_map: [0x000001bbf78f0000,0x000001bbf79f0000] _byte_map_base: 0x000001bbf71f0000

Marking Bits: (CMBitMap*) 0x000001bbe571c2b0
 Bits: [0x000001bbf79f0000, 0x000001bbf81f0000)

Polling page: 0x000001bbe3560000

Metaspace:

Usage:
  Non-class:     22.62 MB used.
      Class:      3.95 MB used.
       Both:     26.57 MB used.

Virtual space:
  Non-class space:       64.00 MB reserved,      23.12 MB ( 36%) committed,  1 nodes.
      Class space:      320.00 MB reserved,       4.44 MB (  1%) committed,  1 nodes.
             Both:      384.00 MB reserved,      27.56 MB (  7%) committed. 

Chunk freelists:
   Non-Class:  8.27 MB
       Class:  11.60 MB
        Both:  19.87 MB

MaxMetaspaceSize: 384.00 MB
CompressedClassSpaceSize: 320.00 MB
Initial GC threshold: 21.00 MB
Current GC threshold: 35.12 MB
CDS: on
 - commit_granule_bytes: 65536.
 - commit_granule_words: 8192.
 - virtual_space_node_default_size: 8388608.
 - enlarge_chunks_in_place: 1.
 - use_allocation_guard: 0.


Internal statistics:

num_allocs_failed_limit: 3.
num_arena_births: 1702.
num_arena_deaths: 0.
num_vsnodes_births: 2.
num_vsnodes_deaths: 0.
num_space_committed: 441.
num_space_uncommitted: 0.
num_chunks_returned_to_freelist: 3.
num_chunks_taken_from_freelist: 2959.
num_chunk_merges: 3.
num_chunk_splits: 1916.
num_chunks_enlarged: 1151.
num_inconsistent_stats: 0.

CodeHeap 'non-profiled nmethods': size=120000Kb used=1832Kb max_used=1832Kb free=118167Kb
 bounds [0x000001bbf03c0000, 0x000001bbf0630000, 0x000001bbf78f0000]
CodeHeap 'profiled nmethods': size=120000Kb used=6894Kb max_used=6894Kb free=113105Kb
 bounds [0x000001bbe88f0000, 0x000001bbe8fb0000, 0x000001bbefe20000]
CodeHeap 'non-nmethods': size=5760Kb used=1439Kb max_used=1458Kb free=4320Kb
 bounds [0x000001bbefe20000, 0x000001bbf0090000, 0x000001bbf03c0000]
CodeCache: size=245760Kb, used=10165Kb, max_used=10184Kb, free=235592Kb
 total_blobs=4036, nmethods=3444, adapters=496, full_count=0
Compilation: enabled, stopped_count=0, restarted_count=0

Compilation events (20 events):
Event: 77.840 Thread 0x000001bbfa872eb0 nmethod 3447 0x000001bbe8fa8a90 code [0x000001bbe8fa8d40, 0x000001bbe8fa9810]
Event: 77.842 Thread 0x000001bbfa872eb0 3448       3       org.objectweb.asm.Type::appendDescriptor (90 bytes)
Event: 77.843 Thread 0x000001bbfa872eb0 nmethod 3448 0x000001bbe8fa9b10 code [0x000001bbe8fa9d40, 0x000001bbe8faa288]
Event: 77.846 Thread 0x000001bbfa872eb0 3449       3       org.objectweb.asm.MethodWriter::endCurrentBasicBlockWithNoSuccessor (98 bytes)
Event: 77.846 Thread 0x000001bbfa872eb0 nmethod 3449 0x000001bbe8faa490 code [0x000001bbe8faa680, 0x000001bbe8faace8]
Event: 77.847 Thread 0x000001bbfa872eb0 3450       3       org.objectweb.asm.Type::getInternalName (12 bytes)
Event: 77.848 Thread 0x000001bbfa872eb0 nmethod 3450 0x000001bbe8faaf10 code [0x000001bbe8fab0e0, 0x000001bbe8fab2f0]
Event: 77.974 Thread 0x000001bbfa872eb0 3451       1       com.sun.management.internal.PlatformMBeanProviderImpl$2::mbeanInterfaceNames (5 bytes)
Event: 77.974 Thread 0x000001bbfa872eb0 nmethod 3451 0x000001bbf0589490 code [0x000001bbf0589620, 0x000001bbf05896e8]
Event: 77.974 Thread 0x000001bbfa872eb0 3452       1       com.sun.management.internal.PlatformMBeanProviderImpl$3::mbeanInterfaceNames (5 bytes)
Event: 77.974 Thread 0x000001bbfa872eb0 nmethod 3452 0x000001bbf0589790 code [0x000001bbf0589920, 0x000001bbf05899e8]
Event: 77.974 Thread 0x000001bbfa872eb0 3453       1       java.lang.management.DefaultPlatformMBeanProvider$5::mbeanInterfaceNames (5 bytes)
Event: 77.974 Thread 0x000001bbfa872eb0 nmethod 3453 0x000001bbf0589a90 code [0x000001bbf0589c20, 0x000001bbf0589ce8]
Event: 77.974 Thread 0x000001bbfa872eb0 3454       1       java.lang.management.DefaultPlatformMBeanProvider$6::mbeanInterfaceNames (5 bytes)
Event: 77.974 Thread 0x000001bbfa872eb0 nmethod 3454 0x000001bbf0589d90 code [0x000001bbf0589f20, 0x000001bbf0589fe8]
Event: 77.975 Thread 0x000001bbfa872eb0 3455       3       org.gradle.internal.time.TimeSource$1::nanoTime (4 bytes)
Event: 77.975 Thread 0x000001bbfa872eb0 nmethod 3455 0x000001bbe8fab410 code [0x000001bbe8fab5c0, 0x000001bbe8fab6f0]
Event: 78.583 Thread 0x000001bbfa872eb0 3456       3       com.google.common.collect.ImmutableCollection$Builder::<init> (5 bytes)
Event: 78.583 Thread 0x000001bbfa872eb0 nmethod 3456 0x000001bbe8fab790 code [0x000001bbe8fab940, 0x000001bbe8fabaa8]
Event: 78.587 Thread 0x000001bbfa80d9b0 3458       4       jdk.internal.org.objectweb.asm.Frame::setInputFrameFromDescriptor (175 bytes)

GC Heap History (10 events):
Event: 3.477 GC heap before
{Heap before GC invocations=0 (full 0):
 garbage-first heap   total 262144K, used 13312K [0x00000000e0000000, 0x0000000100000000)
  region size 1024K, 13 young (13312K), 0 survivors (0K)
 Metaspace       used 941K, committed 1024K, reserved 393216K
  class space    used 71K, committed 128K, reserved 327680K
}
Event: 4.115 GC heap after
{Heap after GC invocations=1 (full 0):
 garbage-first heap   total 262144K, used 2594K [0x00000000e0000000, 0x0000000100000000)
  region size 1024K, 2 young (2048K), 2 survivors (2048K)
 Metaspace       used 941K, committed 1024K, reserved 393216K
  class space    used 71K, committed 128K, reserved 327680K
}
Event: 8.658 GC heap before
{Heap before GC invocations=1 (full 0):
 garbage-first heap   total 262144K, used 23074K [0x00000000e0000000, 0x0000000100000000)
  region size 1024K, 19 young (19456K), 2 survivors (2048K)
 Metaspace       used 4302K, committed 4544K, reserved 393216K
  class space    used 559K, committed 704K, reserved 327680K
}
Event: 8.665 GC heap after
{Heap after GC invocations=2 (full 0):
 garbage-first heap   total 262144K, used 11883K [0x00000000e0000000, 0x0000000100000000)
  region size 1024K, 3 young (3072K), 3 survivors (3072K)
 Metaspace       used 4302K, committed 4544K, reserved 393216K
  class space    used 559K, committed 704K, reserved 327680K
}
Event: 12.236 GC heap before
{Heap before GC invocations=2 (full 0):
 garbage-first heap   total 262144K, used 37483K [0x00000000e0000000, 0x0000000100000000)
  region size 1024K, 26 young (26624K), 3 survivors (3072K)
 Metaspace       used 4680K, committed 4864K, reserved 393216K
  class space    used 592K, committed 704K, reserved 327680K
}
Event: 12.242 GC heap after
{Heap after GC invocations=3 (full 0):
 garbage-first heap   total 262144K, used 14879K [0x00000000e0000000, 0x0000000100000000)
  region size 1024K, 2 young (2048K), 2 survivors (2048K)
 Metaspace       used 4680K, committed 4864K, reserved 393216K
  class space    used 592K, committed 704K, reserved 327680K
}
Event: 27.715 GC heap before
{Heap before GC invocations=3 (full 0):
 garbage-first heap   total 262144K, used 92703K [0x00000000e0000000, 0x0000000100000000)
  region size 1024K, 79 young (80896K), 2 survivors (2048K)
 Metaspace       used 16292K, committed 16704K, reserved 393216K
  class space    used 2236K, committed 2432K, reserved 327680K
}
Event: 27.730 GC heap after
{Heap after GC invocations=4 (full 0):
 garbage-first heap   total 262144K, used 22784K [0x00000000e0000000, 0x0000000100000000)
  region size 1024K, 10 young (10240K), 10 survivors (10240K)
 Metaspace       used 16292K, committed 16704K, reserved 393216K
  class space    used 2236K, committed 2432K, reserved 327680K
}
Event: 36.623 GC heap before
{Heap before GC invocations=4 (full 0):
 garbage-first heap   total 262144K, used 54528K [0x00000000e0000000, 0x0000000100000000)
  region size 1024K, 42 young (43008K), 10 survivors (10240K)
 Metaspace       used 20857K, committed 21504K, reserved 393216K
  class space    used 2987K, committed 3328K, reserved 327680K
}
Event: 36.637 GC heap after
{Heap after GC invocations=5 (full 0):
 garbage-first heap   total 262144K, used 24838K [0x00000000e0000000, 0x0000000100000000)
  region size 1024K, 3 young (3072K), 3 survivors (3072K)
 Metaspace       used 20857K, committed 21504K, reserved 393216K
  class space    used 2987K, committed 3328K, reserved 327680K
}

Dll operation events (20 events):
Event: 1.027 Attempting to load shared library C:\Users\sampa\.vscode\extensions\redhat.java-1.56.0-win32-x64\jre\21.0.12.1-win32-x86_64\bin\nio.dll
Event: 1.028 Loaded shared library C:\Users\sampa\.vscode\extensions\redhat.java-1.56.0-win32-x64\jre\21.0.12.1-win32-x86_64\bin\nio.dll
Event: 1.034 Attempting to load shared library C:\Users\sampa\.vscode\extensions\redhat.java-1.56.0-win32-x64\jre\21.0.12.1-win32-x86_64\bin\zip.dll
Event: 1.034 Loaded shared library C:\Users\sampa\.vscode\extensions\redhat.java-1.56.0-win32-x64\jre\21.0.12.1-win32-x86_64\bin\zip.dll
Event: 2.764 Attempting to load shared library C:\Users\sampa\.vscode\extensions\redhat.java-1.56.0-win32-x64\jre\21.0.12.1-win32-x86_64\bin\jimage.dll
Event: 2.764 Loaded shared library C:\Users\sampa\.vscode\extensions\redhat.java-1.56.0-win32-x64\jre\21.0.12.1-win32-x86_64\bin\jimage.dll
Event: 5.826 Attempting to load shared library C:\Users\sampa\.vscode\extensions\redhat.java-1.56.0-win32-x64\jre\21.0.12.1-win32-x86_64\bin\verify.dll
Event: 5.827 Loaded shared library C:\Users\sampa\.vscode\extensions\redhat.java-1.56.0-win32-x64\jre\21.0.12.1-win32-x86_64\bin\verify.dll
Event: 6.331 Attempting to load shared library C:\Users\sampa\.gradle\native\660c5614fbf4a5f2a75b1949f50a0caf5cd603558e7d8a26e50b933a0cfb79d1\windows-amd64\native-platform.dll
Event: 6.333 Loaded shared library C:\Users\sampa\.gradle\native\660c5614fbf4a5f2a75b1949f50a0caf5cd603558e7d8a26e50b933a0cfb79d1\windows-amd64\native-platform.dll
Event: 6.362 Attempting to load shared library C:\Users\sampa\.gradle\native\0.2.8\x86_64-windows-gnu\gradle-fileevents.dll
Event: 6.364 Loaded shared library C:\Users\sampa\.gradle\native\0.2.8\x86_64-windows-gnu\gradle-fileevents.dll
Event: 15.932 Attempting to load shared library C:\Users\sampa\.vscode\extensions\redhat.java-1.56.0-win32-x64\jre\21.0.12.1-win32-x86_64\bin\management.dll
Event: 15.932 Loaded shared library C:\Users\sampa\.vscode\extensions\redhat.java-1.56.0-win32-x64\jre\21.0.12.1-win32-x86_64\bin\management.dll
Event: 15.937 Attempting to load shared library C:\Users\sampa\.vscode\extensions\redhat.java-1.56.0-win32-x64\jre\21.0.12.1-win32-x86_64\bin\management_ext.dll
Event: 15.938 Loaded shared library C:\Users\sampa\.vscode\extensions\redhat.java-1.56.0-win32-x64\jre\21.0.12.1-win32-x86_64\bin\management_ext.dll
Event: 16.715 Attempting to load shared library C:\Users\sampa\.vscode\extensions\redhat.java-1.56.0-win32-x64\jre\21.0.12.1-win32-x86_64\bin\extnet.dll
Event: 16.716 Loaded shared library C:\Users\sampa\.vscode\extensions\redhat.java-1.56.0-win32-x64\jre\21.0.12.1-win32-x86_64\bin\extnet.dll
Event: 18.868 Attempting to load shared library C:\Users\sampa\.vscode\extensions\redhat.java-1.56.0-win32-x64\jre\21.0.12.1-win32-x86_64\bin\sunmscapi.dll
Event: 18.874 Loaded shared library C:\Users\sampa\.vscode\extensions\redhat.java-1.56.0-win32-x64\jre\21.0.12.1-win32-x86_64\bin\sunmscapi.dll

Deoptimization events (20 events):
Event: 47.269 Thread 0x000001bb959940b0 Uncommon trap: trap_request=0xffffffde fr.pc=0x000001bbf03cb8c8 relative=0x00000000000001a8
Event: 47.269 Thread 0x000001bb959940b0 Uncommon trap: reason=class_check action=maybe_recompile pc=0x000001bbf03cb8c8 method=java.lang.String.equals(Ljava/lang/Object;)Z @ 8 c2
Event: 47.269 Thread 0x000001bb959940b0 DEOPT PACKING pc=0x000001bbf03cb8c8 sp=0x0000009526efa9c0
Event: 47.269 Thread 0x000001bb959940b0 DEOPT UNPACKING pc=0x000001bbefe74422 sp=0x0000009526efa958 mode 2
Event: 62.052 Thread 0x000001bb959940b0 Uncommon trap: trap_request=0xffffff45 fr.pc=0x000001bbf05270b0 relative=0x0000000000000c90
Event: 62.052 Thread 0x000001bb959940b0 Uncommon trap: reason=unstable_if action=reinterpret pc=0x000001bbf05270b0 method=jdk.internal.org.objectweb.asm.SymbolTable.addType(Ljava/lang/String;)I @ 33 c2
Event: 62.052 Thread 0x000001bb959940b0 DEOPT PACKING pc=0x000001bbf05270b0 sp=0x0000009526efbc00
Event: 62.052 Thread 0x000001bb959940b0 DEOPT UNPACKING pc=0x000001bbefe74422 sp=0x0000009526efbb38 mode 2
Event: 62.052 Thread 0x000001bb959940b0 Uncommon trap: trap_request=0xffffff45 fr.pc=0x000001bbf04d275c relative=0x000000000000037c
Event: 62.052 Thread 0x000001bb959940b0 Uncommon trap: reason=unstable_if action=reinterpret pc=0x000001bbf04d275c method=jdk.internal.org.objectweb.asm.SymbolTable.addType(Ljava/lang/String;)I @ 33 c2
Event: 62.052 Thread 0x000001bb959940b0 DEOPT PACKING pc=0x000001bbf04d275c sp=0x0000009526efbce0
Event: 62.052 Thread 0x000001bb959940b0 DEOPT UNPACKING pc=0x000001bbefe74422 sp=0x0000009526efbc68 mode 2
Event: 63.071 Thread 0x000001bb959940b0 Uncommon trap: trap_request=0xffffff45 fr.pc=0x000001bbf054d318 relative=0x00000000000001d8
Event: 63.071 Thread 0x000001bb959940b0 Uncommon trap: reason=unstable_if action=reinterpret pc=0x000001bbf054d318 method=jdk.internal.org.objectweb.asm.Type.getTypeInternal(Ljava/lang/String;II)Ljdk/internal/org/objectweb/asm/Type; @ 5 c2
Event: 63.071 Thread 0x000001bb959940b0 DEOPT PACKING pc=0x000001bbf054d318 sp=0x0000009526efbba0
Event: 63.071 Thread 0x000001bb959940b0 DEOPT UNPACKING pc=0x000001bbefe74422 sp=0x0000009526efbb38 mode 2
Event: 67.645 Thread 0x000001bb959940b0 Uncommon trap: trap_request=0xffffff76 fr.pc=0x000001bbf056a584 relative=0x00000000000001c4
Event: 67.645 Thread 0x000001bb959940b0 Uncommon trap: reason=predicate action=maybe_recompile pc=0x000001bbf056a584 method=com.google.common.base.CharMatcher.indexIn(Ljava/lang/CharSequence;I)I @ 19 c2
Event: 67.645 Thread 0x000001bb959940b0 DEOPT PACKING pc=0x000001bbf056a584 sp=0x0000009526efaf40
Event: 67.645 Thread 0x000001bb959940b0 DEOPT UNPACKING pc=0x000001bbefe74422 sp=0x0000009526efaed0 mode 2

Classes loaded (20 events):
Event: 47.247 Loading class java/util/zip/GZIPOutputStream
Event: 47.247 Loading class java/util/zip/DeflaterOutputStream
Event: 47.247 Loading class java/util/zip/DeflaterOutputStream done
Event: 47.248 Loading class java/util/zip/GZIPOutputStream done
Event: 47.248 Loading class java/util/zip/GZIPInputStream
Event: 47.248 Loading class java/util/zip/GZIPInputStream done
Event: 47.249 Loading class java/io/UnsupportedEncodingException
Event: 47.250 Loading class java/io/UnsupportedEncodingException done
Event: 67.376 Loading class java/util/concurrent/TimeoutException
Event: 67.377 Loading class java/util/concurrent/TimeoutException done
Event: 67.377 Loading class java/util/concurrent/CancellationException
Event: 67.377 Loading class java/util/concurrent/CancellationException done
Event: 68.580 Loading class java/util/concurrent/locks/AbstractQueuedSynchronizer$SharedNode
Event: 68.580 Loading class java/util/concurrent/locks/AbstractQueuedSynchronizer$SharedNode done
Event: 69.583 Loading class java/util/ArrayDeque$DeqSpliterator
Event: 69.583 Loading class java/util/ArrayDeque$DeqSpliterator done
Event: 72.346 Loading class java/io/StringReader
Event: 72.347 Loading class java/io/StringReader done
Event: 77.793 Loading class java/lang/invoke/SerializedLambda
Event: 77.794 Loading class java/lang/invoke/SerializedLambda done

Classes unloaded (0 events):
No events

Classes redefined (0 events):
No events

Internal exceptions (20 events):
Event: 42.473 Thread 0x000001bb959940b0 Exception <a 'java/lang/NoSuchMethodError'{0x00000000ef4c7ae8}: 'void java.lang.invoke.DirectMethodHandle$Holder.invokeVirtual(java.lang.Object, java.lang.Object, java.lang.Object, java.lang.Object, java.lang.Object, java.lang.Object)'> (0x00000000ef4c7ae8) 
thrown [s\src\hotspot\share\interpreter\linkResolver.cpp, line 773]
Event: 42.474 Thread 0x000001bb959940b0 Exception <a 'java/lang/NoSuchMethodError'{0x00000000ef4cbc40}: 'void java.lang.invoke.DelegatingMethodHandle$Holder.reinvoke_L(java.lang.Object, java.lang.Object, java.lang.Object, java.lang.Object, java.lang.Object, java.lang.Object)'> (0x00000000ef4cbc40) 
thrown [s\src\hotspot\share\interpreter\linkResolver.cpp, line 773]
Event: 44.608 Thread 0x000001bb959940b0 Exception <a 'java/lang/NoSuchMethodError'{0x00000000ef07eca0}: 'int java.lang.invoke.DirectMethodHandle$Holder.invokeStaticInit(java.lang.Object, java.lang.Object)'> (0x00000000ef07eca0) 
thrown [s\src\hotspot\share\interpreter\linkResolver.cpp, line 773]
Event: 51.324 Thread 0x000001bb959940b0 Exception <a 'java/lang/NoSuchMethodError'{0x00000000ee971268}: 'java.lang.Object java.lang.invoke.DirectMethodHandle$Holder.invokeSpecial(java.lang.Object, java.lang.Object, java.lang.Object, java.lang.Object, java.lang.Object, java.lang.Object, java.lang.Object, java.lang.Object, java.lang.Object, java.lang.Object, java.lang.Object, java.lang.Object, java.lang.Object, java.lang.Object, java.lang.Object, java.lang.Object, java.lang.Object, java.lang.Object, java.lang.Object, java.lang.Object, java.lang.Ob
Event: 51.325 Thread 0x000001bb959940b0 Exception <a 'java/lang/NoSuchMethodError'{0x00000000ee976da0}: 'java.lang.Object java.lang.invoke.DelegatingMethodHandle$Holder.reinvoke_L(java.lang.Object, java.lang.Object, java.lang.Object, java.lang.Object, java.lang.Object, java.lang.Object, java.lang.Object, java.lang.Object, java.lang.Object, java.lang.Object, java.lang.Object, java.lang.Object, java.lang.Object, java.lang.Object, java.lang.Object, java.lang.Object, java.lang.Object, java.lang.Object, java.lang.Object, java.lang.Object, java.lang.O
Event: 51.325 Thread 0x000001bb959940b0 Exception <a 'java/lang/NoSuchMethodError'{0x00000000ee9c6a10}: 'java.lang.Object java.lang.invoke.DirectMethodHandle$Holder.invokeSpecial(java.lang.Object, java.lang.Object, java.lang.Object, java.lang.Object, java.lang.Object, java.lang.Object, java.lang.Object, java.lang.Object, java.lang.Object, java.lang.Object, java.lang.Object, java.lang.Object, java.lang.Object, java.lang.Object, java.lang.Object, java.lang.Object, java.lang.Object, java.lang.Object, java.lang.Object, java.lang.Object, java.lang.Ob
Event: 51.326 Thread 0x000001bb959940b0 Exception <a 'java/lang/NoSuchMethodError'{0x00000000ee9cc390}: 'java.lang.Object java.lang.invoke.Invokers$Holder.invoker(java.lang.Object, java.lang.Object, java.lang.Object, java.lang.Object, java.lang.Object, java.lang.Object, java.lang.Object, java.lang.Object, java.lang.Object, java.lang.Object, java.lang.Object, java.lang.Object, java.lang.Object, java.lang.Object, java.lang.Object, java.lang.Object, java.lang.Object, java.lang.Object, java.lang.Object, java.lang.Object, java.lang.Object, java.lang.
Event: 51.326 Thread 0x000001bb959940b0 Exception <a 'java/lang/NoSuchMethodError'{0x00000000ee9d2710}: 'java.lang.Object java.lang.invoke.DelegatingMethodHandle$Holder.delegate(java.lang.Object, java.lang.Object, java.lang.Object, java.lang.Object, java.lang.Object, java.lang.Object, java.lang.Object, java.lang.Object, java.lang.Object, java.lang.Object, java.lang.Object, java.lang.Object, java.lang.Object, java.lang.Object, java.lang.Object, java.lang.Object, java.lang.Object, java.lang.Object, java.lang.Object, java.lang.Object, java.lang.Obj
Event: 55.423 Thread 0x000001bb959940b0 Exception <a 'java/lang/IncompatibleClassChangeError'{0x00000000ee5d35e8}: Found class java.lang.Object, but interface was expected> (0x00000000ee5d35e8) 
thrown [s\src\hotspot\share\interpreter\linkResolver.cpp, line 840]
Event: 55.522 Thread 0x000001bb959940b0 Exception <a 'java/lang/NoSuchMethodError'{0x00000000ee479310}: 'java.lang.Object java.lang.invoke.DirectMethodHandle$Holder.invokeVirtual(java.lang.Object, java.lang.Object, java.lang.Object, java.lang.Object, java.lang.Object, java.lang.Object, java.lang.Object, java.lang.Object, java.lang.Object, java.lang.Object, java.lang.Object, java.lang.Object, java.lang.Object)'> (0x00000000ee479310) 
thrown [s\src\hotspot\share\interpreter\linkResolver.cpp, line 773]
Event: 55.522 Thread 0x000001bb959940b0 Exception <a 'java/lang/NoSuchMethodError'{0x00000000ee47e548}: 'java.lang.Object java.lang.invoke.DirectMethodHandle$Holder.invokeSpecial(java.lang.Object, java.lang.Object, java.lang.Object, java.lang.Object, java.lang.Object, java.lang.Object, java.lang.Object, java.lang.Object, java.lang.Object, java.lang.Object, java.lang.Object, java.lang.Object, java.lang.Object, java.lang.Object)'> (0x00000000ee47e548) 
thrown [s\src\hotspot\share\interpreter\linkResolver.cpp, line 773]
Event: 55.523 Thread 0x000001bb959940b0 Exception <a 'java/lang/NoSuchMethodError'{0x00000000ee483230}: 'java.lang.Object java.lang.invoke.DelegatingMethodHandle$Holder.reinvoke_L(java.lang.Object, java.lang.Object, java.lang.Object, java.lang.Object, java.lang.Object, java.lang.Object, java.lang.Object, java.lang.Object, java.lang.Object, java.lang.Object, java.lang.Object, java.lang.Object, java.lang.Object)'> (0x00000000ee483230) 
thrown [s\src\hotspot\share\interpreter\linkResolver.cpp, line 773]
Event: 58.075 Thread 0x000001bb959940b0 Exception <a 'java/lang/NoSuchMethodError'{0x00000000ee3fc5b0}: 'void java.lang.invoke.DirectMethodHandle$Holder.invokeStaticInit(java.lang.Object, java.lang.Object)'> (0x00000000ee3fc5b0) 
thrown [s\src\hotspot\share\interpreter\linkResolver.cpp, line 773]
Event: 60.487 Thread 0x000001bb959940b0 Exception <a 'java/lang/NoSuchMethodError'{0x00000000ee01c7c0}: 'java.lang.Object java.lang.invoke.DirectMethodHandle$Holder.newInvokeSpecial(java.lang.Object, java.lang.Object, java.lang.Object, java.lang.Object, java.lang.Object, java.lang.Object, java.lang.Object, java.lang.Object, java.lang.Object, java.lang.Object, java.lang.Object, java.lang.Object, java.lang.Object, java.lang.Object, java.lang.Object)'> (0x00000000ee01c7c0) 
thrown [s\src\hotspot\share\interpreter\linkResolver.cpp, line 773]
Event: 60.488 Thread 0x000001bb959940b0 Exception <a 'java/lang/NoSuchMethodError'{0x00000000ee022400}: 'java.lang.Object java.lang.invoke.DirectMethodHandle$Holder.invokeSpecial(java.lang.Object, java.lang.Object, java.lang.Object, java.lang.Object, java.lang.Object, java.lang.Object, java.lang.Object, java.lang.Object, java.lang.Object, java.lang.Object, java.lang.Object, java.lang.Object, java.lang.Object, java.lang.Object, java.lang.Object, java.lang.Object)'> (0x00000000ee022400) 
thrown [s\src\hotspot\share\interpreter\linkResolver.cpp, li
Event: 60.489 Thread 0x000001bb959940b0 Exception <a 'java/lang/NoSuchMethodError'{0x00000000ee027190}: 'java.lang.Object java.lang.invoke.DelegatingMethodHandle$Holder.reinvoke_L(java.lang.Object, java.lang.Object, java.lang.Object, java.lang.Object, java.lang.Object, java.lang.Object, java.lang.Object, java.lang.Object, java.lang.Object, java.lang.Object, java.lang.Object, java.lang.Object, java.lang.Object, java.lang.Object, java.lang.Object)'> (0x00000000ee027190) 
thrown [s\src\hotspot\share\interpreter\linkResolver.cpp, line 773]
Event: 65.759 Thread 0x000001bb959940b0 Exception <a 'java/lang/IncompatibleClassChangeError'{0x00000000edaf0d80}: Found class java.lang.Object, but interface was expected> (0x00000000edaf0d80) 
thrown [s\src\hotspot\share\interpreter\linkResolver.cpp, line 840]
Event: 69.574 Thread 0x000001bb959940b0 Exception <a 'java/lang/NoSuchMethodError'{0x00000000ed7aa9a8}: 'int java.lang.invoke.DirectMethodHandle$Holder.invokeVirtual(java.lang.Object, java.lang.Object)'> (0x00000000ed7aa9a8) 
thrown [s\src\hotspot\share\interpreter\linkResolver.cpp, line 773]
Event: 72.658 Thread 0x000001bb959940b0 Exception <a 'java/lang/NoSuchMethodError'{0x00000000ed4f7540}: 'void java.lang.invoke.DirectMethodHandle$Holder.invokeInterface(java.lang.Object, java.lang.Object, java.lang.Object, java.lang.Object, java.lang.Object)'> (0x00000000ed4f7540) 
thrown [s\src\hotspot\share\interpreter\linkResolver.cpp, line 773]
Event: 78.585 Thread 0x000001bb959940b0 Exception <a 'java/lang/NoSuchMethodError'{0x00000000ecb083e8}: 'java.lang.Object java.lang.invoke.DirectMethodHandle$Holder.invokeVirtual(java.lang.Object, java.lang.Object, java.lang.Object, java.lang.Object, java.lang.Object, java.lang.Object, java.lang.Object, java.lang.Object, java.lang.Object, java.lang.Object, java.lang.Object, java.lang.Object, java.lang.Object, java.lang.Object, java.lang.Object)'> (0x00000000ecb083e8) 
thrown [s\src\hotspot\share\interpreter\linkResolver.cpp, line 773]

ZGC Phase Switch (0 events):
No events

VM Operations (20 events):
Event: 64.027 Executing safepoint VM operation: Cleanup
Event: 64.478 Executing safepoint VM operation: Cleanup done
Event: 65.484 Executing safepoint VM operation: Cleanup
Event: 65.595 Executing safepoint VM operation: Cleanup done
Event: 66.601 Executing safepoint VM operation: Cleanup
Event: 66.601 Executing safepoint VM operation: Cleanup done
Event: 68.615 Executing safepoint VM operation: Cleanup
Event: 69.535 Executing safepoint VM operation: Cleanup done
Event: 70.536 Executing safepoint VM operation: Cleanup
Event: 70.565 Executing safepoint VM operation: Cleanup done
Event: 71.567 Executing safepoint VM operation: Cleanup
Event: 72.258 Executing safepoint VM operation: Cleanup done
Event: 73.263 Executing safepoint VM operation: Cleanup
Event: 73.343 Executing safepoint VM operation: Cleanup done
Event: 74.354 Executing safepoint VM operation: Cleanup
Event: 75.154 Executing safepoint VM operation: Cleanup done
Event: 76.156 Executing safepoint VM operation: Cleanup
Event: 76.156 Executing safepoint VM operation: Cleanup done
Event: 78.170 Executing safepoint VM operation: Cleanup
Event: 78.577 Executing safepoint VM operation: Cleanup done

Memory protections (0 events):
No events

Nmethod flushes (0 events):
No events

Events (20 events):
Event: 2.998 Thread 0x000001bbfac25310 Thread exited: 0x000001bbfac25310
Event: 16.218 Thread 0x000001bbe56f0340 Thread added: 0x000001bb95fc46b0
Event: 17.728 Thread 0x000001bbe56f0340 Thread added: 0x000001bb95a35640
Event: 18.452 Thread 0x000001bbe56f0340 Thread added: 0x000001bb95a75730
Event: 18.991 Thread 0x000001bb95a35640 Thread added: 0x000001bb95426610
Event: 19.078 Thread 0x000001bb95426610 Thread added: 0x000001bbfa9bdf00
Event: 19.512 Thread 0x000001bb95426610 Thread added: 0x000001bbfa96afe0
Event: 19.526 Thread 0x000001bb95426610 Thread added: 0x000001bb959940b0
Event: 19.766 Thread 0x000001bb959940b0 Thread added: 0x000001bb95939e50
Event: 19.788 Thread 0x000001bb959940b0 Thread added: 0x000001bb95937d80
Event: 19.870 Thread 0x000001bb959940b0 Thread added: 0x000001bb959397c0
Event: 25.465 Thread 0x000001bb959940b0 Thread added: 0x000001bb9593a4e0
Event: 25.928 Thread 0x000001bb959940b0 Thread added: 0x000001bb95937060
Event: 27.486 Thread 0x000001bb959940b0 Thread added: 0x000001bb959376f0
Event: 30.297 Thread 0x000001bb95937060 Thread added: 0x000001bb95938410
Event: 47.801 Thread 0x000001bb959940b0 Thread added: 0x000001bb96f97230
Event: 50.734 Thread 0x000001bb959940b0 Thread added: 0x000001bb96f978c0
Event: 68.580 Thread 0x000001bb959940b0 Thread added: 0x000001bb96f92a00
Event: 69.568 Thread 0x000001bb959940b0 Thread added: 0x000001bb96f96510
Event: 76.725 Thread 0x000001bb959940b0 Thread added: 0x000001bb96f91ce0


Dynamic libraries:
0x00007ff6c3d40000 - 0x00007ff6c3d4e000 	C:\Users\sampa\.vscode\extensions\redhat.java-1.56.0-win32-x64\jre\21.0.12.1-win32-x86_64\bin\java.exe
0x00007ffa1d970000 - 0x00007ffa1db68000 	C:\WINDOWS\SYSTEM32\ntdll.dll
0x00007ffa1c7e0000 - 0x00007ffa1c8a2000 	C:\WINDOWS\System32\KERNEL32.DLL
0x00007ffa1b370000 - 0x00007ffa1b666000 	C:\WINDOWS\System32\KERNELBASE.dll
0x00007ffa16630000 - 0x00007ffa166c4000 	C:\WINDOWS\SYSTEM32\apphelp.dll
0x00007ffa1b670000 - 0x00007ffa1b770000 	C:\WINDOWS\System32\ucrtbase.dll
0x00007ffa0d670000 - 0x00007ffa0d688000 	C:\Users\sampa\.vscode\extensions\redhat.java-1.56.0-win32-x64\jre\21.0.12.1-win32-x86_64\bin\jli.dll
0x00007ffa1b990000 - 0x00007ffa1bb31000 	C:\WINDOWS\System32\USER32.dll
0x00007ffa1b930000 - 0x00007ffa1b952000 	C:\WINDOWS\System32\win32u.dll
0x00007ffa1c640000 - 0x00007ffa1c66b000 	C:\WINDOWS\System32\GDI32.dll
0x00007ffa1b770000 - 0x00007ffa1b889000 	C:\WINDOWS\System32\gdi32full.dll
0x00007ffa1b890000 - 0x00007ffa1b92d000 	C:\WINDOWS\System32\msvcp_win.dll
0x00007ffa03e20000 - 0x00007ffa03e3e000 	C:\Users\sampa\.vscode\extensions\redhat.java-1.56.0-win32-x64\jre\21.0.12.1-win32-x86_64\bin\VCRUNTIME140.dll
0x00007ffa0b410000 - 0x00007ffa0b6ab000 	C:\WINDOWS\WinSxS\amd64_microsoft.windows.common-controls_6595b64144ccf1df_6.0.19041.6456_none_60b8a6cb71f64256\COMCTL32.dll
0x00007ffa1c690000 - 0x00007ffa1c72e000 	C:\WINDOWS\System32\msvcrt.dll
0x00007ffa1c080000 - 0x00007ffa1c0af000 	C:\WINDOWS\System32\IMM32.DLL
0x00007ffa0db80000 - 0x00007ffa0db8c000 	C:\Users\sampa\.vscode\extensions\redhat.java-1.56.0-win32-x64\jre\21.0.12.1-win32-x86_64\bin\vcruntime140_1.dll
0x00007ff9fc840000 - 0x00007ff9fc8cd000 	C:\Users\sampa\.vscode\extensions\redhat.java-1.56.0-win32-x64\jre\21.0.12.1-win32-x86_64\bin\msvcp140.dll
0x00007ff9e70c0000 - 0x00007ff9e7e62000 	C:\Users\sampa\.vscode\extensions\redhat.java-1.56.0-win32-x64\jre\21.0.12.1-win32-x86_64\bin\server\jvm.dll
0x00007ffa1ca00000 - 0x00007ffa1cab1000 	C:\WINDOWS\System32\ADVAPI32.dll
0x00007ffa1d710000 - 0x00007ffa1d7af000 	C:\WINDOWS\System32\sechost.dll
0x00007ffa1d590000 - 0x00007ffa1d6b0000 	C:\WINDOWS\System32\RPCRT4.dll
0x00007ffa1b960000 - 0x00007ffa1b987000 	C:\WINDOWS\System32\bcrypt.dll
0x00007ffa1c980000 - 0x00007ffa1c9eb000 	C:\WINDOWS\System32\WS2_32.dll
0x00007ffa1a590000 - 0x00007ffa1a5db000 	C:\WINDOWS\SYSTEM32\POWRPROF.dll
0x00007ffa0c1a0000 - 0x00007ffa0c1c7000 	C:\WINDOWS\SYSTEM32\WINMM.dll
0x00007ffa0ac70000 - 0x00007ffa0ac7a000 	C:\WINDOWS\SYSTEM32\VERSION.dll
0x00007ffa1a400000 - 0x00007ffa1a412000 	C:\WINDOWS\SYSTEM32\UMPDC.dll
0x00007ffa19050000 - 0x00007ffa19062000 	C:\WINDOWS\SYSTEM32\kernel.appcore.dll
0x00007ffa0d410000 - 0x00007ffa0d41a000 	C:\Users\sampa\.vscode\extensions\redhat.java-1.56.0-win32-x64\jre\21.0.12.1-win32-x86_64\bin\jimage.dll
0x00007ffa18660000 - 0x00007ffa18861000 	C:\WINDOWS\SYSTEM32\DBGHELP.DLL
0x00007ffa07360000 - 0x00007ffa07394000 	C:\WINDOWS\SYSTEM32\dbgcore.DLL
0x00007ffa1b290000 - 0x00007ffa1b312000 	C:\WINDOWS\System32\bcryptPrimitives.dll
0x00007ffa0c2f0000 - 0x00007ffa0c2ff000 	C:\Users\sampa\.vscode\extensions\redhat.java-1.56.0-win32-x64\jre\21.0.12.1-win32-x86_64\bin\instrument.dll
0x00007ffa03d30000 - 0x00007ffa03d50000 	C:\Users\sampa\.vscode\extensions\redhat.java-1.56.0-win32-x64\jre\21.0.12.1-win32-x86_64\bin\java.dll
0x00007ffa1ce20000 - 0x00007ffa1d590000 	C:\WINDOWS\System32\SHELL32.dll
0x00007ffa19070000 - 0x00007ffa19815000 	C:\WINDOWS\SYSTEM32\windows.storage.dll
0x00007ffa1cac0000 - 0x00007ffa1ce14000 	C:\WINDOWS\System32\combase.dll
0x00007ffa1aa30000 - 0x00007ffa1aa5b000 	C:\WINDOWS\SYSTEM32\Wldp.dll
0x00007ffa1c8b0000 - 0x00007ffa1c97d000 	C:\WINDOWS\System32\OLEAUT32.dll
0x00007ffa1c730000 - 0x00007ffa1c7dd000 	C:\WINDOWS\System32\SHCORE.dll
0x00007ffa1d7b0000 - 0x00007ffa1d80b000 	C:\WINDOWS\System32\shlwapi.dll
0x00007ffa1af30000 - 0x00007ffa1af54000 	C:\WINDOWS\SYSTEM32\profapi.dll
0x00007ffa01a40000 - 0x00007ffa01a58000 	C:\Users\sampa\.vscode\extensions\redhat.java-1.56.0-win32-x64\jre\21.0.12.1-win32-x86_64\bin\zip.dll
0x00007ffa0c9a0000 - 0x00007ffa0c9b0000 	C:\Users\sampa\.vscode\extensions\redhat.java-1.56.0-win32-x64\jre\21.0.12.1-win32-x86_64\bin\net.dll
0x00007ffa11c40000 - 0x00007ffa11d4a000 	C:\WINDOWS\SYSTEM32\WINHTTP.dll
0x00007ffa1a790000 - 0x00007ffa1a7fa000 	C:\WINDOWS\system32\mswsock.dll
0x00007ffa00970000 - 0x00007ffa00986000 	C:\Users\sampa\.vscode\extensions\redhat.java-1.56.0-win32-x64\jre\21.0.12.1-win32-x86_64\bin\nio.dll
0x00007ffa0be00000 - 0x00007ffa0be10000 	C:\Users\sampa\.vscode\extensions\redhat.java-1.56.0-win32-x64\jre\21.0.12.1-win32-x86_64\bin\verify.dll
0x00007ff9fc760000 - 0x00007ff9fc787000 	C:\Users\sampa\.gradle\native\660c5614fbf4a5f2a75b1949f50a0caf5cd603558e7d8a26e50b933a0cfb79d1\windows-amd64\native-platform.dll
0x00007ff9f7650000 - 0x00007ff9f76c7000 	C:\Users\sampa\.gradle\native\0.2.8\x86_64-windows-gnu\gradle-fileevents.dll
0x00007ffa0b720000 - 0x00007ffa0b72a000 	C:\Users\sampa\.vscode\extensions\redhat.java-1.56.0-win32-x64\jre\21.0.12.1-win32-x86_64\bin\management.dll
0x00007ffa0a630000 - 0x00007ffa0a63c000 	C:\Users\sampa\.vscode\extensions\redhat.java-1.56.0-win32-x64\jre\21.0.12.1-win32-x86_64\bin\management_ext.dll
0x00007ffa1c9f0000 - 0x00007ffa1c9f8000 	C:\WINDOWS\System32\PSAPI.DLL
0x00007ffa1a420000 - 0x00007ffa1a45b000 	C:\WINDOWS\SYSTEM32\IPHLPAPI.DLL
0x00007ffa1c400000 - 0x00007ffa1c408000 	C:\WINDOWS\System32\NSI.dll
0x00007ffa093b0000 - 0x00007ffa093b9000 	C:\Users\sampa\.vscode\extensions\redhat.java-1.56.0-win32-x64\jre\21.0.12.1-win32-x86_64\bin\extnet.dll
0x00007ffa1a980000 - 0x00007ffa1a998000 	C:\WINDOWS\SYSTEM32\CRYPTSP.dll
0x00007ffa1a040000 - 0x00007ffa1a078000 	C:\WINDOWS\system32\rsaenh.dll
0x00007ffa1aeb0000 - 0x00007ffa1aede000 	C:\WINDOWS\SYSTEM32\USERENV.dll
0x00007ffa1a9a0000 - 0x00007ffa1a9ac000 	C:\WINDOWS\SYSTEM32\CRYPTBASE.dll
0x00007ffa10530000 - 0x00007ffa1053e000 	C:\Users\sampa\.vscode\extensions\redhat.java-1.56.0-win32-x64\jre\21.0.12.1-win32-x86_64\bin\sunmscapi.dll
0x00007ffa1b0b0000 - 0x00007ffa1b20d000 	C:\WINDOWS\System32\CRYPT32.dll
0x00007ffa1aaa0000 - 0x00007ffa1aac7000 	C:\WINDOWS\SYSTEM32\ncrypt.dll
0x00007ffa1aa60000 - 0x00007ffa1aa9b000 	C:\WINDOWS\SYSTEM32\NTASN1.dll
0x00007ffa010b0000 - 0x00007ffa010b7000 	C:\WINDOWS\system32\wshunix.dll

JVMTI agents:
C:\Users\sampa\.gradle\wrapper\dists\gradle-9.7.1-bin\1w1c7tv4s851m17nbqdsro2tv\gradle-9.7.1\lib\agents\gradle-instrumentation-agent-9.7.1.jar path:C:\Users\sampa\.vscode\extensions\redhat.java-1.56.0-win32-x64\jre\21.0.12.1-win32-x86_64\bin\instrument.dll, loaded, initialized, instrumentlib options:none

dbghelp: loaded successfully - version: 4.0.5 - missing functions: none
symbol engine: initialized successfully - sym options: 0x614 - pdb path: .;C:\Users\sampa\.vscode\extensions\redhat.java-1.56.0-win32-x64\jre\21.0.12.1-win32-x86_64\bin;C:\WINDOWS\SYSTEM32;C:\WINDOWS\WinSxS\amd64_microsoft.windows.common-controls_6595b64144ccf1df_6.0.19041.6456_none_60b8a6cb71f64256;C:\Users\sampa\.vscode\extensions\redhat.java-1.56.0-win32-x64\jre\21.0.12.1-win32-x86_64\bin\server;C:\Users\sampa\.gradle\native\660c5614fbf4a5f2a75b1949f50a0caf5cd603558e7d8a26e50b933a0cfb79d1\windows-amd64;C:\Users\sampa\.gradle\native\0.2.8\x86_64-windows-gnu

VM Arguments:
jvm_args: --add-opens=java.base/java.lang=ALL-UNNAMED --add-opens=java.base/java.lang.invoke=ALL-UNNAMED --add-opens=java.base/java.util=ALL-UNNAMED --add-opens=java.prefs/java.util.prefs=ALL-UNNAMED --add-exports=jdk.compiler/com.sun.tools.javac.api=ALL-UNNAMED --add-exports=jdk.compiler/com.sun.tools.javac.util=ALL-UNNAMED --add-opens=java.base/java.nio.charset=ALL-UNNAMED --add-opens=java.base/java.net=ALL-UNNAMED --add-opens=java.base/java.util.concurrent=ALL-UNNAMED --add-opens=java.base/java.util.concurrent.atomic=ALL-UNNAMED --add-opens=java.xml/javax.xml.namespace=ALL-UNNAMED --add-opens=java.base/java.time=ALL-UNNAMED -XX:MaxMetaspaceSize=384m -XX:+HeapDumpOnOutOfMemoryError -Xms256m -Xmx512m -Dfile.encoding=UTF-8 -Duser.country=US -Duser.language=en -Duser.variant -javaagent:C:\Users\sampa\.gradle\wrapper\dists\gradle-9.7.1-bin\1w1c7tv4s851m17nbqdsro2tv\gradle-9.7.1\lib\agents\gradle-instrumentation-agent-9.7.1.jar 
java_command: org.gradle.launcher.daemon.bootstrap.GradleDaemon 9.7.1
java_class_path (initial): C:\Users\sampa\.gradle\wrapper\dists\gradle-9.7.1-bin\1w1c7tv4s851m17nbqdsro2tv\gradle-9.7.1\lib\gradle-daemon-main-9.7.1.jar
Launcher Type: SUN_STANDARD

[Global flags]
     intx CICompilerCount                          = 3                                         {product} {ergonomic}
   size_t CompressedClassSpaceSize                 = 335544320                                 {product} {ergonomic}
     uint ConcGCThreads                            = 1                                         {product} {ergonomic}
     uint G1ConcRefinementThreads                  = 4                                         {product} {ergonomic}
   size_t G1HeapRegionSize                         = 1048576                                   {product} {ergonomic}
    uintx GCDrainStackTargetSize                   = 64                                        {product} {ergonomic}
     bool HeapDumpOnOutOfMemoryError               = true                                   {manageable} {command line}
   size_t InitialHeapSize                          = 268435456                                 {product} {command line}
   size_t MarkStackSize                            = 4194304                                   {product} {ergonomic}
   size_t MaxHeapSize                              = 536870912                                 {product} {command line}
   size_t MaxMetaspaceSize                         = 402653184                                 {product} {command line}
   size_t MaxNewSize                               = 321912832                                 {product} {ergonomic}
   size_t MinHeapDeltaBytes                        = 1048576                                   {product} {ergonomic}
   size_t MinHeapSize                              = 268435456                                 {product} {command line}
    uintx NonNMethodCodeHeapSize                   = 5832780                                {pd product} {ergonomic}
    uintx NonProfiledCodeHeapSize                  = 122912730                              {pd product} {ergonomic}
    uintx ProfiledCodeHeapSize                     = 122912730                              {pd product} {ergonomic}
    uintx ReservedCodeCacheSize                    = 251658240                              {pd product} {ergonomic}
     bool SegmentedCodeCache                       = true                                      {product} {ergonomic}
   size_t SoftMaxHeapSize                          = 536870912                              {manageable} {ergonomic}
     bool UseCompressedOops                        = true                           {product lp64_product} {ergonomic}
     bool UseG1GC                                  = true                                      {product} {ergonomic}
     bool UseLargePagesIndividualAllocation        = false                                  {pd product} {ergonomic}

Logging:
Log output configuration:
 #0: stdout all=warning uptime,level,tags foldmultilines=false
 #1: stderr all=off uptime,level,tags foldmultilines=false

Release file:
JAVA_VERSION="21.0.12.1" 
MODULES="java.base java.compiler java.datatransfer java.xml java.prefs java.desktop java.instrument java.logging java.management java.security.sasl java.naming java.rmi java.management.rmi java.net.http java.scripting java.security.jgss java.transaction.xa java.sql java.sql.rowset java.xml.crypto java.se java.smartcardio jdk.accessibility jdk.internal.jvmstat jdk.attach jdk.charsets jdk.internal.opt jdk.zipfs jdk.compiler jdk.crypto.ec jdk.crypto.cryptoki jdk.crypto.mscapi jdk.dynalink jdk.internal.ed jdk.editpad jdk.hotspot.agent jdk.httpserver jdk.internal.le jdk.internal.vm.ci jdk.internal.vm.compiler jdk.internal.vm.compiler.management jdk.jartool jdk.javadoc jdk.jcmd jdk.management jdk.management.agent jdk.jconsole jdk.jdeps jdk.jdwp.agent jdk.jdi jdk.jfr jdk.jshell jdk.jsobject jdk.jstatd jdk.localedata jdk.management.jfr jdk.naming.dns jdk.naming.rmi jdk.net jdk.nio.mapmode jdk.random jdk.sctp jdk.security.auth jdk.security.jgss jdk.unsupported jdk.unsupported.desktop jdk.xml.dom" 

Environment Variables:
JAVA_HOME=C:\Program Files\Eclipse Adoptium\jdk-17.0.20.101-hotspot\
PATH=C:\Program Files\Eclipse Adoptium\jdk-17.0.20.101-hotspot\bin;C:\WINDOWS\system32;C:\WINDOWS;C:\WINDOWS\System32\Wbem;C:\WINDOWS\System32\WindowsPowerShell\v1.0\;C:\WINDOWS\System32\OpenSSH\;C:\Program Files\MySQL\MySQL Server 8.4\bin;C:\Program Files (x86)\Microsoft SQL Server\170\Tools\Binn\;C:\Program Files\Microsoft SQL Server\170\Tools\Binn\;C:\Program Files\Microsoft SQL Server\Client SDK\ODBC\180\Tools\Binn\;C:\Program Files\Microsoft SQL Server\170\DTS\Binn\;C:\Users\sampa\AppData\Local\Microsoft\WindowsApps;C:\Users\sampa\AppData\Local\Programs\Microsoft VS Code\bin
USERNAME=sampa
OS=Windows_NT
PROCESSOR_IDENTIFIER=Intel64 Family 6 Model 61 Stepping 4, GenuineIntel
TMP=C:\Users\sampa\AppData\Local\Temp
TEMP=C:\Users\sampa\AppData\Local\Temp




Periodic native trim disabled

---------------  S Y S T E M  ---------------

OS:
 Windows 10 , 64 bit Build 19041 (10.0.19041.5915)
OS uptime: 5 days 7:59 hours

CPU: total 4 (initial active 4) (2 cores per cpu, 2 threads per core) family 6 model 61 stepping 4 microcode 0x2d, cx8, cmov, fxsr, ht, mmx, 3dnowpref, sse, sse2, sse3, ssse3, sse4.1, sse4.2, popcnt, lzcnt, tsc, tscinvbit, avx, avx2, aes, erms, clmul, bmi1, bmi2, rtm, adx, fma, vzeroupper, clflush, rdtscp, f16c
Processor Information for the first 4 processors :
  Max Mhz: 2295, Current Mhz: 2295, Mhz Limit: 2295

Memory: 4k page, system-wide physical 8080M (78M free)
TotalPageFile size 20946M (AvailPageFile size 3M)
current process WorkingSet (physical memory assigned to process): 223M, peak: 223M
current process commit charge ("private bytes"): 406M, peak: 413M

vm_info: OpenJDK 64-Bit Server VM (21.0.12.1+1-LTS) for windows-amd64 JRE (21.0.12.1+1-LTS), built on 2026-08-18T00:00:00Z by "admin" with MS VC++ 17.12 (VS2022)

END.
