#
# There is insufficient memory for the Java Runtime Environment to continue.
# Native memory allocation (malloc) failed to allocate 776000 bytes. Error detail: Chunk::new
# Possible reasons:
#   The system is out of physical RAM or swap space
#   This process is running with CompressedOops enabled, and the Java Heap may be blocking the growth of the native heap
# Possible solutions:
#   Reduce memory load on the system
#   Increase physical memory or swap space
#   Check if swap backing store is full
#   Decrease Java heap size (-Xmx/-Xms)
#   Decrease number of Java threads
#   Decrease Java thread stack sizes (-Xss)
#   Set larger code cache with -XX:ReservedCodeCacheSize=
#   JVM is running with Unscaled Compressed Oops mode in which the Java heap is
#     placed in the first 4GB address space. The Java Heap base address is the
#     maximum limit for the native heap growth. Please use -XX:HeapBaseMinAddress
#     to set the Java Heap base and to place the Java Heap above 4GB virtual address.
# This output file may be truncated or incomplete.
#
#  Out of Memory Error (arena.cpp:168), pid=17200, tid=18348
#
# JRE version: OpenJDK Runtime Environment Temurin-21.0.12.1+1 (21.0.12.1+1) (build 21.0.12.1+1-LTS)
# Java VM: OpenJDK 64-Bit Server VM Temurin-21.0.12.1+1 (21.0.12.1+1-LTS, mixed mode, sharing, tiered, compressed oops, compressed class ptrs, parallel gc, windows-amd64)
# No core dump will be written. Minidumps are not enabled by default on client versions of Windows
#

---------------  S U M M A R Y ------------

Command Line: --add-modules=ALL-SYSTEM --add-opens=java.base/java.util=ALL-UNNAMED --add-opens=java.base/java.lang=ALL-UNNAMED --add-opens=java.base/sun.nio.fs=ALL-UNNAMED -Declipse.application=org.eclipse.jdt.ls.core.id1 -Dosgi.bundles.defaultStartLevel=4 -Declipse.product=org.eclipse.jdt.ls.core.product -Djava.import.generatesMetadataFilesAtProjectRoot=false -Dm2e.project.cache.size=50 -DDetectVMInstallationsJob.disabled=true -Dfile.encoding=utf8 -XX:+UseParallelGC -XX:GCTimeRatio=4 -XX:AdaptiveSizePolicyWeight=90 -Dsun.zip.disableMemoryMapping=true -Xmx2G -Xms100m -Xlog:disable -javaagent:c:\Users\sampa\.vscode\extensions\redhat.java-1.56.0-win32-x64\lombok\lombok-1.18.39-4050.jar -XX:+HeapDumpOnOutOfMemoryError -XX:HeapDumpPath=c:\Users\sampa\AppData\Roaming\Code\User\workspaceStorage\b45dcb98c3812985cc0ef0cda4b99330\redhat.java -Daether.dependencyCollector.impl=bf c:\Users\sampa\.vscode\extensions\redhat.java-1.56.0-win32-x64\server\plugins\org.eclipse.equinox.launcher_1.8.0.v20260804-1928.jar -configuration c:\Users\sampa\AppData\Roaming\Code\User\globalStorage\redhat.java\1.56.0\config_win -data c:\Users\sampa\AppData\Roaming\Code\User\workspaceStorage\b45dcb98c3812985cc0ef0cda4b99330\redhat.java\jdt_ws --stdio

Host: Intel(R) Core(TM) i5-5300U CPU @ 2.30GHz, 4 cores, 7G,  Windows 10 , 64 bit Build 19041 (10.0.19041.5915)
Time: Thu Sep 10 23:00:30 2026 India Standard Time elapsed time: 52.993377 seconds (0d 0h 0m 52s)

---------------  T H R E A D  ---------------

Current thread (0x0000020b7ba42340):  JavaThread "C2 CompilerThread0" daemon [_thread_in_native, id=18348, stack(0x0000006a33500000,0x0000006a33600000) (1024K)]


Current CompileTask:
C2:52993 11013       4       org.gradle.launcher.daemon.context.DefaultDaemonContext$Serializer::read (229 bytes)

Stack: [0x0000006a33500000,0x0000006a33600000]
Native frames: (J=compiled Java code, j=interpreted, Vv=VM code, C=native code)
V  [jvm.dll+0x6d83e9]
V  [jvm.dll+0x8b5736]
V  [jvm.dll+0x8b7cee]
V  [jvm.dll+0x8b83d3]
V  [jvm.dll+0x284596]
V  [jvm.dll+0xc685d]
V  [jvm.dll+0xc6da1]
V  [jvm.dll+0x3bf18b]
V  [jvm.dll+0x1e3f42]
V  [jvm.dll+0x24c853]
V  [jvm.dll+0x24bce0]
V  [jvm.dll+0x1cb4ae]
V  [jvm.dll+0x25baad]
V  [jvm.dll+0x25a03a]
V  [jvm.dll+0x3f8aae]
V  [jvm.dll+0x8600cd]
V  [jvm.dll+0x6d6c1d]
C  [ucrtbase.dll+0x21bb2]
C  [KERNEL32.DLL+0x17374]
C  [ntdll.dll+0x4cc91]


---------------  P R O C E S S  ---------------

Threads class SMR info:
_java_thread_list=0x0000020b458490b0, length=182, elements={
0x0000020b6504cba0, 0x0000020b7ba383a0, 0x0000020b7ba398f0, 0x0000020b7ba3d1d0,
0x0000020b7ba3de30, 0x0000020b7ba3ea90, 0x0000020b7ba41500, 0x0000020b7ba42340,
0x0000020b7bab7140, 0x0000020b7c77d8d0, 0x0000020b7c955870, 0x0000020b7cfad7f0,
0x0000020b7ce02d10, 0x0000020b7d2b3800, 0x0000020b7d2a5430, 0x0000020b7d4593f0,
0x0000020b7c720150, 0x0000020b7cf941a0, 0x0000020b7d74f9f0, 0x0000020b7d74d920,
0x0000020b7d74ecd0, 0x0000020b7d74c570, 0x0000020b7d74cc00, 0x0000020b7d74d290,
0x0000020b7d74e640, 0x0000020b7dea2490, 0x0000020b7dea0a50, 0x0000020b7dea1e00,
0x0000020b7dea4560, 0x0000020b7dea3ed0, 0x0000020b7dea2b20, 0x0000020b7dea10e0,
0x0000020b7dea5fa0, 0x0000020b7dea5280, 0x0000020b7dea6cc0, 0x0000020b7dea5910,
0x0000020b7dea6630, 0x0000020b7de9fd30, 0x0000020b7dea7350, 0x0000020b7dea03c0,
0x0000020b7dea3840, 0x0000020b7ed064e0, 0x0000020b7ed07890, 0x0000020b7ed06b70,
0x0000020b7ed085b0, 0x0000020b7ed05e50, 0x0000020b7ed057c0, 0x0000020b7ed08c40,
0x0000020b7ed09960, 0x0000020b7ed04aa0, 0x0000020b7ed07200, 0x0000020b7ed092d0,
0x0000020b7ed05130, 0x0000020b7ed09ff0, 0x0000020b7ed03d80, 0x0000020b7ed07f20,
0x0000020b7ed03060, 0x0000020b7ed0a680, 0x0000020b7d0da7a0, 0x0000020b7d0db4c0,
0x0000020b7d0da110, 0x0000020b7d0dfcf0, 0x0000020b7d0dc1e0, 0x0000020b7d0e0a10,
0x0000020b7d0ddc20, 0x0000020b7d0dbb50, 0x0000020b7d0dc870, 0x0000020b7d0e1730,
0x0000020b7d0de940, 0x0000020b7d0defd0, 0x0000020b7d0df660, 0x0000020b7dd993a0,
0x0000020b7dd96c40, 0x0000020b7dd972d0, 0x0000020b7dd97960, 0x0000020b7dd97ff0,
0x0000020b7dd937c0, 0x0000020b7dd99a30, 0x0000020b7dd93e50, 0x0000020b7dd94b70,
0x0000020b7dd9a0c0, 0x0000020b7dd93130, 0x0000020b7dd98d10, 0x0000020b7dd95200,
0x0000020b7d0dae30, 0x0000020b7dd95890, 0x0000020b7dd98680, 0x0000020b45edb7a0,
0x0000020b45eda3f0, 0x0000020b45edbe30, 0x0000020b45ed6f70, 0x0000020b45edaa80,
0x0000020b45edd870, 0x0000020b45ed68e0, 0x0000020b45edb110, 0x0000020b45ed8320,
0x0000020b45ed96d0, 0x0000020b45ed9040, 0x0000020b45edc4c0, 0x0000020b467d9a90,
0x0000020b467d7330, 0x0000020b467da7b0, 0x0000020b467dbb60, 0x0000020b467da120,
0x0000020b467ddc30, 0x0000020b467dae40, 0x0000020b467dc880, 0x0000020b467dcf10,
0x0000020b45ed9d60, 0x0000020b467db4d0, 0x0000020b4659c920, 0x0000020b46598e10,
0x0000020b465973d0, 0x0000020b4659b570, 0x0000020b465994a0, 0x0000020b4659a1c0,
0x0000020b465980f0, 0x0000020b4659d640, 0x0000020b4659bc00, 0x0000020b46598780,
0x0000020b46599b30, 0x0000020b46597a60, 0x0000020b46596d40, 0x0000020b4659a850,
0x0000020b4659aee0, 0x0000020b4659c290, 0x0000020b4659dcd0, 0x0000020b467de2c0,
0x0000020b467d79c0, 0x0000020b467d8050, 0x0000020b4659e360, 0x0000020b7dd965b0,
0x0000020b4653e8e0, 0x0000020b4653e250, 0x0000020b4653b460, 0x0000020b46539390,
0x0000020b4653a740, 0x0000020b46537fe0, 0x0000020b46538d00, 0x0000020b4653ef70,
0x0000020b4653cea0, 0x0000020b46538670, 0x0000020b4653a0b0, 0x0000020b4653f600,
0x0000020b4653d530, 0x0000020b4653dbc0, 0x0000020b4653baf0, 0x0000020b4653c810,
0x0000020b7d0e10a0, 0x0000020b45ed7600, 0x0000020b4653add0, 0x0000020b7ed036f0,
0x0000020b467d9400, 0x0000020b467dc1f0, 0x0000020b45ed7c90, 0x0000020b7d0e0380,
0x0000020b7d0dcf00, 0x0000020b467dd5a0, 0x0000020b465870e0, 0x0000020b4658abf0,
0x0000020b46589ed0, 0x0000020b46589840, 0x0000020b4658a560, 0x0000020b46587e00,
0x0000020b4658b280, 0x0000020b46588490, 0x0000020b46588b20, 0x0000020b465891b0,
0x0000020b46583c60, 0x0000020b46585010, 0x0000020b465842f0, 0x0000020b46587770,
0x0000020b465856a0, 0x0000020b4658b910, 0x0000020b46585d30, 0x0000020b4658d350,
0x0000020b4658bfa0, 0x0000020b46586a50, 0x0000020b4658c630, 0x0000020b4658ccc0,
0x0000020b465863c0, 0x0000020b46592f30
}

Java Threads: ( => current thread )
  0x0000020b6504cba0 JavaThread "main"                              [_thread_blocked, id=9752, stack(0x0000006a32b00000,0x0000006a32c00000) (1024K)]
  0x0000020b7ba383a0 JavaThread "Reference Handler"          daemon [_thread_blocked, id=16860, stack(0x0000006a32f00000,0x0000006a33000000) (1024K)]
  0x0000020b7ba398f0 JavaThread "Finalizer"                  daemon [_thread_blocked, id=17296, stack(0x0000006a33000000,0x0000006a33100000) (1024K)]
  0x0000020b7ba3d1d0 JavaThread "Signal Dispatcher"          daemon [_thread_blocked, id=11368, stack(0x0000006a33100000,0x0000006a33200000) (1024K)]
  0x0000020b7ba3de30 JavaThread "Attach Listener"            daemon [_thread_blocked, id=17540, stack(0x0000006a33200000,0x0000006a33300000) (1024K)]
  0x0000020b7ba3ea90 JavaThread "Service Thread"             daemon [_thread_blocked, id=15012, stack(0x0000006a33300000,0x0000006a33400000) (1024K)]
  0x0000020b7ba41500 JavaThread "Monitor Deflation Thread"   daemon [_thread_blocked, id=18068, stack(0x0000006a33400000,0x0000006a33500000) (1024K)]
=>0x0000020b7ba42340 JavaThread "C2 CompilerThread0"         daemon [_thread_in_native, id=18348, stack(0x0000006a33500000,0x0000006a33600000) (1024K)]
  0x0000020b7bab7140 JavaThread "C1 CompilerThread0"         daemon [_thread_blocked, id=17676, stack(0x0000006a33600000,0x0000006a33700000) (1024K)]
  0x0000020b7c77d8d0 JavaThread "Common-Cleaner"             daemon [_thread_blocked, id=15824, stack(0x0000006a33700000,0x0000006a33800000) (1024K)]
  0x0000020b7c955870 JavaThread "Notification Thread"        daemon [_thread_blocked, id=16068, stack(0x0000006a33800000,0x0000006a33900000) (1024K)]
  0x0000020b7cfad7f0 JavaThread "Active Thread: Equinox Container: 702f15b0-def4-4e9d-85ee-1a37ce88ee10"        [_thread_blocked, id=11528, stack(0x0000006a33c00000,0x0000006a33d00000) (1024K)]
  0x0000020b7ce02d10 JavaThread "Refresh Thread: Equinox Container: 702f15b0-def4-4e9d-85ee-1a37ce88ee10" daemon [_thread_blocked, id=14756, stack(0x0000006a33d00000,0x0000006a33e00000) (1024K)]
  0x0000020b7d2b3800 JavaThread "Framework Event Dispatcher: Equinox Container: 702f15b0-def4-4e9d-85ee-1a37ce88ee10" daemon [_thread_blocked, id=18948, stack(0x0000006a33e00000,0x0000006a33f00000) (1024K)]
  0x0000020b7d2a5430 JavaThread "Start Level: Equinox Container: 702f15b0-def4-4e9d-85ee-1a37ce88ee10" daemon [_thread_blocked, id=6532, stack(0x0000006a33f00000,0x0000006a34000000) (1024K)]
  0x0000020b7d4593f0 JavaThread "Bundle File Closer"         daemon [_thread_blocked, id=4340, stack(0x0000006a34100000,0x0000006a34200000) (1024K)]
  0x0000020b7c720150 JavaThread "SCR Component Actor"        daemon [_thread_blocked, id=16764, stack(0x0000006a34000000,0x0000006a34100000) (1024K)]
  0x0000020b7cf941a0 JavaThread "Worker-JM"                         [_thread_blocked, id=7312, stack(0x0000006a34200000,0x0000006a34300000) (1024K)]
  0x0000020b7d74f9f0 JavaThread "JNA Cleaner"                daemon [_thread_blocked, id=13956, stack(0x0000006a34300000,0x0000006a34400000) (1024K)]
  0x0000020b7d74d920 JavaThread "Worker-0: Initialize workspace"        [_thread_blocked, id=6704, stack(0x0000006a34400000,0x0000006a34500000) (1024K)]
  0x0000020b7d74ecd0 JavaThread "Worker-1: Initialize workspace"        [_thread_blocked, id=13612, stack(0x0000006a34500000,0x0000006a34600000) (1024K)]
  0x0000020b7d74c570 JavaThread "Worker-2: Initialize workspace"        [_thread_blocked, id=13592, stack(0x0000006a34600000,0x0000006a34700000) (1024K)]
  0x0000020b7d74cc00 JavaThread "Worker-3: Initialize workspace"        [_thread_blocked, id=7028, stack(0x0000006a34700000,0x0000006a34800000) (1024K)]
  0x0000020b7d74d290 JavaThread "Java indexing"              daemon [_thread_blocked, id=19340, stack(0x0000006a34800000,0x0000006a34900000) (1024K)]
  0x0000020b7d74e640 JavaThread "Worker-4: Initialize workspace"        [_thread_blocked, id=15928, stack(0x0000006a34b00000,0x0000006a34c00000) (1024K)]
  0x0000020b7dea2490 JavaThread "Worker-5: Initialize workspace"        [_thread_blocked, id=17524, stack(0x0000006a34c00000,0x0000006a34d00000) (1024K)]
  0x0000020b7dea0a50 JavaThread "pool-2-thread-1"                   [_thread_blocked, id=15672, stack(0x0000006a34d00000,0x0000006a34e00000) (1024K)]
  0x0000020b7dea1e00 JavaThread "WorkspaceEventsHandler"            [_thread_blocked, id=15092, stack(0x0000006a34e00000,0x0000006a34f00000) (1024K)]
  0x0000020b7dea4560 JavaThread "pool-1-thread-1"                   [_thread_in_native, id=18108, stack(0x0000006a34f00000,0x0000006a35000000) (1024K)]
  0x0000020b7dea3ed0 JavaThread "PatternSearchJob-worker-1"  daemon [_thread_blocked, id=8320, stack(0x0000006a35000000,0x0000006a35100000) (1024K)]
  0x0000020b7dea2b20 JavaThread "PatternSearchJob-worker-2"  daemon [_thread_blocked, id=13656, stack(0x0000006a35100000,0x0000006a35200000) (1024K)]
  0x0000020b7dea10e0 JavaThread "PatternSearchJob-worker-3"  daemon [_thread_blocked, id=15852, stack(0x0000006a35200000,0x0000006a35300000) (1024K)]
  0x0000020b7dea5fa0 JavaThread "Timer-0"                           [_thread_blocked, id=12200, stack(0x0000006a35400000,0x0000006a35500000) (1024K)]
  0x0000020b7dea5280 JavaThread "Timer-1"                           [_thread_blocked, id=11924, stack(0x0000006a35500000,0x0000006a35600000) (1024K)]
  0x0000020b7dea6cc0 JavaThread "Timer-2"                           [_thread_blocked, id=15412, stack(0x0000006a35700000,0x0000006a35800000) (1024K)]
  0x0000020b7dea5910 JavaThread "Timer-3"                           [_thread_blocked, id=9524, stack(0x0000006a35800000,0x0000006a35900000) (1024K)]
  0x0000020b7dea6630 JavaThread "Timer-4"                           [_thread_blocked, id=4752, stack(0x0000006a35900000,0x0000006a35a00000) (1024K)]
  0x0000020b7de9fd30 JavaThread "Worker-6: Initialize workspace"        [_thread_blocked, id=9556, stack(0x0000006a35a00000,0x0000006a35b00000) (1024K)]
  0x0000020b7dea7350 JavaThread "Timer-5"                           [_thread_blocked, id=8936, stack(0x0000006a35b00000,0x0000006a35c00000) (1024K)]
  0x0000020b7dea03c0 JavaThread "Worker-7: Initialize workspace"        [_thread_blocked, id=1948, stack(0x0000006a35600000,0x0000006a35700000) (1024K)]
  0x0000020b7dea3840 JavaThread "Timer-6"                           [_thread_blocked, id=17212, stack(0x0000006a35d00000,0x0000006a35e00000) (1024K)]
  0x0000020b7ed064e0 JavaThread "Worker-8: Initialize workspace"        [_thread_blocked, id=10872, stack(0x0000006a35e00000,0x0000006a35f00000) (1024K)]
  0x0000020b7ed07890 JavaThread "Worker-9: Initialize workspace"        [_thread_blocked, id=10728, stack(0x0000006a35c00000,0x0000006a35d00000) (1024K)]
  0x0000020b7ed06b70 JavaThread "Worker-10: Initialize workspace"        [_thread_blocked, id=10420, stack(0x0000006a35f00000,0x0000006a36000000) (1024K)]
  0x0000020b7ed085b0 JavaThread "Timer-7"                           [_thread_blocked, id=10484, stack(0x0000006a36100000,0x0000006a36200000) (1024K)]
  0x0000020b7ed05e50 JavaThread "Timer-8"                           [_thread_blocked, id=10244, stack(0x0000006a36200000,0x0000006a36300000) (1024K)]
  0x0000020b7ed057c0 JavaThread "Worker-11: Initialize workspace"        [_thread_blocked, id=7348, stack(0x0000006a36000000,0x0000006a36100000) (1024K)]
  0x0000020b7ed08c40 JavaThread "Timer-9"                           [_thread_blocked, id=17924, stack(0x0000006a36400000,0x0000006a36500000) (1024K)]
  0x0000020b7ed09960 JavaThread "Worker-12: Initialize workspace"        [_thread_blocked, id=728, stack(0x0000006a36300000,0x0000006a36400000) (1024K)]
  0x0000020b7ed04aa0 JavaThread "Timer-10"                          [_thread_blocked, id=17852, stack(0x0000006a36600000,0x0000006a36700000) (1024K)]
  0x0000020b7ed07200 JavaThread "Worker-13: Initialize workspace"        [_thread_blocked, id=7812, stack(0x0000006a36500000,0x0000006a36600000) (1024K)]
  0x0000020b7ed092d0 JavaThread "Timer-11"                          [_thread_blocked, id=6936, stack(0x0000006a36800000,0x0000006a36900000) (1024K)]
  0x0000020b7ed05130 JavaThread "Connection worker"                 [_thread_blocked, id=19260, stack(0x0000006a36700000,0x0000006a36800000) (1024K)]
  0x0000020b7ed09ff0 JavaThread "Connection worker"                 [_thread_blocked, id=17228, stack(0x0000006a36900000,0x0000006a36a00000) (1024K)]
  0x0000020b7ed03d80 JavaThread "Connection worker"                 [_thread_blocked, id=18812, stack(0x0000006a36a00000,0x0000006a36b00000) (1024K)]
  0x0000020b7ed07f20 JavaThread "Connection worker"                 [_thread_blocked, id=1848, stack(0x0000006a36b00000,0x0000006a36c00000) (1024K)]
  0x0000020b7ed03060 JavaThread "Connection worker"                 [_thread_blocked, id=6224, stack(0x0000006a36c00000,0x0000006a36d00000) (1024K)]
  0x0000020b7ed0a680 JavaThread "Connection worker"                 [_thread_blocked, id=1016, stack(0x0000006a36d00000,0x0000006a36e00000) (1024K)]
  0x0000020b7d0da7a0 JavaThread "Timer-12"                          [_thread_blocked, id=11692, stack(0x0000006a37100000,0x0000006a37200000) (1024K)]
  0x0000020b7d0db4c0 JavaThread "Worker-14: Initialize workspace"        [_thread_blocked, id=9228, stack(0x0000006a37200000,0x0000006a37300000) (1024K)]
  0x0000020b7d0da110 JavaThread "Connection worker"                 [_thread_blocked, id=14568, stack(0x0000006a37000000,0x0000006a37100000) (1024K)]
  0x0000020b7d0dfcf0 JavaThread "Timer-13"                          [_thread_blocked, id=16264, stack(0x0000006a37400000,0x0000006a37500000) (1024K)]
  0x0000020b7d0dc1e0 JavaThread "Worker-15: Initialize workspace"        [_thread_blocked, id=13328, stack(0x0000006a37500000,0x0000006a37600000) (1024K)]
  0x0000020b7d0e0a10 JavaThread "Worker-16: Initialize workspace"        [_thread_blocked, id=8528, stack(0x0000006a37300000,0x0000006a37400000) (1024K)]
  0x0000020b7d0ddc20 JavaThread "Timer-14"                          [_thread_blocked, id=8444, stack(0x0000006a37900000,0x0000006a37a00000) (1024K)]
  0x0000020b7d0dbb50 JavaThread "Worker-17: Initialize workspace"        [_thread_blocked, id=1184, stack(0x0000006a37800000,0x0000006a37900000) (1024K)]
  0x0000020b7d0dc870 JavaThread "Connection worker"                 [_thread_blocked, id=6660, stack(0x0000006a37a00000,0x0000006a37b00000) (1024K)]
  0x0000020b7d0e1730 JavaThread "pool-11-thread-1"                  [_thread_blocked, id=14952, stack(0x0000006a37b00000,0x0000006a37c00000) (1024K)]
  0x0000020b7d0de940 JavaThread "pool-8-thread-1"                   [_thread_blocked, id=8952, stack(0x0000006a37d00000,0x0000006a37e00000) (1024K)]
  0x0000020b7d0defd0 JavaThread "pool-6-thread-1"                   [_thread_blocked, id=17072, stack(0x0000006a38000000,0x0000006a38100000) (1024K)]
  0x0000020b7d0df660 JavaThread "pool-5-thread-1"                   [_thread_blocked, id=16880, stack(0x0000006a38100000,0x0000006a38200000) (1024K)]
  0x0000020b7dd993a0 JavaThread "Timer-15"                          [_thread_blocked, id=9236, stack(0x0000006a38300000,0x0000006a38400000) (1024K)]
  0x0000020b7dd96c40 JavaThread "pool-15-thread-1"                  [_thread_blocked, id=8520, stack(0x0000006a38600000,0x0000006a38700000) (1024K)]
  0x0000020b7dd972d0 JavaThread "pool-12-thread-1"                  [_thread_blocked, id=10640, stack(0x0000006a38700000,0x0000006a38800000) (1024K)]
  0x0000020b7dd97960 JavaThread "pool-3-thread-1"                   [_thread_blocked, id=8476, stack(0x0000006a38800000,0x0000006a38900000) (1024K)]
  0x0000020b7dd97ff0 JavaThread "pool-10-thread-1"                  [_thread_blocked, id=16212, stack(0x0000006a38900000,0x0000006a38a00000) (1024K)]
  0x0000020b7dd937c0 JavaThread "Connection worker"                 [_thread_blocked, id=18724, stack(0x0000006a38500000,0x0000006a38600000) (1024K)]
  0x0000020b7dd99a30 JavaThread "Connection worker"                 [_thread_blocked, id=14560, stack(0x0000006a37f00000,0x0000006a38000000) (1024K)]
  0x0000020b7dd93e50 JavaThread "Worker-18: Initialize workspace"        [_thread_blocked, id=18804, stack(0x0000006a38c00000,0x0000006a38d00000) (1024K)]
  0x0000020b7dd94b70 JavaThread "Timer-16"                          [_thread_blocked, id=16828, stack(0x0000006a38e00000,0x0000006a38f00000) (1024K)]
  0x0000020b7dd9a0c0 JavaThread "pool-16-thread-1"                  [_thread_blocked, id=11608, stack(0x0000006a39000000,0x0000006a39100000) (1024K)]
  0x0000020b7dd93130 JavaThread "pool-17-thread-1"                  [_thread_blocked, id=12140, stack(0x0000006a39100000,0x0000006a39200000) (1024K)]
  0x0000020b7dd98d10 JavaThread "Worker-19: Initialize workspace"        [_thread_blocked, id=3412, stack(0x0000006a38f00000,0x0000006a39000000) (1024K)]
  0x0000020b7dd95200 JavaThread "Timer-17"                          [_thread_blocked, id=16944, stack(0x0000006a39200000,0x0000006a39300000) (1024K)]
  0x0000020b7d0dae30 JavaThread "Connection worker"                 [_thread_blocked, id=17276, stack(0x0000006a39400000,0x0000006a39500000) (1024K)]
  0x0000020b7dd95890 JavaThread "Worker-20: Initialize workspace"        [_thread_blocked, id=18064, stack(0x0000006a38d00000,0x0000006a38e00000) (1024K)]
  0x0000020b7dd98680 JavaThread "Connection worker"                 [_thread_blocked, id=18720, stack(0x0000006a39300000,0x0000006a39400000) (1024K)]
  0x0000020b45edb7a0 JavaThread "pool-18-thread-1"                  [_thread_blocked, id=17964, stack(0x0000006a39500000,0x0000006a39600000) (1024K)]
  0x0000020b45eda3f0 JavaThread "pool-19-thread-1"                  [_thread_blocked, id=15124, stack(0x0000006a39600000,0x0000006a39700000) (1024K)]
  0x0000020b45edbe30 JavaThread "Timer-18"                          [_thread_blocked, id=15704, stack(0x0000006a39800000,0x0000006a39900000) (1024K)]
  0x0000020b45ed6f70 JavaThread "Worker-21: Initialize workspace"        [_thread_blocked, id=14092, stack(0x0000006a39900000,0x0000006a39a00000) (1024K)]
  0x0000020b45edaa80 JavaThread "Timer-19"                          [_thread_blocked, id=7088, stack(0x0000006a39b00000,0x0000006a39c00000) (1024K)]
  0x0000020b45edd870 JavaThread "Exec process"                      [_thread_in_native, id=18632, stack(0x0000006a39e00000,0x0000006a39f00000) (1024K)]
  0x0000020b45ed68e0 JavaThread "Exec process"                      [_thread_in_native, id=14792, stack(0x0000006a3a000000,0x0000006a3a100000) (1024K)]
  0x0000020b45edb110 JavaThread "Exec process Thread 2"             [_thread_blocked, id=15204, stack(0x0000006a3a200000,0x0000006a3a300000) (1024K)]
  0x0000020b45ed8320 JavaThread "Exec process Thread 2"             [_thread_blocked, id=15160, stack(0x0000006a3a300000,0x0000006a3a400000) (1024K)]
  0x0000020b45ed96d0 JavaThread "Timer-20"                          [_thread_blocked, id=9120, stack(0x0000006a39c00000,0x0000006a39d00000) (1024K)]
  0x0000020b45ed9040 JavaThread "Exec process"                      [_thread_in_native, id=13980, stack(0x0000006a3a500000,0x0000006a3a600000) (1024K)]
  0x0000020b45edc4c0 JavaThread "Worker-22: Initialize workspace"        [_thread_blocked, id=13052, stack(0x0000006a3a600000,0x0000006a3a700000) (1024K)]
  0x0000020b467d9a90 JavaThread "Exec process Thread 2"             [_thread_blocked, id=14784, stack(0x0000006a3a900000,0x0000006a3aa00000) (1024K)]
  0x0000020b467d7330 JavaThread "Exec process"                      [_thread_in_native, id=9244, stack(0x0000006a39a00000,0x0000006a39b00000) (1024K)]
  0x0000020b467da7b0 JavaThread "Exec process"                      [_thread_in_native, id=14620, stack(0x0000006a3a100000,0x0000006a3a200000) (1024K)]
  0x0000020b467dbb60 JavaThread "Connection worker"                 [_thread_blocked, id=16780, stack(0x0000006a3a700000,0x0000006a3a800000) (1024K)]
  0x0000020b467da120 JavaThread "Exec process Thread 2"             [_thread_blocked, id=13720, stack(0x0000006a3aa00000,0x0000006a3ab00000) (1024K)]
  0x0000020b467ddc30 JavaThread "Exec process"                      [_thread_in_native, id=11832, stack(0x0000006a3ab00000,0x0000006a3ac00000) (1024K)]
  0x0000020b467dae40 JavaThread "Exec process Thread 2"             [_thread_blocked, id=18936, stack(0x0000006a3ad00000,0x0000006a3ae00000) (1024K)]
  0x0000020b467dc880 JavaThread "Exec process Thread 2"             [_thread_blocked, id=13676, stack(0x0000006a3b100000,0x0000006a3b200000) (1024K)]
  0x0000020b467dcf10 JavaThread "Exec process"                      [_thread_in_native, id=7116, stack(0x0000006a3b200000,0x0000006a3b300000) (1024K)]
  0x0000020b45ed9d60 JavaThread "Exec process Thread 2"             [_thread_blocked, id=8592, stack(0x0000006a3b800000,0x0000006a3b900000) (1024K)]
  0x0000020b467db4d0 JavaThread "Timer-21"                          [_thread_blocked, id=4624, stack(0x0000006a3b300000,0x0000006a3b400000) (1024K)]
  0x0000020b4659c920 JavaThread "pool-22-thread-1"                  [_thread_blocked, id=14356, stack(0x0000006a3bb00000,0x0000006a3bc00000) (1024K)]
  0x0000020b46598e10 JavaThread "Worker-23: Initialize workspace"        [_thread_blocked, id=1544, stack(0x0000006a3b500000,0x0000006a3b600000) (1024K)]
  0x0000020b465973d0 JavaThread "Connection worker"                 [_thread_blocked, id=8160, stack(0x0000006a3ba00000,0x0000006a3bb00000) (1024K)]
  0x0000020b4659b570 JavaThread "Exec process"                      [_thread_in_native, id=13252, stack(0x0000006a3ac00000,0x0000006a3ad00000) (1024K)]
  0x0000020b465994a0 JavaThread "Worker-24: Initialize workspace"        [_thread_blocked, id=10356, stack(0x0000006a3bc00000,0x0000006a3bd00000) (1024K)]
  0x0000020b4659a1c0 JavaThread "Timer-22"                          [_thread_blocked, id=14928, stack(0x0000006a3be00000,0x0000006a3bf00000) (1024K)]
  0x0000020b465980f0 JavaThread "Exec process Thread 2"             [_thread_blocked, id=18752, stack(0x0000006a3c100000,0x0000006a3c200000) (1024K)]
  0x0000020b4659d640 JavaThread "pool-23-thread-1"                  [_thread_blocked, id=9048, stack(0x0000006a3c200000,0x0000006a3c300000) (1024K)]
  0x0000020b4659bc00 JavaThread "Connection worker"                 [_thread_blocked, id=15432, stack(0x0000006a3bd00000,0x0000006a3be00000) (1024K)]
  0x0000020b46598780 JavaThread "Exec process"                      [_thread_in_native, id=6724, stack(0x0000006a3bf00000,0x0000006a3c000000) (1024K)]
  0x0000020b46599b30 JavaThread "pool-24-thread-1"                  [_thread_blocked, id=8068, stack(0x0000006a3c000000,0x0000006a3c100000) (1024K)]
  0x0000020b46597a60 JavaThread "Timer-23"                          [_thread_blocked, id=18920, stack(0x0000006a3c400000,0x0000006a3c500000) (1024K)]
  0x0000020b46596d40 JavaThread "Worker-25: Initialize workspace"        [_thread_blocked, id=4400, stack(0x0000006a3c500000,0x0000006a3c600000) (1024K)]
  0x0000020b4659a850 JavaThread "Exec process Thread 2"             [_thread_blocked, id=416, stack(0x0000006a3c600000,0x0000006a3c700000) (1024K)]
  0x0000020b4659aee0 JavaThread "Connection worker"                 [_thread_blocked, id=13488, stack(0x0000006a3c700000,0x0000006a3c800000) (1024K)]
  0x0000020b4659c290 JavaThread "Connection worker"                 [_thread_blocked, id=1304, stack(0x0000006a37700000,0x0000006a37800000) (1024K)]
  0x0000020b4659dcd0 JavaThread "pool-25-thread-1"                  [_thread_blocked, id=18588, stack(0x0000006a38400000,0x0000006a38500000) (1024K)]
  0x0000020b467de2c0 JavaThread "Timer-24"                          [_thread_blocked, id=4080, stack(0x0000006a3c800000,0x0000006a3c900000) (1024K)]
  0x0000020b467d79c0 JavaThread "Worker-26: Initialize workspace"        [_thread_in_native, id=17012, stack(0x0000006a3c900000,0x0000006a3ca00000) (1024K)]
  0x0000020b467d8050 JavaThread "Exec process"                      [_thread_in_native, id=7084, stack(0x0000006a3c300000,0x0000006a3c400000) (1024K)]
  0x0000020b4659e360 JavaThread "Worker-27: Initialize workspace"        [_thread_blocked, id=15608, stack(0x0000006a3ca00000,0x0000006a3cb00000) (1024K)]
  0x0000020b7dd965b0 JavaThread "Connection worker"                 [_thread_blocked, id=11060, stack(0x0000006a3cb00000,0x0000006a3cc00000) (1024K)]
  0x0000020b4653e8e0 JavaThread "Timer-25"                          [_thread_blocked, id=7716, stack(0x0000006a3cd00000,0x0000006a3ce00000) (1024K)]
  0x0000020b4653e250 JavaThread "Exec process Thread 2"             [_thread_blocked, id=2492, stack(0x0000006a3d000000,0x0000006a3d100000) (1024K)]
  0x0000020b4653b460 JavaThread "pool-26-thread-1"                  [_thread_blocked, id=8812, stack(0x0000006a3d100000,0x0000006a3d200000) (1024K)]
  0x0000020b46539390 JavaThread "Connection worker"                 [_thread_blocked, id=13636, stack(0x0000006a3cc00000,0x0000006a3cd00000) (1024K)]
  0x0000020b4653a740 JavaThread "Worker-28: Initialize workspace"        [_thread_blocked, id=8196, stack(0x0000006a3ce00000,0x0000006a3cf00000) (1024K)]
  0x0000020b46537fe0 JavaThread "Exec process"                      [_thread_in_native, id=8932, stack(0x0000006a3cf00000,0x0000006a3d000000) (1024K)]
  0x0000020b46538d00 JavaThread "pool-27-thread-1"                  [_thread_blocked, id=11116, stack(0x0000006a3d200000,0x0000006a3d300000) (1024K)]
  0x0000020b4653ef70 JavaThread "Timer-26"                          [_thread_blocked, id=4936, stack(0x0000006a3d400000,0x0000006a3d500000) (1024K)]
  0x0000020b4653cea0 JavaThread "Exec process"                      [_thread_in_native, id=15544, stack(0x0000006a3d600000,0x0000006a3d700000) (1024K)]
  0x0000020b46538670 JavaThread "Exec process Thread 2"             [_thread_blocked, id=19080, stack(0x0000006a3d800000,0x0000006a3d900000) (1024K)]
  0x0000020b4653a0b0 JavaThread "Exec process Thread 2"             [_thread_blocked, id=13740, stack(0x0000006a3da00000,0x0000006a3db00000) (1024K)]
  0x0000020b4653f600 JavaThread "Connection worker"                 [_thread_blocked, id=14420, stack(0x0000006a3d300000,0x0000006a3d400000) (1024K)]
  0x0000020b4653d530 JavaThread "pool-28-thread-1"                  [_thread_blocked, id=15864, stack(0x0000006a3d900000,0x0000006a3da00000) (1024K)]
  0x0000020b4653dbc0 JavaThread "Connection worker"                 [_thread_blocked, id=9812, stack(0x0000006a35300000,0x0000006a35400000) (1024K)]
  0x0000020b4653baf0 JavaThread "Timer-27"                          [_thread_blocked, id=13972, stack(0x0000006a39f00000,0x0000006a3a000000) (1024K)]
  0x0000020b4653c810 JavaThread "Worker-29: Initialize workspace"        [_thread_blocked, id=10224, stack(0x0000006a37c00000,0x0000006a37d00000) (1024K)]
  0x0000020b7d0e10a0 JavaThread "Exec process"                      [_thread_in_native, id=17444, stack(0x0000006a3db00000,0x0000006a3dc00000) (1024K)]
  0x0000020b45ed7600 JavaThread "Worker-30"                         [_thread_blocked, id=15556, stack(0x0000006a3dc00000,0x0000006a3dd00000) (1024K)]
  0x0000020b4653add0 JavaThread "Exec process Thread 2"             [_thread_blocked, id=19180, stack(0x0000006a3dd00000,0x0000006a3de00000) (1024K)]
  0x0000020b7ed036f0 JavaThread "Connection worker"                 [_thread_blocked, id=9716, stack(0x0000006a3de00000,0x0000006a3df00000) (1024K)]
  0x0000020b467d9400 JavaThread "Connection worker"                 [_thread_in_native, id=15804, stack(0x0000006a37600000,0x0000006a37700000) (1024K)]
  0x0000020b467dc1f0 JavaThread "Connection worker"                 [_thread_blocked, id=16720, stack(0x0000006a3ae00000,0x0000006a3af00000) (1024K)]
  0x0000020b45ed7c90 JavaThread "Timer-28"                          [_thread_blocked, id=17348, stack(0x0000006a3a400000,0x0000006a3a500000) (1024K)]
  0x0000020b7d0e0380 JavaThread "pool-29-thread-1"                  [_thread_blocked, id=5400, stack(0x0000006a3b600000,0x0000006a3b700000) (1024K)]
  0x0000020b7d0dcf00 JavaThread "Exec process"                      [_thread_in_native, id=5876, stack(0x0000006a37e00000,0x0000006a37f00000) (1024K)]
  0x0000020b467dd5a0 JavaThread "Worker-31"                         [_thread_blocked, id=4796, stack(0x0000006a3b000000,0x0000006a3b100000) (1024K)]
  0x0000020b465870e0 JavaThread "Timer-29"                          [_thread_blocked, id=4632, stack(0x0000006a3df00000,0x0000006a3e000000) (1024K)]
  0x0000020b4658abf0 JavaThread "Connection worker"                 [_thread_blocked, id=5448, stack(0x0000006a36e00000,0x0000006a36f00000) (1024K)]
  0x0000020b46589ed0 JavaThread "Exec process"                      [_thread_in_native, id=13812, stack(0x0000006a3af00000,0x0000006a3b000000) (1024K)]
  0x0000020b46589840 JavaThread "Exec process"                      [_thread_in_native, id=17984, stack(0x0000006a3b400000,0x0000006a3b500000) (1024K)]
  0x0000020b4658a560 JavaThread "Exec process Thread 2"             [_thread_blocked, id=6840, stack(0x0000006a3e100000,0x0000006a3e200000) (1024K)]
  0x0000020b46587e00 JavaThread "Exec process Thread 2"             [_thread_blocked, id=17804, stack(0x0000006a3e300000,0x0000006a3e400000) (1024K)]
  0x0000020b4658b280 JavaThread "Exec process Thread 2"             [_thread_blocked, id=12188, stack(0x0000006a3e500000,0x0000006a3e600000) (1024K)]
  0x0000020b46588490 JavaThread "Exec process"                      [_thread_in_native, id=16104, stack(0x0000006a3e600000,0x0000006a3e700000) (1024K)]
  0x0000020b46588b20 JavaThread "Worker-32: Initialize workspace"        [_thread_blocked, id=16192, stack(0x0000006a38200000,0x0000006a38300000) (1024K)]
  0x0000020b465891b0 JavaThread "Exec process Thread 2"             [_thread_blocked, id=848, stack(0x0000006a3e000000,0x0000006a3e100000) (1024K)]
  0x0000020b46583c60 JavaThread "Connection worker"                 [_thread_blocked, id=3596, stack(0x0000006a3e200000,0x0000006a3e300000) (1024K)]
  0x0000020b46585010 JavaThread "Exec process"                      [_thread_in_native, id=2680, stack(0x0000006a3e400000,0x0000006a3e500000) (1024K)]
  0x0000020b465842f0 JavaThread "Connection worker"                 [_thread_in_native, id=5980, stack(0x0000006a3b900000,0x0000006a3ba00000) (1024K)]
  0x0000020b46587770 JavaThread "pool-30-thread-1"                  [_thread_blocked, id=18572, stack(0x0000006a3e700000,0x0000006a3e800000) (1024K)]
  0x0000020b465856a0 JavaThread "Timer-30"                          [_thread_blocked, id=16564, stack(0x0000006a3e900000,0x0000006a3ea00000) (1024K)]
  0x0000020b4658b910 JavaThread "Connection worker"                 [_thread_blocked, id=5636, stack(0x0000006a36f00000,0x0000006a37000000) (1024K)]
  0x0000020b46585d30 JavaThread "Exec process Thread 2"             [_thread_blocked, id=1244, stack(0x0000006a3a800000,0x0000006a3a900000) (1024K)]
  0x0000020b4658d350 JavaThread "pool-31-thread-1"                  [_thread_blocked, id=8272, stack(0x0000006a3b700000,0x0000006a3b800000) (1024K)]
  0x0000020b4658bfa0 JavaThread "Exec process"                      [_thread_new, id=9144, stack(0x0000000000000000,0x0000000000000000) (0B)]
  0x0000020b46586a50 JavaThread "Exec process"                      [_thread_new, id=11828, stack(0x0000000000000000,0x0000000000000000) (0B)]
  0x0000020b4658c630 JavaThread "Connection worker"                 [_thread_new, id=8624, stack(0x0000000000000000,0x0000000000000000) (0B)]
  0x0000020b4658ccc0 JavaThread "Exec process"                      [_thread_new, id=1956, stack(0x0000000000000000,0x0000000000000000) (0B)]
  0x0000020b465863c0 JavaThread "Exec process"                      [_thread_new, id=1660, stack(0x0000000000000000,0x0000000000000000) (0B)]
  0x0000020b46592f30 JavaThread "Exec process"                      [_thread_new, id=18620, stack(0x0000000000000000,0x0000000000000000) (0B)]
Total: 182

Other Threads:
  0x0000020b7ba1ba80 VMThread "VM Thread"                           [id=16376, stack(0x0000006a32e00000,0x0000006a32f00000) (1024K)]
  0x0000020b65112a90 WatcherThread "VM Periodic Task Thread"        [id=17916, stack(0x0000006a32d00000,0x0000006a32e00000) (1024K)]
  0x0000020b6506bad0 WorkerThread "GC Thread#0"                     [id=17516, stack(0x0000006a32c00000,0x0000006a32d00000) (1024K)]
  0x0000020b7ce30450 WorkerThread "GC Thread#1"                     [id=17572, stack(0x0000006a33900000,0x0000006a33a00000) (1024K)]
  0x0000020b7cee7bc0 WorkerThread "GC Thread#2"                     [id=17952, stack(0x0000006a33a00000,0x0000006a33b00000) (1024K)]
  0x0000020b7cee7f70 WorkerThread "GC Thread#3"                     [id=828, stack(0x0000006a33b00000,0x0000006a33c00000) (1024K)]
Total: 6

Threads with active compile tasks:
C2 CompilerThread0  53053 11013       4       org.gradle.launcher.daemon.context.DefaultDaemonContext$Serializer::read (229 bytes)
Total: 1

VM state: not at safepoint (normal execution)

VM Mutex/Monitor currently owned by a thread: None

Heap address: 0x0000000080000000, size: 2048 MB, Compressed Oops mode: 32-bit

CDS archive(s) mapped at: [0x0000020b00000000-0x0000020b00ba0000-0x0000020b00ba0000), size 12189696, SharedBaseAddress: 0x0000020b00000000, ArchiveRelocationMode: 1.
Compressed class space mapped at: 0x0000020b01000000-0x0000020b41000000, reserved size: 1073741824
Narrow klass base: 0x0000020b00000000, Narrow klass shift: 0, Narrow klass range: 0x100000000

GC Precious Log:
 CardTable entry size: 512
 CPUs: 4 total, 4 available
 Memory: 8080M
 Large Page Support: Disabled
 NUMA Support: Disabled
 Compressed Oops: Enabled (32-bit)
 Alignments: Space 512K, Generation 512K, Heap 2M
 Heap Min Capacity: 100M
 Heap Initial Capacity: 100M
 Heap Max Capacity: 2G
 Pre-touch: Disabled
 Parallel Workers: 4

Heap:
 PSYoungGen      total 9728K, used 5113K [0x00000000d5580000, 0x00000000d6480000, 0x0000000100000000)
  eden space 7168K, 36% used [0x00000000d5580000,0x00000000d5805c30,0x00000000d5c80000)
  from space 2560K, 98% used [0x00000000d5c80000,0x00000000d5ef8900,0x00000000d5f00000)
  to   space 4096K, 0% used [0x00000000d6080000,0x00000000d6080000,0x00000000d6480000)
 ParOldGen       total 121856K, used 94537K [0x0000000080000000, 0x0000000087700000, 0x00000000d5580000)
  object space 121856K, 77% used [0x0000000080000000,0x0000000085c52600,0x0000000087700000)
 Metaspace       used 63083K, committed 64704K, reserved 1114112K
  class space    used 7296K, committed 8064K, reserved 1048576K

Card table byte_map: [0x0000020b64a20000,0x0000020b64e30000] _byte_map_base: 0x0000020b64620000

Marking Bits: (ParMarkBitMap*) 0x00007ffe5c4344a0
 Begin Bits: [0x0000020b77510000, 0x0000020b79510000)
 End Bits:   [0x0000020b79510000, 0x0000020b7b510000)

Polling page: 0x0000020b62d90000

Metaspace:

Usage:
  Non-class:     54.48 MB used.
      Class:      7.13 MB used.
       Both:     61.60 MB used.

Virtual space:
  Non-class space:       64.00 MB reserved,      55.31 MB ( 86%) committed,  1 nodes.
      Class space:        1.00 GB reserved,       7.88 MB ( <1%) committed,  1 nodes.
             Both:        1.06 GB reserved,      63.19 MB (  6%) committed. 

Chunk freelists:
   Non-Class:  8.16 MB
       Class:  8.09 MB
        Both:  16.25 MB

MaxMetaspaceSize: unlimited
CompressedClassSpaceSize: 1.00 GB
Initial GC threshold: 21.00 MB
Current GC threshold: 97.31 MB
CDS: on
 - commit_granule_bytes: 65536.
 - commit_granule_words: 8192.
 - virtual_space_node_default_size: 8388608.
 - enlarge_chunks_in_place: 1.
 - use_allocation_guard: 0.


Internal statistics:

num_allocs_failed_limit: 9.
num_arena_births: 1420.
num_arena_deaths: 18.
num_vsnodes_births: 2.
num_vsnodes_deaths: 0.
num_space_committed: 1011.
num_space_uncommitted: 0.
num_chunks_returned_to_freelist: 27.
num_chunks_taken_from_freelist: 4286.
num_chunk_merges: 15.
num_chunk_splits: 2684.
num_chunks_enlarged: 1551.
num_inconsistent_stats: 0.

CodeHeap 'non-profiled nmethods': size=120000Kb used=6734Kb max_used=6734Kb free=113265Kb
 bounds [0x0000020b6fd30000, 0x0000020b703d0000, 0x0000020b77260000]
CodeHeap 'profiled nmethods': size=120000Kb used=21683Kb max_used=21683Kb free=98317Kb
 bounds [0x0000020b68260000, 0x0000020b69790000, 0x0000020b6f790000]
CodeHeap 'non-nmethods': size=5760Kb used=1398Kb max_used=1437Kb free=4361Kb
 bounds [0x0000020b6f790000, 0x0000020b6fa00000, 0x0000020b6fd30000]
CodeCache: size=245760Kb, used=29815Kb, max_used=29854Kb, free=215943Kb
 total_blobs=10966, nmethods=10261, adapters=611, full_count=0
Compilation: enabled, stopped_count=0, restarted_count=0

Compilation events (20 events):
Event: 52.704 Thread 0x0000020b7bab7140 nmethod 11005 0x0000020b703c2f10 code [0x0000020b703c30a0, 0x0000020b703c3150]
Event: 52.723 Thread 0x0000020b7ba42340 11006       4       com.google.common.base.CharMatcher$Is::matches (14 bytes)
Event: 52.723 Thread 0x0000020b7ba42340 nmethod 11006 0x0000020b703c3210 code [0x0000020b703c33a0, 0x0000020b703c3438]
Event: 52.724 Thread 0x0000020b7bab7140 11007       3       com.google.common.base.AbstractIterator::tryToComputeNext (36 bytes)
Event: 52.724 Thread 0x0000020b7bab7140 nmethod 11007 0x0000020b69787f10 code [0x0000020b697880e0, 0x0000020b69788460]
Event: 52.742 Thread 0x0000020b7bab7140 11008       3       java.util.concurrent.atomic.AtomicLong::<init> (10 bytes)
Event: 52.742 Thread 0x0000020b7bab7140 nmethod 11008 0x0000020b69788590 code [0x0000020b69788740, 0x0000020b69788920]
Event: 52.761 Thread 0x0000020b7ba42340 11009       4       jdk.internal.ref.PhantomCleanable::clear (12 bytes)
Event: 52.764 Thread 0x0000020b7ba42340 nmethod 11009 0x0000020b703c3510 code [0x0000020b703c36c0, 0x0000020b703c39e0]
Event: 52.765 Thread 0x0000020b7bab7140 11010       3       org.slf4j.helpers.MessageFormatter::isEscapedDelimeter (24 bytes)
Event: 52.766 Thread 0x0000020b7bab7140 nmethod 11010 0x0000020b69788a10 code [0x0000020b69788c20, 0x0000020b69789250]
Event: 52.766 Thread 0x0000020b7bab7140 11011   !   3       org.slf4j.helpers.MessageFormatter::safeObjectAppend (57 bytes)
Event: 52.767 Thread 0x0000020b7bab7140 nmethod 11011 0x0000020b69789510 code [0x0000020b697897c0, 0x0000020b6978a100]
Event: 52.767 Thread 0x0000020b7bab7140 11012       3       org.slf4j.helpers.MessageFormatter::deeplyAppendParameter (184 bytes)
Event: 52.768 Thread 0x0000020b7bab7140 nmethod 11012 0x0000020b6978a590 code [0x0000020b6978a920, 0x0000020b6978c1b8]
Event: 52.802 Thread 0x0000020b7ba42340 11013       4       org.gradle.launcher.daemon.context.DefaultDaemonContext$Serializer::read (229 bytes)
Event: 52.810 Thread 0x0000020b7bab7140 11014       3       org.gradle.cache.internal.DefaultFileLockManager::access$500 (4 bytes)
Event: 52.810 Thread 0x0000020b7bab7140 nmethod 11014 0x0000020b6978c510 code [0x0000020b6978c6a0, 0x0000020b6978c798]
Event: 52.815 Thread 0x0000020b7bab7140 11015       3       org.gradle.internal.logging.events.LogEvent::<init> (23 bytes)
Event: 52.816 Thread 0x0000020b7bab7140 nmethod 11015 0x0000020b6978c810 code [0x0000020b6978c9c0, 0x0000020b6978cb58]

GC Heap History (20 events):
Event: 50.060 GC heap before
{Heap before GC invocations=189 (full 3):
 PSYoungGen      total 8192K, used 7728K [0x00000000d5580000, 0x00000000d6280000, 0x0000000100000000)
  eden space 7168K, 100% used [0x00000000d5580000,0x00000000d5c80000,0x00000000d5c80000)
  from space 1024K, 54% used [0x00000000d6080000,0x00000000d610c0a0,0x00000000d6180000)
  to   space 1024K, 0% used [0x00000000d6180000,0x00000000d6180000,0x00000000d6280000)
 ParOldGen       total 121856K, used 87164K [0x0000000080000000, 0x0000000087700000, 0x00000000d5580000)
  object space 121856K, 71% used [0x0000000080000000,0x000000008551f070,0x0000000087700000)
 Metaspace       used 62836K, committed 64448K, reserved 1114112K
  class space    used 7284K, committed 8064K, reserved 1048576K
}
Event: 50.063 GC heap after
{Heap after GC invocations=189 (full 3):
 PSYoungGen      total 8192K, used 993K [0x00000000d5580000, 0x00000000d6280000, 0x0000000100000000)
  eden space 7168K, 0% used [0x00000000d5580000,0x00000000d5580000,0x00000000d5c80000)
  from space 1024K, 96% used [0x00000000d6180000,0x00000000d62784a0,0x00000000d6280000)
  to   space 2560K, 0% used [0x00000000d5d80000,0x00000000d5d80000,0x00000000d6000000)
 ParOldGen       total 121856K, used 87995K [0x0000000080000000, 0x0000000087700000, 0x00000000d5580000)
  object space 121856K, 72% used [0x0000000080000000,0x00000000855eecc8,0x0000000087700000)
 Metaspace       used 62836K, committed 64448K, reserved 1114112K
  class space    used 7284K, committed 8064K, reserved 1048576K
}
Event: 50.309 GC heap before
{Heap before GC invocations=190 (full 3):
 PSYoungGen      total 8192K, used 8161K [0x00000000d5580000, 0x00000000d6280000, 0x0000000100000000)
  eden space 7168K, 100% used [0x00000000d5580000,0x00000000d5c80000,0x00000000d5c80000)
  from space 1024K, 96% used [0x00000000d6180000,0x00000000d62784a0,0x00000000d6280000)
  to   space 2560K, 0% used [0x00000000d5d80000,0x00000000d5d80000,0x00000000d6000000)
 ParOldGen       total 121856K, used 87995K [0x0000000080000000, 0x0000000087700000, 0x00000000d5580000)
  object space 121856K, 72% used [0x0000000080000000,0x00000000855eecc8,0x0000000087700000)
 Metaspace       used 62936K, committed 64512K, reserved 1114112K
  class space    used 7296K, committed 8064K, reserved 1048576K
}
Event: 50.313 GC heap after
{Heap after GC invocations=190 (full 3):
 PSYoungGen      total 9728K, used 640K [0x00000000d5580000, 0x00000000d6200000, 0x0000000100000000)
  eden space 7168K, 0% used [0x00000000d5580000,0x00000000d5580000,0x00000000d5c80000)
  from space 2560K, 25% used [0x00000000d5d80000,0x00000000d5e20000,0x00000000d6000000)
  to   space 1536K, 0% used [0x00000000d6080000,0x00000000d6080000,0x00000000d6200000)
 ParOldGen       total 121856K, used 88299K [0x0000000080000000, 0x0000000087700000, 0x00000000d5580000)
  object space 121856K, 72% used [0x0000000080000000,0x000000008563ad48,0x0000000087700000)
 Metaspace       used 62936K, committed 64512K, reserved 1114112K
  class space    used 7296K, committed 8064K, reserved 1048576K
}
Event: 50.479 GC heap before
{Heap before GC invocations=191 (full 3):
 PSYoungGen      total 9728K, used 7752K [0x00000000d5580000, 0x00000000d6200000, 0x0000000100000000)
  eden space 7168K, 99% used [0x00000000d5580000,0x00000000d5c721b8,0x00000000d5c80000)
  from space 2560K, 25% used [0x00000000d5d80000,0x00000000d5e20000,0x00000000d6000000)
  to   space 1536K, 0% used [0x00000000d6080000,0x00000000d6080000,0x00000000d6200000)
 ParOldGen       total 121856K, used 88299K [0x0000000080000000, 0x0000000087700000, 0x00000000d5580000)
  object space 121856K, 72% used [0x0000000080000000,0x000000008563ad48,0x0000000087700000)
 Metaspace       used 62954K, committed 64576K, reserved 1114112K
  class space    used 7296K, committed 8064K, reserved 1048576K
}
Event: 50.482 GC heap after
{Heap after GC invocations=191 (full 3):
 PSYoungGen      total 7680K, used 448K [0x00000000d5580000, 0x00000000d6100000, 0x0000000100000000)
  eden space 7168K, 0% used [0x00000000d5580000,0x00000000d5580000,0x00000000d5c80000)
  from space 512K, 87% used [0x00000000d6080000,0x00000000d60f0090,0x00000000d6100000)
  to   space 1024K, 0% used [0x00000000d5f00000,0x00000000d5f00000,0x00000000d6000000)
 ParOldGen       total 121856K, used 88859K [0x0000000080000000, 0x0000000087700000, 0x00000000d5580000)
  object space 121856K, 72% used [0x0000000080000000,0x00000000856c6d68,0x0000000087700000)
 Metaspace       used 62954K, committed 64576K, reserved 1114112K
  class space    used 7296K, committed 8064K, reserved 1048576K
}
Event: 50.790 GC heap before
{Heap before GC invocations=192 (full 3):
 PSYoungGen      total 7680K, used 7616K [0x00000000d5580000, 0x00000000d6100000, 0x0000000100000000)
  eden space 7168K, 100% used [0x00000000d5580000,0x00000000d5c80000,0x00000000d5c80000)
  from space 512K, 87% used [0x00000000d6080000,0x00000000d60f0090,0x00000000d6100000)
  to   space 1024K, 0% used [0x00000000d5f00000,0x00000000d5f00000,0x00000000d6000000)
 ParOldGen       total 121856K, used 88859K [0x0000000080000000, 0x0000000087700000, 0x00000000d5580000)
  object space 121856K, 72% used [0x0000000080000000,0x00000000856c6d68,0x0000000087700000)
 Metaspace       used 62987K, committed 64576K, reserved 1114112K
  class space    used 7296K, committed 8064K, reserved 1048576K
}
Event: 50.791 GC heap after
{Heap after GC invocations=192 (full 3):
 PSYoungGen      total 8192K, used 320K [0x00000000d5580000, 0x00000000d6100000, 0x0000000100000000)
  eden space 7168K, 0% used [0x00000000d5580000,0x00000000d5580000,0x00000000d5c80000)
  from space 1024K, 31% used [0x00000000d5f00000,0x00000000d5f50000,0x00000000d6000000)
  to   space 512K, 0% used [0x00000000d6080000,0x00000000d6080000,0x00000000d6100000)
 ParOldGen       total 121856K, used 89029K [0x0000000080000000, 0x0000000087700000, 0x00000000d5580000)
  object space 121856K, 73% used [0x0000000080000000,0x00000000856f1490,0x0000000087700000)
 Metaspace       used 62987K, committed 64576K, reserved 1114112K
  class space    used 7296K, committed 8064K, reserved 1048576K
}
Event: 51.315 GC heap before
{Heap before GC invocations=193 (full 3):
 PSYoungGen      total 8192K, used 7488K [0x00000000d5580000, 0x00000000d6100000, 0x0000000100000000)
  eden space 7168K, 100% used [0x00000000d5580000,0x00000000d5c80000,0x00000000d5c80000)
  from space 1024K, 31% used [0x00000000d5f00000,0x00000000d5f50000,0x00000000d6000000)
  to   space 512K, 0% used [0x00000000d6080000,0x00000000d6080000,0x00000000d6100000)
 ParOldGen       total 121856K, used 89029K [0x0000000080000000, 0x0000000087700000, 0x00000000d5580000)
  object space 121856K, 73% used [0x0000000080000000,0x00000000856f1490,0x0000000087700000)
 Metaspace       used 63006K, committed 64576K, reserved 1114112K
  class space    used 7296K, committed 8064K, reserved 1048576K
}
Event: 51.317 GC heap after
{Heap after GC invocations=193 (full 3):
 PSYoungGen      total 7680K, used 352K [0x00000000d5580000, 0x00000000d6100000, 0x0000000100000000)
  eden space 7168K, 0% used [0x00000000d5580000,0x00000000d5580000,0x00000000d5c80000)
  from space 512K, 68% used [0x00000000d6080000,0x00000000d60d8020,0x00000000d6100000)
  to   space 512K, 0% used [0x00000000d6000000,0x00000000d6000000,0x00000000d6080000)
 ParOldGen       total 121856K, used 89197K [0x0000000080000000, 0x0000000087700000, 0x00000000d5580000)
  object space 121856K, 73% used [0x0000000080000000,0x000000008571b500,0x0000000087700000)
 Metaspace       used 63006K, committed 64576K, reserved 1114112K
  class space    used 7296K, committed 8064K, reserved 1048576K
}
Event: 51.567 GC heap before
{Heap before GC invocations=194 (full 3):
 PSYoungGen      total 7680K, used 7520K [0x00000000d5580000, 0x00000000d6100000, 0x0000000100000000)
  eden space 7168K, 100% used [0x00000000d5580000,0x00000000d5c80000,0x00000000d5c80000)
  from space 512K, 68% used [0x00000000d6080000,0x00000000d60d8020,0x00000000d6100000)
  to   space 512K, 0% used [0x00000000d6000000,0x00000000d6000000,0x00000000d6080000)
 ParOldGen       total 121856K, used 89197K [0x0000000080000000, 0x0000000087700000, 0x00000000d5580000)
  object space 121856K, 73% used [0x0000000080000000,0x000000008571b500,0x0000000087700000)
 Metaspace       used 63011K, committed 64576K, reserved 1114112K
  class space    used 7296K, committed 8064K, reserved 1048576K
}
Event: 51.569 GC heap after
{Heap after GC invocations=194 (full 3):
 PSYoungGen      total 7680K, used 480K [0x00000000d5580000, 0x00000000d6100000, 0x0000000100000000)
  eden space 7168K, 0% used [0x00000000d5580000,0x00000000d5580000,0x00000000d5c80000)
  from space 512K, 93% used [0x00000000d6000000,0x00000000d6078020,0x00000000d6080000)
  to   space 512K, 0% used [0x00000000d6080000,0x00000000d6080000,0x00000000d6100000)
 ParOldGen       total 121856K, used 90476K [0x0000000080000000, 0x0000000087700000, 0x00000000d5580000)
  object space 121856K, 74% used [0x0000000080000000,0x000000008585b200,0x0000000087700000)
 Metaspace       used 63011K, committed 64576K, reserved 1114112K
  class space    used 7296K, committed 8064K, reserved 1048576K
}
Event: 51.789 GC heap before
{Heap before GC invocations=195 (full 3):
 PSYoungGen      total 7680K, used 7648K [0x00000000d5580000, 0x00000000d6100000, 0x0000000100000000)
  eden space 7168K, 100% used [0x00000000d5580000,0x00000000d5c80000,0x00000000d5c80000)
  from space 512K, 93% used [0x00000000d6000000,0x00000000d6078020,0x00000000d6080000)
  to   space 512K, 0% used [0x00000000d6080000,0x00000000d6080000,0x00000000d6100000)
 ParOldGen       total 121856K, used 90476K [0x0000000080000000, 0x0000000087700000, 0x00000000d5580000)
  object space 121856K, 74% used [0x0000000080000000,0x000000008585b200,0x0000000087700000)
 Metaspace       used 63015K, committed 64576K, reserved 1114112K
  class space    used 7296K, committed 8064K, reserved 1048576K
}
Event: 51.794 GC heap after
{Heap after GC invocations=195 (full 3):
 PSYoungGen      total 7680K, used 481K [0x00000000d5580000, 0x00000000d6280000, 0x0000000100000000)
  eden space 7168K, 0% used [0x00000000d5580000,0x00000000d5580000,0x00000000d5c80000)
  from space 512K, 93% used [0x00000000d6080000,0x00000000d60f8480,0x00000000d6100000)
  to   space 3072K, 0% used [0x00000000d5c80000,0x00000000d5c80000,0x00000000d5f80000)
 ParOldGen       total 121856K, used 92633K [0x0000000080000000, 0x0000000087700000, 0x00000000d5580000)
  object space 121856K, 76% used [0x0000000080000000,0x0000000085a76720,0x0000000087700000)
 Metaspace       used 63015K, committed 64576K, reserved 1114112K
  class space    used 7296K, committed 8064K, reserved 1048576K
}
Event: 52.170 GC heap before
{Heap before GC invocations=196 (full 3):
 PSYoungGen      total 7680K, used 7649K [0x00000000d5580000, 0x00000000d6280000, 0x0000000100000000)
  eden space 7168K, 100% used [0x00000000d5580000,0x00000000d5c80000,0x00000000d5c80000)
  from space 512K, 93% used [0x00000000d6080000,0x00000000d60f8480,0x00000000d6100000)
  to   space 3072K, 0% used [0x00000000d5c80000,0x00000000d5c80000,0x00000000d5f80000)
 ParOldGen       total 121856K, used 92633K [0x0000000080000000, 0x0000000087700000, 0x00000000d5580000)
  object space 121856K, 76% used [0x0000000080000000,0x0000000085a76720,0x0000000087700000)
 Metaspace       used 63037K, committed 64640K, reserved 1114112K
  class space    used 7296K, committed 8064K, reserved 1048576K
}
Event: 52.173 GC heap after
{Heap after GC invocations=196 (full 3):
 PSYoungGen      total 10240K, used 512K [0x00000000d5580000, 0x00000000d6100000, 0x0000000100000000)
  eden space 7168K, 0% used [0x00000000d5580000,0x00000000d5580000,0x00000000d5c80000)
  from space 3072K, 16% used [0x00000000d5c80000,0x00000000d5d00020,0x00000000d5f80000)
  to   space 1536K, 0% used [0x00000000d5f80000,0x00000000d5f80000,0x00000000d6100000)
 ParOldGen       total 121856K, used 92805K [0x0000000080000000, 0x0000000087700000, 0x00000000d5580000)
  object space 121856K, 76% used [0x0000000080000000,0x0000000085aa1760,0x0000000087700000)
 Metaspace       used 63037K, committed 64640K, reserved 1114112K
  class space    used 7296K, committed 8064K, reserved 1048576K
}
Event: 52.381 GC heap before
{Heap before GC invocations=197 (full 3):
 PSYoungGen      total 10240K, used 7680K [0x00000000d5580000, 0x00000000d6100000, 0x0000000100000000)
  eden space 7168K, 99% used [0x00000000d5580000,0x00000000d5c7fff8,0x00000000d5c80000)
  from space 3072K, 16% used [0x00000000d5c80000,0x00000000d5d00020,0x00000000d5f80000)
  to   space 1536K, 0% used [0x00000000d5f80000,0x00000000d5f80000,0x00000000d6100000)
 ParOldGen       total 121856K, used 92805K [0x0000000080000000, 0x0000000087700000, 0x00000000d5580000)
  object space 121856K, 76% used [0x0000000080000000,0x0000000085aa1760,0x0000000087700000)
 Metaspace       used 63053K, committed 64704K, reserved 1114112K
  class space    used 7296K, committed 8064K, reserved 1048576K
}
Event: 52.384 GC heap after
{Heap after GC invocations=197 (full 3):
 PSYoungGen      total 8704K, used 1523K [0x00000000d5580000, 0x00000000d6180000, 0x0000000100000000)
  eden space 7168K, 0% used [0x00000000d5580000,0x00000000d5580000,0x00000000d5c80000)
  from space 1536K, 99% used [0x00000000d5f80000,0x00000000d60fcca0,0x00000000d6100000)
  to   space 2560K, 0% used [0x00000000d5c80000,0x00000000d5c80000,0x00000000d5f00000)
 ParOldGen       total 121856K, used 93351K [0x0000000080000000, 0x0000000087700000, 0x00000000d5580000)
  object space 121856K, 76% used [0x0000000080000000,0x0000000085b29ea8,0x0000000087700000)
 Metaspace       used 63053K, committed 64704K, reserved 1114112K
  class space    used 7296K, committed 8064K, reserved 1048576K
}
Event: 52.415 GC heap before
{Heap before GC invocations=198 (full 3):
 PSYoungGen      total 8704K, used 8691K [0x00000000d5580000, 0x00000000d6180000, 0x0000000100000000)
  eden space 7168K, 100% used [0x00000000d5580000,0x00000000d5c80000,0x00000000d5c80000)
  from space 1536K, 99% used [0x00000000d5f80000,0x00000000d60fcca0,0x00000000d6100000)
  to   space 2560K, 0% used [0x00000000d5c80000,0x00000000d5c80000,0x00000000d5f00000)
 ParOldGen       total 121856K, used 93351K [0x0000000080000000, 0x0000000087700000, 0x00000000d5580000)
  object space 121856K, 76% used [0x0000000080000000,0x0000000085b29ea8,0x0000000087700000)
 Metaspace       used 63055K, committed 64704K, reserved 1114112K
  class space    used 7296K, committed 8064K, reserved 1048576K
}
Event: 52.419 GC heap after
{Heap after GC invocations=198 (full 3):
 PSYoungGen      total 9728K, used 2530K [0x00000000d5580000, 0x00000000d6480000, 0x0000000100000000)
  eden space 7168K, 0% used [0x00000000d5580000,0x00000000d5580000,0x00000000d5c80000)
  from space 2560K, 98% used [0x00000000d5c80000,0x00000000d5ef8900,0x00000000d5f00000)
  to   space 4096K, 0% used [0x00000000d6080000,0x00000000d6080000,0x00000000d6480000)
 ParOldGen       total 121856K, used 94537K [0x0000000080000000, 0x0000000087700000, 0x00000000d5580000)
  object space 121856K, 77% used [0x0000000080000000,0x0000000085c52600,0x0000000087700000)
 Metaspace       used 63055K, committed 64704K, reserved 1114112K
  class space    used 7296K, committed 8064K, reserved 1048576K
}

Dll operation events (20 events):
Event: 0.383 Attempting to load shared library C:\Users\sampa\.vscode\extensions\redhat.java-1.56.0-win32-x64\jre\21.0.12.1-win32-x86_64\bin\zip.dll
Event: 0.383 Loaded shared library C:\Users\sampa\.vscode\extensions\redhat.java-1.56.0-win32-x64\jre\21.0.12.1-win32-x86_64\bin\zip.dll
Event: 0.524 Attempting to load shared library C:\Users\sampa\.vscode\extensions\redhat.java-1.56.0-win32-x64\jre\21.0.12.1-win32-x86_64\bin\jimage.dll
Event: 0.524 Loaded shared library C:\Users\sampa\.vscode\extensions\redhat.java-1.56.0-win32-x64\jre\21.0.12.1-win32-x86_64\bin\jimage.dll
Event: 0.771 Attempting to load shared library c:\Users\sampa\.vscode\extensions\redhat.java-1.56.0-win32-x64\jre\21.0.12.1-win32-x86_64\bin\verify.dll
Event: 0.771 Loaded shared library c:\Users\sampa\.vscode\extensions\redhat.java-1.56.0-win32-x64\jre\21.0.12.1-win32-x86_64\bin\verify.dll
Event: 4.435 Attempting to load shared library C:\Users\sampa\AppData\Roaming\Code\User\globalStorage\redhat.java\1.56.0\config_win\org.eclipse.equinox.launcher\org.eclipse.equinox.launcher.win32.win32.x86_64_1.3.100.v20260804-1928\eclipse_11924.dll
Event: 4.437 Loaded shared library C:\Users\sampa\AppData\Roaming\Code\User\globalStorage\redhat.java\1.56.0\config_win\org.eclipse.equinox.launcher\org.eclipse.equinox.launcher.win32.win32.x86_64_1.3.100.v20260804-1928\eclipse_11924.dll
Event: 10.687 Attempting to load shared library C:\Users\sampa\AppData\Local\Temp\jna-109202960\jna10158465504484000742.dll
Event: 10.821 Loaded shared library C:\Users\sampa\AppData\Local\Temp\jna-109202960\jna10158465504484000742.dll
Event: 29.560 Attempting to load shared library C:\Users\sampa\.gradle\native\660c5614fbf4a5f2a75b1949f50a0caf5cd603558e7d8a26e50b933a0cfb79d1\windows-amd64\native-platform.dll
Event: 29.561 Loaded shared library C:\Users\sampa\.gradle\native\660c5614fbf4a5f2a75b1949f50a0caf5cd603558e7d8a26e50b933a0cfb79d1\windows-amd64\native-platform.dll
Event: 30.790 Attempting to load shared library C:\Users\sampa\.vscode\extensions\redhat.java-1.56.0-win32-x64\jre\21.0.12.1-win32-x86_64\bin\management.dll
Event: 30.792 Loaded shared library C:\Users\sampa\.vscode\extensions\redhat.java-1.56.0-win32-x64\jre\21.0.12.1-win32-x86_64\bin\management.dll
Event: 30.799 Attempting to load shared library C:\Users\sampa\.vscode\extensions\redhat.java-1.56.0-win32-x64\jre\21.0.12.1-win32-x86_64\bin\management_ext.dll
Event: 30.800 Loaded shared library C:\Users\sampa\.vscode\extensions\redhat.java-1.56.0-win32-x64\jre\21.0.12.1-win32-x86_64\bin\management_ext.dll
Event: 42.720 Attempting to load shared library C:\Users\sampa\.vscode\extensions\redhat.java-1.56.0-win32-x64\jre\21.0.12.1-win32-x86_64\bin\extnet.dll
Event: 42.721 Loaded shared library C:\Users\sampa\.vscode\extensions\redhat.java-1.56.0-win32-x64\jre\21.0.12.1-win32-x86_64\bin\extnet.dll
Event: 44.173 Attempting to load shared library C:\Users\sampa\.vscode\extensions\redhat.java-1.56.0-win32-x64\jre\21.0.12.1-win32-x86_64\bin\sunmscapi.dll
Event: 44.210 Loaded shared library C:\Users\sampa\.vscode\extensions\redhat.java-1.56.0-win32-x64\jre\21.0.12.1-win32-x86_64\bin\sunmscapi.dll

Deoptimization events (20 events):
Event: 50.111 Thread 0x0000020b467dc1f0 Uncommon trap: trap_request=0xffffffde fr.pc=0x0000020b700f8194 relative=0x0000000000000e94
Event: 50.111 Thread 0x0000020b467dc1f0 Uncommon trap: reason=class_check action=maybe_recompile pc=0x0000020b700f8194 method=java.io.DataOutputStream.write([BII)V @ 7 c2
Event: 50.111 Thread 0x0000020b467dc1f0 DEOPT PACKING pc=0x0000020b700f8194 sp=0x0000006a3aefdb90
Event: 50.111 Thread 0x0000020b467dc1f0 DEOPT UNPACKING pc=0x0000020b6f7e3aa2 sp=0x0000006a3aefdac0 mode 2
Event: 50.116 Thread 0x0000020b467dc1f0 Uncommon trap: trap_request=0xffffff76 fr.pc=0x0000020b700f6818 relative=0x0000000000000458
Event: 50.116 Thread 0x0000020b467dc1f0 Uncommon trap: reason=predicate action=maybe_recompile pc=0x0000020b700f6818 method=java.util.TimSort.binarySort([Ljava/lang/Object;IIILjava/util/Comparator;)V @ 34 c2
Event: 50.116 Thread 0x0000020b467dc1f0 DEOPT PACKING pc=0x0000020b700f6818 sp=0x0000006a3aefdd50
Event: 50.116 Thread 0x0000020b467dc1f0 DEOPT UNPACKING pc=0x0000020b6f7e3aa2 sp=0x0000006a3aefdcf0 mode 2
Event: 50.470 Thread 0x0000020b45ed89b0 DEOPT PACKING pc=0x0000020b68b9611d sp=0x0000006a3b0fe530
Event: 50.470 Thread 0x0000020b45ed89b0 DEOPT UNPACKING pc=0x0000020b6f7e4242 sp=0x0000006a3b0fda80 mode 0
Event: 50.941 Thread 0x0000020b4653a740 DEOPT PACKING pc=0x0000020b693927fe sp=0x0000006a3cefe1c0
Event: 50.941 Thread 0x0000020b4653a740 DEOPT UNPACKING pc=0x0000020b6f7e4242 sp=0x0000006a3cefd630 mode 0
Event: 50.956 Thread 0x0000020b4653c810 Uncommon trap: trap_request=0xffffffc6 fr.pc=0x0000020b702f9e40 relative=0x00000000000001e0
Event: 50.956 Thread 0x0000020b4653c810 Uncommon trap: reason=bimorphic_or_optimized_type_check action=maybe_recompile pc=0x0000020b702f9e40 method=org.eclipse.core.internal.resources.Resource.equals(Ljava/lang/Object;)Z @ 29 c2
Event: 50.956 Thread 0x0000020b4653c810 DEOPT PACKING pc=0x0000020b702f9e40 sp=0x0000006a37cfe6d0
Event: 50.956 Thread 0x0000020b4653c810 DEOPT UNPACKING pc=0x0000020b6f7e3aa2 sp=0x0000006a37cfe660 mode 2
Event: 50.956 Thread 0x0000020b4653c810 Uncommon trap: trap_request=0xffffffc6 fr.pc=0x0000020b702f9e40 relative=0x00000000000001e0
Event: 50.956 Thread 0x0000020b4653c810 Uncommon trap: reason=bimorphic_or_optimized_type_check action=maybe_recompile pc=0x0000020b702f9e40 method=org.eclipse.core.internal.resources.Resource.equals(Ljava/lang/Object;)Z @ 29 c2
Event: 50.956 Thread 0x0000020b4653c810 DEOPT PACKING pc=0x0000020b702f9e40 sp=0x0000006a37cfe760
Event: 50.956 Thread 0x0000020b4653c810 DEOPT UNPACKING pc=0x0000020b6f7e3aa2 sp=0x0000006a37cfe6f0 mode 2

Classes loaded (20 events):
Event: 48.873 Loading class java/util/regex/Matcher$ImmutableMatchResult
Event: 48.873 Loading class java/util/regex/Matcher$ImmutableMatchResult done
Event: 49.513 Loading class java/util/AbstractList$RandomAccessSubList
Event: 49.513 Loading class java/util/AbstractList$SubList
Event: 49.514 Loading class java/util/AbstractList$SubList done
Event: 49.514 Loading class java/util/AbstractList$RandomAccessSubList done
Event: 49.514 Loading class java/util/AbstractList$SubList$1
Event: 49.514 Loading class java/util/AbstractList$SubList$1 done
Event: 50.110 Loading class java/io/ObjectStreamClass$1
Event: 50.110 Loading class java/io/ObjectStreamClass$1 done
Event: 50.110 Loading class java/io/ObjectStreamClass$MemberSignature
Event: 50.111 Loading class java/io/ObjectStreamClass$MemberSignature done
Event: 50.111 Loading class java/io/ObjectStreamClass$3
Event: 50.111 Loading class java/io/ObjectStreamClass$3 done
Event: 50.111 Loading class java/io/ObjectStreamClass$4
Event: 50.111 Loading class java/io/ObjectStreamClass$4 done
Event: 50.112 Loading class java/io/ObjectStreamClass$5
Event: 50.112 Loading class java/io/ObjectStreamClass$5 done
Event: 50.118 Loading class java/io/ObjectStreamClass$ExceptionInfo
Event: 50.119 Loading class java/io/ObjectStreamClass$ExceptionInfo done

Classes unloaded (9 events):
Event: 12.709 Thread 0x0000020b7ba1ba80 Unloading class 0x0000020b011ab400 'java/lang/invoke/LambdaForm$MH+0x0000020b011ab400'
Event: 12.709 Thread 0x0000020b7ba1ba80 Unloading class 0x0000020b011ab000 'java/lang/invoke/LambdaForm$MH+0x0000020b011ab000'
Event: 12.709 Thread 0x0000020b7ba1ba80 Unloading class 0x0000020b011aac00 'java/lang/invoke/LambdaForm$MH+0x0000020b011aac00'
Event: 12.709 Thread 0x0000020b7ba1ba80 Unloading class 0x0000020b011aa800 'java/lang/invoke/LambdaForm$MH+0x0000020b011aa800'
Event: 12.709 Thread 0x0000020b7ba1ba80 Unloading class 0x0000020b011aa400 'java/lang/invoke/LambdaForm$BMH+0x0000020b011aa400'
Event: 12.709 Thread 0x0000020b7ba1ba80 Unloading class 0x0000020b011aa000 'java/lang/invoke/LambdaForm$DMH+0x0000020b011aa000'
Event: 12.709 Thread 0x0000020b7ba1ba80 Unloading class 0x0000020b011a8c00 'java/lang/invoke/LambdaForm$DMH+0x0000020b011a8c00'
Event: 18.144 Thread 0x0000020b7ba1ba80 Unloading class 0x0000020b012ed000 'java/lang/invoke/LambdaForm$MH+0x0000020b012ed000'
Event: 18.144 Thread 0x0000020b7ba1ba80 Unloading class 0x0000020b012ebc00 'java/lang/invoke/LambdaForm$MH+0x0000020b012ebc00'

Classes redefined (0 events):
No events

Internal exceptions (20 events):
Event: 51.020 Thread 0x0000020b7de9fd30 Exception <a 'sun/nio/fs/WindowsException'{0x00000000d5ae7a38}> (0x00000000d5ae7a38) 
thrown [s\src\hotspot\share\prims\jni.cpp, line 520]
Event: 51.543 Thread 0x0000020b4653c810 Exception <a 'sun/nio/fs/WindowsException'{0x00000000d5a2f780}> (0x00000000d5a2f780) 
thrown [s\src\hotspot\share\prims\jni.cpp, line 520]
Event: 51.543 Thread 0x0000020b4653c810 Exception <a 'sun/nio/fs/WindowsException'{0x00000000d5a94dc0}> (0x00000000d5a94dc0) 
thrown [s\src\hotspot\share\prims\jni.cpp, line 520]
Event: 51.544 Thread 0x0000020b4653c810 Exception <a 'sun/nio/fs/WindowsException'{0x00000000d5a9a6c8}> (0x00000000d5a9a6c8) 
thrown [s\src\hotspot\share\prims\jni.cpp, line 520]
Event: 51.544 Thread 0x0000020b4653c810 Exception <a 'sun/nio/fs/WindowsException'{0x00000000d5ab0438}> (0x00000000d5ab0438) 
thrown [s\src\hotspot\share\prims\jni.cpp, line 520]
Event: 51.545 Thread 0x0000020b4653c810 Exception <a 'sun/nio/fs/WindowsException'{0x00000000d5adbe38}> (0x00000000d5adbe38) 
thrown [s\src\hotspot\share\prims\jni.cpp, line 520]
Event: 51.545 Thread 0x0000020b4653c810 Exception <a 'sun/nio/fs/WindowsException'{0x00000000d5ae8c20}> (0x00000000d5ae8c20) 
thrown [s\src\hotspot\share\prims\jni.cpp, line 520]
Event: 51.594 Thread 0x0000020b4653a740 Exception <a 'sun/nio/fs/WindowsException'{0x00000000d58baac0}> (0x00000000d58baac0) 
thrown [s\src\hotspot\share\prims\jni.cpp, line 520]
Event: 51.594 Thread 0x0000020b4653a740 Exception <a 'sun/nio/fs/WindowsException'{0x00000000d58bb200}> (0x00000000d58bb200) 
thrown [s\src\hotspot\share\prims\jni.cpp, line 520]
Event: 51.594 Thread 0x0000020b4653a740 Exception <a 'sun/nio/fs/WindowsException'{0x00000000d58bbf78}> (0x00000000d58bbf78) 
thrown [s\src\hotspot\share\prims\jni.cpp, line 520]
Event: 51.594 Thread 0x0000020b4653a740 Exception <a 'sun/nio/fs/WindowsException'{0x00000000d58bc6b8}> (0x00000000d58bc6b8) 
thrown [s\src\hotspot\share\prims\jni.cpp, line 520]
Event: 51.798 Thread 0x0000020b4653a740 Exception <a 'sun/nio/fs/WindowsException'{0x00000000d5582810}> (0x00000000d5582810) 
thrown [s\src\hotspot\share\prims\jni.cpp, line 520]
Event: 51.798 Thread 0x0000020b4653a740 Exception <a 'sun/nio/fs/WindowsException'{0x00000000d5582f50}> (0x00000000d5582f50) 
thrown [s\src\hotspot\share\prims\jni.cpp, line 520]
Event: 52.400 Thread 0x0000020b467d79c0 Exception <a 'sun/nio/fs/WindowsException'{0x00000000d5851f98}> (0x00000000d5851f98) 
thrown [s\src\hotspot\share\prims\jni.cpp, line 520]
Event: 52.400 Thread 0x0000020b467d79c0 Exception <a 'sun/nio/fs/WindowsException'{0x00000000d585ce80}> (0x00000000d585ce80) 
thrown [s\src\hotspot\share\prims\jni.cpp, line 520]
Event: 52.401 Thread 0x0000020b467d79c0 Exception <a 'sun/nio/fs/WindowsException'{0x00000000d58712d8}> (0x00000000d58712d8) 
thrown [s\src\hotspot\share\prims\jni.cpp, line 520]
Event: 52.401 Thread 0x0000020b467d79c0 Exception <a 'sun/nio/fs/WindowsException'{0x00000000d5871c68}> (0x00000000d5871c68) 
thrown [s\src\hotspot\share\prims\jni.cpp, line 520]
Event: 52.402 Thread 0x0000020b467d79c0 Exception <a 'sun/nio/fs/WindowsException'{0x00000000d58fb290}> (0x00000000d58fb290) 
thrown [s\src\hotspot\share\prims\jni.cpp, line 520]
Event: 52.402 Thread 0x0000020b467d79c0 Exception <a 'sun/nio/fs/WindowsException'{0x00000000d591a710}> (0x00000000d591a710) 
thrown [s\src\hotspot\share\prims\jni.cpp, line 520]
Event: 52.719 Thread 0x0000020b7dd98d10 Exception <a 'sun/nio/fs/WindowsException'{0x00000000d573e030}> (0x00000000d573e030) 
thrown [s\src\hotspot\share\prims\jni.cpp, line 520]

ZGC Phase Switch (0 events):
No events

VM Operations (20 events):
Event: 49.898 Executing safepoint VM operation: ParallelGCFailedAllocation (Allocation Failure)
Event: 50.063 Executing safepoint VM operation: ParallelGCFailedAllocation (Allocation Failure) done
Event: 50.300 Executing safepoint VM operation: ParallelGCFailedAllocation (Allocation Failure)
Event: 50.313 Executing safepoint VM operation: ParallelGCFailedAllocation (Allocation Failure) done
Event: 50.479 Executing safepoint VM operation: ParallelGCFailedAllocation (Allocation Failure)
Event: 50.482 Executing safepoint VM operation: ParallelGCFailedAllocation (Allocation Failure) done
Event: 50.790 Executing safepoint VM operation: ParallelGCFailedAllocation (Allocation Failure)
Event: 50.791 Executing safepoint VM operation: ParallelGCFailedAllocation (Allocation Failure) done
Event: 51.269 Executing safepoint VM operation: ParallelGCFailedAllocation (Allocation Failure)
Event: 51.317 Executing safepoint VM operation: ParallelGCFailedAllocation (Allocation Failure) done
Event: 51.548 Executing safepoint VM operation: ParallelGCFailedAllocation (Allocation Failure)
Event: 51.570 Executing safepoint VM operation: ParallelGCFailedAllocation (Allocation Failure) done
Event: 51.610 Executing safepoint VM operation: ParallelGCFailedAllocation (Allocation Failure)
Event: 51.794 Executing safepoint VM operation: ParallelGCFailedAllocation (Allocation Failure) done
Event: 52.098 Executing safepoint VM operation: ParallelGCFailedAllocation (Allocation Failure)
Event: 52.173 Executing safepoint VM operation: ParallelGCFailedAllocation (Allocation Failure) done
Event: 52.231 Executing safepoint VM operation: ParallelGCFailedAllocation (Allocation Failure)
Event: 52.384 Executing safepoint VM operation: ParallelGCFailedAllocation (Allocation Failure) done
Event: 52.415 Executing safepoint VM operation: ParallelGCFailedAllocation (Allocation Failure)
Event: 52.419 Executing safepoint VM operation: ParallelGCFailedAllocation (Allocation Failure) done

Memory protections (0 events):
No events

Nmethod flushes (20 events):
Event: 42.437 Thread 0x0000020b7ba1ba80 flushing  nmethod 0x0000020b68b27710
Event: 42.437 Thread 0x0000020b7ba1ba80 flushing  nmethod 0x0000020b68b28290
Event: 42.437 Thread 0x0000020b7ba1ba80 flushing  nmethod 0x0000020b68b2a410
Event: 42.437 Thread 0x0000020b7ba1ba80 flushing  nmethod 0x0000020b68b3f790
Event: 42.437 Thread 0x0000020b7ba1ba80 flushing  nmethod 0x0000020b68b41b90
Event: 42.437 Thread 0x0000020b7ba1ba80 flushing  nmethod 0x0000020b68b43990
Event: 42.437 Thread 0x0000020b7ba1ba80 flushing  nmethod 0x0000020b68b43f90
Event: 42.437 Thread 0x0000020b7ba1ba80 flushing  nmethod 0x0000020b68b44410
Event: 42.437 Thread 0x0000020b7ba1ba80 flushing osr nmethod 0x0000020b68b47990
Event: 42.437 Thread 0x0000020b7ba1ba80 flushing  nmethod 0x0000020b68b49290
Event: 42.437 Thread 0x0000020b7ba1ba80 flushing  nmethod 0x0000020b68b4bd90
Event: 42.437 Thread 0x0000020b7ba1ba80 flushing  nmethod 0x0000020b68b56110
Event: 42.437 Thread 0x0000020b7ba1ba80 flushing  nmethod 0x0000020b68b6d790
Event: 42.437 Thread 0x0000020b7ba1ba80 flushing  nmethod 0x0000020b68b70f90
Event: 42.437 Thread 0x0000020b7ba1ba80 flushing  nmethod 0x0000020b68b8bb90
Event: 42.437 Thread 0x0000020b7ba1ba80 flushing  nmethod 0x0000020b68b90010
Event: 42.437 Thread 0x0000020b7ba1ba80 flushing  nmethod 0x0000020b68bdce10
Event: 42.437 Thread 0x0000020b7ba1ba80 flushing  nmethod 0x0000020b68bddb10
Event: 42.437 Thread 0x0000020b7ba1ba80 flushing  nmethod 0x0000020b68bde390
Event: 42.437 Thread 0x0000020b7ba1ba80 flushing  nmethod 0x0000020b68be0790

Events (20 events):
Event: 51.941 Thread 0x0000020b4659cfb0 Thread exited: 0x0000020b4659cfb0
Event: 51.943 Thread 0x0000020b7d74dfb0 Thread exited: 0x0000020b7d74dfb0
Event: 51.947 Thread 0x0000020b7d74c570 Thread added: 0x0000020b4658b910
Event: 52.176 Thread 0x0000020b7dd944e0 Thread exited: 0x0000020b7dd944e0
Event: 52.176 Thread 0x0000020b46585010 Thread added: 0x0000020b4658bfa0
Event: 52.177 Thread 0x0000020b46585010 Thread added: 0x0000020b46585d30
Event: 52.193 Thread 0x0000020b465842f0 Thread added: 0x0000020b4658d350
Event: 52.213 Thread 0x0000020b4658ccc0 Thread exited: 0x0000020b4658ccc0
Event: 52.384 Thread 0x0000020b4658c630 Thread exited: 0x0000020b4658c630
Event: 52.385 Thread 0x0000020b4658bfa0 Thread exited: 0x0000020b4658bfa0
Event: 52.631 Thread 0x0000020b46539390 Thread added: 0x0000020b4658bfa0
Event: 52.686 Thread 0x0000020b4658b910 Thread added: 0x0000020b46586a50
Event: 52.718 Thread 0x0000020b7d0de2b0 Thread exited: 0x0000020b7d0de2b0
Event: 52.718 Thread 0x0000020b46539a20 Thread exited: 0x0000020b46539a20
Event: 52.718 Thread 0x0000020b45edcb50 Thread exited: 0x0000020b45edcb50
Event: 52.719 Thread 0x0000020b45edd1e0 Thread exited: 0x0000020b45edd1e0
Event: 52.727 Thread 0x0000020b7dd98d10 Thread added: 0x0000020b4658c630
Event: 52.730 Thread 0x0000020b465973d0 Thread added: 0x0000020b4658ccc0
Event: 52.768 Thread 0x0000020b4659bc00 Thread added: 0x0000020b465863c0
Event: 52.816 Thread 0x0000020b46583c60 Thread added: 0x0000020b46592f30


Dynamic libraries:
0x00007ff798480000 - 0x00007ff79848e000 	c:\Users\sampa\.vscode\extensions\redhat.java-1.56.0-win32-x64\jre\21.0.12.1-win32-x86_64\bin\java.exe
0x00007ffedbc50000 - 0x00007ffedbe48000 	C:\WINDOWS\SYSTEM32\ntdll.dll
0x00007ffeda230000 - 0x00007ffeda2f2000 	C:\WINDOWS\System32\KERNEL32.DLL
0x00007ffed9490000 - 0x00007ffed9786000 	C:\WINDOWS\System32\KERNELBASE.dll
0x00007ffed9390000 - 0x00007ffed9490000 	C:\WINDOWS\System32\ucrtbase.dll
0x00007ffed1310000 - 0x00007ffed1328000 	c:\Users\sampa\.vscode\extensions\redhat.java-1.56.0-win32-x64\jre\21.0.12.1-win32-x86_64\bin\jli.dll
0x00007ffeda980000 - 0x00007ffedab21000 	C:\WINDOWS\System32\USER32.dll
0x00007ffed9c40000 - 0x00007ffed9c62000 	C:\WINDOWS\System32\win32u.dll
0x00007ffedb720000 - 0x00007ffedb74b000 	C:\WINDOWS\System32\GDI32.dll
0x00007ffed9b20000 - 0x00007ffed9c39000 	C:\WINDOWS\System32\gdi32full.dll
0x00007ffed9790000 - 0x00007ffed982d000 	C:\WINDOWS\System32\msvcp_win.dll
0x00007ffec2c40000 - 0x00007ffec2c5e000 	c:\Users\sampa\.vscode\extensions\redhat.java-1.56.0-win32-x64\jre\21.0.12.1-win32-x86_64\bin\VCRUNTIME140.dll
0x00007ffecdb40000 - 0x00007ffecdddb000 	C:\WINDOWS\WinSxS\amd64_microsoft.windows.common-controls_6595b64144ccf1df_6.0.19041.6456_none_60b8a6cb71f64256\COMCTL32.dll
0x00007ffed9db0000 - 0x00007ffed9e4e000 	C:\WINDOWS\System32\msvcrt.dll
0x00007ffedb750000 - 0x00007ffedb77f000 	C:\WINDOWS\System32\IMM32.DLL
0x00007ffed2800000 - 0x00007ffed280c000 	c:\Users\sampa\.vscode\extensions\redhat.java-1.56.0-win32-x64\jre\21.0.12.1-win32-x86_64\bin\vcruntime140_1.dll
0x00007ffeacf00000 - 0x00007ffeacf8d000 	c:\Users\sampa\.vscode\extensions\redhat.java-1.56.0-win32-x64\jre\21.0.12.1-win32-x86_64\bin\msvcp140.dll
0x00007ffe5b770000 - 0x00007ffe5c512000 	c:\Users\sampa\.vscode\extensions\redhat.java-1.56.0-win32-x64\jre\21.0.12.1-win32-x86_64\bin\server\jvm.dll
0x00007ffeda100000 - 0x00007ffeda1b1000 	C:\WINDOWS\System32\ADVAPI32.dll
0x00007ffed9e50000 - 0x00007ffed9eef000 	C:\WINDOWS\System32\sechost.dll
0x00007ffeda860000 - 0x00007ffeda980000 	C:\WINDOWS\System32\RPCRT4.dll
0x00007ffed9a60000 - 0x00007ffed9a87000 	C:\WINDOWS\System32\bcrypt.dll
0x00007ffeda7f0000 - 0x00007ffeda85b000 	C:\WINDOWS\System32\WS2_32.dll
0x00007ffed8870000 - 0x00007ffed88bb000 	C:\WINDOWS\SYSTEM32\POWRPROF.dll
0x00007ffece800000 - 0x00007ffece827000 	C:\WINDOWS\SYSTEM32\WINMM.dll
0x00007ffed0390000 - 0x00007ffed039a000 	C:\WINDOWS\SYSTEM32\VERSION.dll
0x00007ffed86e0000 - 0x00007ffed86f2000 	C:\WINDOWS\SYSTEM32\UMPDC.dll
0x00007ffed7330000 - 0x00007ffed7342000 	C:\WINDOWS\SYSTEM32\kernel.appcore.dll
0x00007ffed18d0000 - 0x00007ffed18da000 	c:\Users\sampa\.vscode\extensions\redhat.java-1.56.0-win32-x64\jre\21.0.12.1-win32-x86_64\bin\jimage.dll
0x00007ffed67c0000 - 0x00007ffed69c1000 	C:\WINDOWS\SYSTEM32\DBGHELP.DLL
0x00007ffecbf40000 - 0x00007ffecbf74000 	C:\WINDOWS\SYSTEM32\dbgcore.DLL
0x00007ffed9a90000 - 0x00007ffed9b12000 	C:\WINDOWS\System32\bcryptPrimitives.dll
0x00007ffeca170000 - 0x00007ffeca17f000 	c:\Users\sampa\.vscode\extensions\redhat.java-1.56.0-win32-x64\jre\21.0.12.1-win32-x86_64\bin\instrument.dll
0x00007ffec2c00000 - 0x00007ffec2c20000 	c:\Users\sampa\.vscode\extensions\redhat.java-1.56.0-win32-x64\jre\21.0.12.1-win32-x86_64\bin\java.dll
0x00007ffedafb0000 - 0x00007ffedb720000 	C:\WINDOWS\System32\SHELL32.dll
0x00007ffed7350000 - 0x00007ffed7af5000 	C:\WINDOWS\SYSTEM32\windows.storage.dll
0x00007ffedb8b0000 - 0x00007ffedbc04000 	C:\WINDOWS\System32\combase.dll
0x00007ffed8d10000 - 0x00007ffed8d3b000 	C:\WINDOWS\SYSTEM32\Wldp.dll
0x00007ffed9c80000 - 0x00007ffed9d4d000 	C:\WINDOWS\System32\OLEAUT32.dll
0x00007ffeda600000 - 0x00007ffeda6ad000 	C:\WINDOWS\System32\SHCORE.dll
0x00007ffeda5a0000 - 0x00007ffeda5fb000 	C:\WINDOWS\System32\shlwapi.dll
0x00007ffed9210000 - 0x00007ffed9234000 	C:\WINDOWS\SYSTEM32\profapi.dll
0x00007ffebed30000 - 0x00007ffebed48000 	c:\Users\sampa\.vscode\extensions\redhat.java-1.56.0-win32-x64\jre\21.0.12.1-win32-x86_64\bin\zip.dll
0x00007ffed0ec0000 - 0x00007ffed0ed0000 	C:\Users\sampa\.vscode\extensions\redhat.java-1.56.0-win32-x64\jre\21.0.12.1-win32-x86_64\bin\net.dll
0x00007ffecf2b0000 - 0x00007ffecf3ba000 	C:\WINDOWS\SYSTEM32\WINHTTP.dll
0x00007ffed8a70000 - 0x00007ffed8ada000 	C:\WINDOWS\system32\mswsock.dll
0x00007ffeb9c90000 - 0x00007ffeb9ca6000 	C:\Users\sampa\.vscode\extensions\redhat.java-1.56.0-win32-x64\jre\21.0.12.1-win32-x86_64\bin\nio.dll
0x00007ffeba470000 - 0x00007ffeba480000 	c:\Users\sampa\.vscode\extensions\redhat.java-1.56.0-win32-x64\jre\21.0.12.1-win32-x86_64\bin\verify.dll
0x00007ffeb2840000 - 0x00007ffeb2885000 	C:\Users\sampa\AppData\Roaming\Code\User\globalStorage\redhat.java\1.56.0\config_win\org.eclipse.equinox.launcher\org.eclipse.equinox.launcher.win32.win32.x86_64_1.3.100.v20260804-1928\eclipse_11924.dll
0x00007ffedb780000 - 0x00007ffedb8ab000 	C:\WINDOWS\System32\ole32.dll
0x00007ffed8c60000 - 0x00007ffed8c78000 	C:\WINDOWS\SYSTEM32\CRYPTSP.dll
0x00007ffed8320000 - 0x00007ffed8358000 	C:\WINDOWS\system32\rsaenh.dll
0x00007ffed9190000 - 0x00007ffed91be000 	C:\WINDOWS\SYSTEM32\USERENV.dll
0x00007ffed8c80000 - 0x00007ffed8c8c000 	C:\WINDOWS\SYSTEM32\CRYPTBASE.dll
0x00007ffed8700000 - 0x00007ffed873b000 	C:\WINDOWS\SYSTEM32\IPHLPAPI.DLL
0x00007ffed9c70000 - 0x00007ffed9c78000 	C:\WINDOWS\System32\NSI.dll
0x00007ffed12a0000 - 0x00007ffed12e9000 	C:\Users\sampa\AppData\Local\Temp\jna-109202960\jna10158465504484000742.dll
0x00007ffedafa0000 - 0x00007ffedafa8000 	C:\WINDOWS\System32\PSAPI.DLL
0x00007ffecf590000 - 0x00007ffecf5a7000 	C:\WINDOWS\SYSTEM32\dhcpcsvc6.DLL
0x00007ffecf980000 - 0x00007ffecf99d000 	C:\WINDOWS\SYSTEM32\dhcpcsvc.DLL
0x00007ffeb7ca0000 - 0x00007ffeb7cc7000 	C:\Users\sampa\.gradle\native\660c5614fbf4a5f2a75b1949f50a0caf5cd603558e7d8a26e50b933a0cfb79d1\windows-amd64\native-platform.dll
0x00007ffeb9c80000 - 0x00007ffeb9c8a000 	C:\Users\sampa\.vscode\extensions\redhat.java-1.56.0-win32-x64\jre\21.0.12.1-win32-x86_64\bin\management.dll
0x00007ffeb7c90000 - 0x00007ffeb7c9c000 	C:\Users\sampa\.vscode\extensions\redhat.java-1.56.0-win32-x64\jre\21.0.12.1-win32-x86_64\bin\management_ext.dll
0x00007ffeb5aa0000 - 0x00007ffeb5aa9000 	C:\Users\sampa\.vscode\extensions\redhat.java-1.56.0-win32-x64\jre\21.0.12.1-win32-x86_64\bin\extnet.dll
0x00007ffed35b0000 - 0x00007ffed35be000 	C:\Users\sampa\.vscode\extensions\redhat.java-1.56.0-win32-x64\jre\21.0.12.1-win32-x86_64\bin\sunmscapi.dll
0x00007ffed9830000 - 0x00007ffed998d000 	C:\WINDOWS\System32\CRYPT32.dll
0x00007ffed8d80000 - 0x00007ffed8da7000 	C:\WINDOWS\SYSTEM32\ncrypt.dll
0x00007ffed8d40000 - 0x00007ffed8d7b000 	C:\WINDOWS\SYSTEM32\NTASN1.dll
0x00007ffe6f010000 - 0x00007ffe6f017000 	C:\WINDOWS\system32\wshunix.dll

JVMTI agents:
c:\Users\sampa\.vscode\extensions\redhat.java-1.56.0-win32-x64\lombok\lombok-1.18.39-4050.jar path:c:\Users\sampa\.vscode\extensions\redhat.java-1.56.0-win32-x64\jre\21.0.12.1-win32-x86_64\bin\instrument.dll, loaded, initialized, instrumentlib options:none

dbghelp: loaded successfully - version: 4.0.5 - missing functions: none
symbol engine: initialized successfully - sym options: 0x614 - pdb path: .;c:\Users\sampa\.vscode\extensions\redhat.java-1.56.0-win32-x64\jre\21.0.12.1-win32-x86_64\bin;C:\WINDOWS\SYSTEM32;C:\WINDOWS\WinSxS\amd64_microsoft.windows.common-controls_6595b64144ccf1df_6.0.19041.6456_none_60b8a6cb71f64256;c:\Users\sampa\.vscode\extensions\redhat.java-1.56.0-win32-x64\jre\21.0.12.1-win32-x86_64\bin\server;C:\Users\sampa\AppData\Roaming\Code\User\globalStorage\redhat.java\1.56.0\config_win\org.eclipse.equinox.launcher\org.eclipse.equinox.launcher.win32.win32.x86_64_1.3.100.v20260804-1928;C:\Users\sampa\AppData\Local\Temp\jna-109202960;C:\Users\sampa\.gradle\native\660c5614fbf4a5f2a75b1949f50a0caf5cd603558e7d8a26e50b933a0cfb79d1\windows-amd64

VM Arguments:
jvm_args: --add-modules=ALL-SYSTEM --add-opens=java.base/java.util=ALL-UNNAMED --add-opens=java.base/java.lang=ALL-UNNAMED --add-opens=java.base/sun.nio.fs=ALL-UNNAMED -Declipse.application=org.eclipse.jdt.ls.core.id1 -Dosgi.bundles.defaultStartLevel=4 -Declipse.product=org.eclipse.jdt.ls.core.product -Djava.import.generatesMetadataFilesAtProjectRoot=false -Dm2e.project.cache.size=50 -DDetectVMInstallationsJob.disabled=true -Dfile.encoding=utf8 -XX:+UseParallelGC -XX:GCTimeRatio=4 -XX:AdaptiveSizePolicyWeight=90 -Dsun.zip.disableMemoryMapping=true -Xmx2G -Xms100m -Xlog:disable -javaagent:c:\Users\sampa\.vscode\extensions\redhat.java-1.56.0-win32-x64\lombok\lombok-1.18.39-4050.jar -XX:+HeapDumpOnOutOfMemoryError -XX:HeapDumpPath=c:\Users\sampa\AppData\Roaming\Code\User\workspaceStorage\b45dcb98c3812985cc0ef0cda4b99330\redhat.java -Daether.dependencyCollector.impl=bf 
java_command: c:\Users\sampa\.vscode\extensions\redhat.java-1.56.0-win32-x64\server\plugins\org.eclipse.equinox.launcher_1.8.0.v20260804-1928.jar -configuration c:\Users\sampa\AppData\Roaming\Code\User\globalStorage\redhat.java\1.56.0\config_win -data c:\Users\sampa\AppData\Roaming\Code\User\workspaceStorage\b45dcb98c3812985cc0ef0cda4b99330\redhat.java\jdt_ws --stdio
java_class_path (initial): c:\Users\sampa\.vscode\extensions\redhat.java-1.56.0-win32-x64\server\plugins\org.eclipse.equinox.launcher_1.8.0.v20260804-1928.jar
Launcher Type: SUN_STANDARD

[Global flags]
    uintx AdaptiveSizePolicyWeight                 = 90                                        {product} {command line}
     intx CICompilerCount                          = 3                                         {product} {ergonomic}
    uintx GCTimeRatio                              = 4                                         {product} {command line}
     bool HeapDumpOnOutOfMemoryError               = true                                   {manageable} {command line}
    ccstr HeapDumpPath                             = c:\Users\sampa\AppData\Roaming\Code\User\workspaceStorage\b45dcb98c3812985cc0ef0cda4b99330\redhat.java         {manageable} {command line}
   size_t InitialHeapSize                          = 104857600                                 {product} {command line}
   size_t MaxHeapSize                              = 2147483648                                {product} {command line}
   size_t MaxNewSize                               = 715653120                                 {product} {ergonomic}
   size_t MinHeapDeltaBytes                        = 524288                                    {product} {ergonomic}
   size_t MinHeapSize                              = 104857600                                 {product} {command line}
   size_t NewSize                                  = 34603008                                  {product} {ergonomic}
    uintx NonNMethodCodeHeapSize                   = 5832780                                {pd product} {ergonomic}
    uintx NonProfiledCodeHeapSize                  = 122912730                              {pd product} {ergonomic}
   size_t OldSize                                  = 70254592                                  {product} {ergonomic}
    uintx ProfiledCodeHeapSize                     = 122912730                              {pd product} {ergonomic}
    uintx ReservedCodeCacheSize                    = 251658240                              {pd product} {ergonomic}
     bool SegmentedCodeCache                       = true                                      {product} {ergonomic}
   size_t SoftMaxHeapSize                          = 2147483648                             {manageable} {ergonomic}
     bool UseCompressedOops                        = true                           {product lp64_product} {ergonomic}
     bool UseLargePagesIndividualAllocation        = false                                  {pd product} {ergonomic}
     bool UseParallelGC                            = true                                      {product} {command line}

Logging:
Log output configuration:
 #0: stdout all=off uptime,level,tags foldmultilines=false
 #1: stderr all=off uptime,level,tags foldmultilines=false

Release file:
JAVA_VERSION="21.0.12.1" 
MODULES="java.base java.compiler java.datatransfer java.xml java.prefs java.desktop java.instrument java.logging java.management java.security.sasl java.naming java.rmi java.management.rmi java.net.http java.scripting java.security.jgss java.transaction.xa java.sql java.sql.rowset java.xml.crypto java.se java.smartcardio jdk.accessibility jdk.internal.jvmstat jdk.attach jdk.charsets jdk.internal.opt jdk.zipfs jdk.compiler jdk.crypto.ec jdk.crypto.cryptoki jdk.crypto.mscapi jdk.dynalink jdk.internal.ed jdk.editpad jdk.hotspot.agent jdk.httpserver jdk.internal.le jdk.internal.vm.ci jdk.internal.vm.compiler jdk.internal.vm.compiler.management jdk.jartool jdk.javadoc jdk.jcmd jdk.management jdk.management.agent jdk.jconsole jdk.jdeps jdk.jdwp.agent jdk.jdi jdk.jfr jdk.jshell jdk.jsobject jdk.jstatd jdk.localedata jdk.management.jfr jdk.naming.dns jdk.naming.rmi jdk.net jdk.nio.mapmode jdk.random jdk.sctp jdk.security.auth jdk.security.jgss jdk.unsupported jdk.unsupported.desktop jdk.xml.dom" 

Environment Variables:
JAVA_HOME=C:\Program Files\Eclipse Adoptium\jdk-17.0.20.101-hotspot\
PATH=C:\Program Files\Eclipse Adoptium\jdk-17.0.20.101-hotspot\bin;C:\WINDOWS\system32;C:\WINDOWS;C:\WINDOWS\System32\Wbem;C:\WINDOWS\System32\WindowsPowerShell\v1.0\;C:\WINDOWS\System32\OpenSSH\;C:\Program Files\MySQL\MySQL Server 8.4\bin;C:\Program Files (x86)\Microsoft SQL Server\170\Tools\Binn\;C:\Program Files\Microsoft SQL Server\170\Tools\Binn\;C:\Program Files\Microsoft SQL Server\Client SDK\ODBC\180\Tools\Binn\;C:\Program Files\Microsoft SQL Server\170\DTS\Binn\;C:\Program Files\Git\cmd;C:\Users\sampa\AppData\Local\Microsoft\WindowsApps;C:\Users\sampa\AppData\Local\Programs\Microsoft VS Code\bin
USERNAME=sampa
OS=Windows_NT
PROCESSOR_IDENTIFIER=Intel64 Family 6 Model 61 Stepping 4, GenuineIntel
TMP=C:\Users\sampa\AppData\Local\Temp
TEMP=C:\Users\sampa\AppData\Local\Temp




Periodic native trim disabled

---------------  S Y S T E M  ---------------

OS:
 Windows 10 , 64 bit Build 19041 (10.0.19041.5915)
OS uptime: 0 days 0:44 hours

CPU: total 4 (initial active 4) (2 cores per cpu, 2 threads per core) family 6 model 61 stepping 4 microcode 0x2d, cx8, cmov, fxsr, ht, mmx, 3dnowpref, sse, sse2, sse3, ssse3, sse4.1, sse4.2, popcnt, lzcnt, tsc, tscinvbit, avx, avx2, aes, erms, clmul, bmi1, bmi2, rtm, adx, fma, vzeroupper, clflush, rdtscp, f16c
Processor Information for the first 4 processors :
  Max Mhz: 2295, Current Mhz: 2295, Mhz Limit: 2295

Memory: 4k page, system-wide physical 8080M (230M free)
TotalPageFile size 20946M (AvailPageFile size 5M)
current process WorkingSet (physical memory assigned to process): 340M, peak: 342M
current process commit charge ("private bytes"): 407M, peak: 409M

vm_info: OpenJDK 64-Bit Server VM (21.0.12.1+1-LTS) for windows-amd64 JRE (21.0.12.1+1-LTS), built on 2026-08-18T00:00:00Z by "admin" with MS VC++ 17.12 (VS2022)

END.
