#
# There is insufficient memory for the Java Runtime Environment to continue.
# Native memory allocation (malloc) failed to allocate 98976 bytes. Error detail: Chunk::new
# Possible reasons:
#   The system is out of physical RAM or swap space
#   This process is running with CompressedOops enabled, and the Java Heap may be blocking the growth of the native heap
# Possible solutions:
#   Reduce memory load on the system
#   Increase physical memory or swap space
#   Check if swap backing store is full
#   Decrease Java heap size (-Xmx/-Xms)
#   Decrease number of Java threads
#   Decrease Java thread stack sizes (-Xss)
#   Set larger code cache with -XX:ReservedCodeCacheSize=
#   JVM is running with Unscaled Compressed Oops mode in which the Java heap is
#     placed in the first 4GB address space. The Java Heap base address is the
#     maximum limit for the native heap growth. Please use -XX:HeapBaseMinAddress
#     to set the Java Heap base and to place the Java Heap above 4GB virtual address.
# This output file may be truncated or incomplete.
#
#  Out of Memory Error (arena.cpp:168), pid=1048, tid=7980
#
# JRE version: OpenJDK Runtime Environment Temurin-21.0.12.1+1 (21.0.12.1+1) (build 21.0.12.1+1-LTS)
# Java VM: OpenJDK 64-Bit Server VM Temurin-21.0.12.1+1 (21.0.12.1+1-LTS, mixed mode, sharing, tiered, compressed oops, compressed class ptrs, parallel gc, windows-amd64)
# No core dump will be written. Minidumps are not enabled by default on client versions of Windows
#

---------------  S U M M A R Y ------------

Command Line: --add-modules=ALL-SYSTEM --add-opens=java.base/java.util=ALL-UNNAMED --add-opens=java.base/java.lang=ALL-UNNAMED --add-opens=java.base/sun.nio.fs=ALL-UNNAMED -Declipse.application=org.eclipse.jdt.ls.core.id1 -Dosgi.bundles.defaultStartLevel=4 -Declipse.product=org.eclipse.jdt.ls.core.product -Djava.import.generatesMetadataFilesAtProjectRoot=false -Dm2e.project.cache.size=50 -DDetectVMInstallationsJob.disabled=true -Dfile.encoding=utf8 -XX:+UseParallelGC -XX:GCTimeRatio=4 -XX:AdaptiveSizePolicyWeight=90 -Dsun.zip.disableMemoryMapping=true -Xmx2G -Xms100m -Xlog:disable -javaagent:c:\Users\sampa\.vscode\extensions\redhat.java-1.56.0-win32-x64\lombok\lombok-1.18.39-4050.jar -XX:+HeapDumpOnOutOfMemoryError -XX:HeapDumpPath=c:\Users\sampa\AppData\Roaming\Code\User\workspaceStorage\b45dcb98c3812985cc0ef0cda4b99330\redhat.java -Daether.dependencyCollector.impl=bf c:\Users\sampa\.vscode\extensions\redhat.java-1.56.0-win32-x64\server\plugins\org.eclipse.equinox.launcher_1.8.0.v20260804-1928.jar -configuration c:\Users\sampa\AppData\Roaming\Code\User\globalStorage\redhat.java\1.56.0\config_win -data c:\Users\sampa\AppData\Roaming\Code\User\workspaceStorage\b45dcb98c3812985cc0ef0cda4b99330\redhat.java\jdt_ws --pipe=\\.\pipe\lsp-1d3b7f811d9102771ab1d1897ec7b219-sock

Host: Intel(R) Core(TM) i5-5300U CPU @ 2.30GHz, 4 cores, 7G,  Windows 10 , 64 bit Build 19041 (10.0.19041.5915)
Time: Thu Sep 10 22:32:59 2026 India Standard Time elapsed time: 134.901720 seconds (0d 0h 2m 14s)

---------------  T H R E A D  ---------------

Current thread (0x0000027a31331f70):  JavaThread "C2 CompilerThread0" daemon [_thread_in_native, id=7980, stack(0x000000fa2a700000,0x000000fa2a800000) (1024K)]


Current CompileTask:
C2:134901 9501       4       java.util.regex.Pattern$CharPropertyGreedy::match (160 bytes)

Stack: [0x000000fa2a700000,0x000000fa2a800000]
Native frames: (J=compiled Java code, j=interpreted, Vv=VM code, C=native code)
V  [jvm.dll+0x6d83e9]
V  [jvm.dll+0x8b5736]
V  [jvm.dll+0x8b7cee]
V  [jvm.dll+0x8b83d3]
V  [jvm.dll+0x284596]
V  [jvm.dll+0xc685d]
V  [jvm.dll+0xc6da1]
V  [jvm.dll+0x2fb5ae]
V  [jvm.dll+0x5fee94]
V  [jvm.dll+0x255d67]
V  [jvm.dll+0x24e0f4]
V  [jvm.dll+0x24bbe6]
V  [jvm.dll+0x1cb4ae]
V  [jvm.dll+0x25baad]
V  [jvm.dll+0x25a03a]
V  [jvm.dll+0x3f8aae]
V  [jvm.dll+0x8600cd]
V  [jvm.dll+0x6d6c1d]
C  [ucrtbase.dll+0x21bb2]
C  [KERNEL32.DLL+0x17374]
C  [ntdll.dll+0x4cc91]


---------------  P R O C E S S  ---------------

Threads class SMR info:
_java_thread_list=0x0000027a7d02e6f0, length=43, elements={
0x0000027a187343a0, 0x0000027a31327ed0, 0x0000027a31329420, 0x0000027a3132ca80,
0x0000027a3132d960, 0x0000027a3132e5c0, 0x0000027a31331130, 0x0000027a31331f70,
0x0000027a313a0080, 0x0000027a77166220, 0x0000027a771c6670, 0x0000027a77b6b050,
0x0000027a313b2ec0, 0x0000027a778c4b10, 0x0000027a778c7560, 0x0000027a77c75c00,
0x0000027a77399670, 0x0000027a77125410, 0x0000027a775db6d0, 0x0000027a775db040,
0x0000027a775da9b0, 0x0000027a77de3aa0, 0x0000027a77de26f0, 0x0000027a77de2060,
0x0000027a77de6890, 0x0000027a77de54e0, 0x0000027a77de7c40, 0x0000027a77de5b70,
0x0000027a77de3410, 0x0000027a77de47c0, 0x0000027a77de82d0, 0x0000027a77de4e50,
0x0000027a77de8960, 0x0000027a77de8ff0, 0x0000027a793086d0, 0x0000027a7930a110,
0x0000027a79308d60, 0x0000027a7930cf00, 0x0000027a793093f0, 0x0000027a7930c870,
0x0000027a79309a80, 0x0000027a7930dc20, 0x0000027a7930ae30
}

Java Threads: ( => current thread )
  0x0000027a187343a0 JavaThread "main"                              [_thread_blocked, id=1764, stack(0x000000fa29d00000,0x000000fa29e00000) (1024K)]
  0x0000027a31327ed0 JavaThread "Reference Handler"          daemon [_thread_blocked, id=2660, stack(0x000000fa2a100000,0x000000fa2a200000) (1024K)]
  0x0000027a31329420 JavaThread "Finalizer"                  daemon [_thread_blocked, id=13252, stack(0x000000fa2a200000,0x000000fa2a300000) (1024K)]
  0x0000027a3132ca80 JavaThread "Signal Dispatcher"          daemon [_thread_blocked, id=6924, stack(0x000000fa2a300000,0x000000fa2a400000) (1024K)]
  0x0000027a3132d960 JavaThread "Attach Listener"            daemon [_thread_blocked, id=424, stack(0x000000fa2a400000,0x000000fa2a500000) (1024K)]
  0x0000027a3132e5c0 JavaThread "Service Thread"             daemon [_thread_blocked, id=14220, stack(0x000000fa2a500000,0x000000fa2a600000) (1024K)]
  0x0000027a31331130 JavaThread "Monitor Deflation Thread"   daemon [_thread_blocked, id=4428, stack(0x000000fa2a600000,0x000000fa2a700000) (1024K)]
=>0x0000027a31331f70 JavaThread "C2 CompilerThread0"         daemon [_thread_in_native, id=7980, stack(0x000000fa2a700000,0x000000fa2a800000) (1024K)]
  0x0000027a313a0080 JavaThread "C1 CompilerThread0"         daemon [_thread_blocked, id=13736, stack(0x000000fa2a800000,0x000000fa2a900000) (1024K)]
  0x0000027a77166220 JavaThread "Common-Cleaner"             daemon [_thread_blocked, id=7708, stack(0x000000fa2a900000,0x000000fa2aa00000) (1024K)]
  0x0000027a771c6670 JavaThread "Notification Thread"        daemon [_thread_blocked, id=6140, stack(0x000000fa2aa00000,0x000000fa2ab00000) (1024K)]
  0x0000027a77b6b050 JavaThread "Active Thread: Equinox Container: bb1c5097-e155-4159-bfea-e948c06e20cd"        [_thread_blocked, id=11268, stack(0x000000fa2ab00000,0x000000fa2ac00000) (1024K)]
  0x0000027a313b2ec0 JavaThread "Refresh Thread: Equinox Container: bb1c5097-e155-4159-bfea-e948c06e20cd" daemon [_thread_blocked, id=8688, stack(0x000000fa2af00000,0x000000fa2b000000) (1024K)]
  0x0000027a778c4b10 JavaThread "Framework Event Dispatcher: Equinox Container: bb1c5097-e155-4159-bfea-e948c06e20cd" daemon [_thread_blocked, id=3316, stack(0x000000fa2b000000,0x000000fa2b100000) (1024K)]
  0x0000027a778c7560 JavaThread "Start Level: Equinox Container: bb1c5097-e155-4159-bfea-e948c06e20cd" daemon [_thread_blocked, id=11692, stack(0x000000fa2b100000,0x000000fa2b200000) (1024K)]
  0x0000027a77c75c00 JavaThread "Bundle File Closer"         daemon [_thread_blocked, id=5292, stack(0x000000fa2b200000,0x000000fa2b300000) (1024K)]
  0x0000027a77399670 JavaThread "SCR Component Actor"        daemon [_thread_blocked, id=10936, stack(0x000000fa2b300000,0x000000fa2b400000) (1024K)]
  0x0000027a77125410 JavaThread "Worker-JM"                         [_thread_blocked, id=14264, stack(0x000000fa2b500000,0x000000fa2b600000) (1024K)]
  0x0000027a775db6d0 JavaThread "JNA Cleaner"                daemon [_thread_blocked, id=10536, stack(0x000000fa2b400000,0x000000fa2b500000) (1024K)]
  0x0000027a775db040 JavaThread "Worker-0"                          [_thread_blocked, id=10876, stack(0x000000fa2b600000,0x000000fa2b700000) (1024K)]
  0x0000027a775da9b0 JavaThread "Worker-2"                          [_thread_blocked, id=7320, stack(0x000000fa2b800000,0x000000fa2b900000) (1024K)]
  0x0000027a77de3aa0 JavaThread "Worker-3: Initialize workspace"        [_thread_blocked, id=2132, stack(0x000000fa2b900000,0x000000fa2ba00000) (1024K)]
  0x0000027a77de26f0 JavaThread "Java indexing"              daemon [_thread_blocked, id=4148, stack(0x000000fa2bb00000,0x000000fa2bc00000) (1024K)]
  0x0000027a77de2060 JavaThread "Thread-1"                   daemon [_thread_in_native, id=11280, stack(0x000000fa2c000000,0x000000fa2c100000) (1024K)]
  0x0000027a77de6890 JavaThread "Thread-2"                   daemon [_thread_in_native, id=10496, stack(0x000000fa2c100000,0x000000fa2c200000) (1024K)]
  0x0000027a77de54e0 JavaThread "Thread-3"                   daemon [_thread_in_native, id=11796, stack(0x000000fa2c200000,0x000000fa2c300000) (1024K)]
  0x0000027a77de7c40 JavaThread "Thread-4"                   daemon [_thread_in_native, id=10940, stack(0x000000fa2c300000,0x000000fa2c400000) (1024K)]
  0x0000027a77de5b70 JavaThread "Thread-5"                   daemon [_thread_in_native, id=11588, stack(0x000000fa2c400000,0x000000fa2c500000) (1024K)]
  0x0000027a77de3410 JavaThread "pool-2-thread-1"                   [_thread_blocked, id=9712, stack(0x000000fa2c500000,0x000000fa2c600000) (1024K)]
  0x0000027a77de47c0 JavaThread "WorkspaceEventsHandler"            [_thread_blocked, id=14120, stack(0x000000fa2c600000,0x000000fa2c700000) (1024K)]
  0x0000027a77de82d0 JavaThread "pool-1-thread-1"                   [_thread_blocked, id=3132, stack(0x000000fa2c700000,0x000000fa2c800000) (1024K)]
  0x0000027a77de4e50 JavaThread "PatternSearchJob-worker-1"  daemon [_thread_blocked, id=12088, stack(0x000000fa2ba00000,0x000000fa2bb00000) (1024K)]
  0x0000027a77de8960 JavaThread "PatternSearchJob-worker-2"  daemon [_thread_blocked, id=13876, stack(0x000000fa2c800000,0x000000fa2c900000) (1024K)]
  0x0000027a77de8ff0 JavaThread "PatternSearchJob-worker-3"  daemon [_thread_blocked, id=5164, stack(0x000000fa2c900000,0x000000fa2ca00000) (1024K)]
  0x0000027a793086d0 JavaThread "Timer-0"                           [_thread_blocked, id=2116, stack(0x000000fa2cf00000,0x000000fa2d000000) (1024K)]
  0x0000027a7930a110 JavaThread "ForkJoinPool.commonPool-worker-1" daemon [_thread_blocked, id=11800, stack(0x000000fa2cb00000,0x000000fa2cc00000) (1024K)]
  0x0000027a79308d60 JavaThread "ForkJoinPool.commonPool-worker-2" daemon [_thread_blocked, id=2200, stack(0x000000fa2cc00000,0x000000fa2cd00000) (1024K)]
  0x0000027a7930cf00 JavaThread "ForkJoinPool.commonPool-worker-3" daemon [_thread_blocked, id=2752, stack(0x000000fa2ca00000,0x000000fa2cb00000) (1024K)]
  0x0000027a793093f0 JavaThread "Connection worker"                 [_thread_blocked, id=13960, stack(0x000000fa29b00000,0x000000fa29c00000) (1024K)]
  0x0000027a7930c870 JavaThread "pool-3-thread-1"                   [_thread_blocked, id=3212, stack(0x000000fa2cd00000,0x000000fa2ce00000) (1024K)]
  0x0000027a79309a80 JavaThread "Cleaner-0"                  daemon [_thread_blocked, id=9524, stack(0x000000fa2ce00000,0x000000fa2cf00000) (1024K)]
  0x0000027a7930dc20 JavaThread "Exec process"                      [_thread_in_native, id=1300, stack(0x000000fa2d000000,0x000000fa2d100000) (1024K)]
  0x0000027a7930ae30 JavaThread "Exec process Thread 2"             [_thread_blocked, id=3444, stack(0x000000fa2d100000,0x000000fa2d200000) (1024K)]
Total: 43

Other Threads:
  0x0000027a3130b5b0 VMThread "VM Thread"                           [id=11732, stack(0x000000fa2a000000,0x000000fa2a100000) (1024K)]
  0x0000027a1aa045d0 WatcherThread "VM Periodic Task Thread"        [id=14092, stack(0x000000fa29f00000,0x000000fa2a000000) (1024K)]
  0x0000027a1a95b6e0 WorkerThread "GC Thread#0"                     [id=888, stack(0x000000fa29e00000,0x000000fa29f00000) (1024K)]
  0x0000027a7777f020 WorkerThread "GC Thread#1"                     [id=7264, stack(0x000000fa2ac00000,0x000000fa2ad00000) (1024K)]
  0x0000027a7777f3d0 WorkerThread "GC Thread#2"                     [id=9296, stack(0x000000fa2ad00000,0x000000fa2ae00000) (1024K)]
  0x0000027a776be470 WorkerThread "GC Thread#3"                     [id=3440, stack(0x000000fa2ae00000,0x000000fa2af00000) (1024K)]
Total: 6

Threads with active compile tasks:
C2 CompilerThread0  134943 9501       4       java.util.regex.Pattern$CharPropertyGreedy::match (160 bytes)
Total: 1

VM state: not at safepoint (normal execution)

VM Mutex/Monitor currently owned by a thread: None

Heap address: 0x0000000080000000, size: 2048 MB, Compressed Oops mode: 32-bit

CDS archive(s) mapped at: [0x0000027a32000000-0x0000027a32ba0000-0x0000027a32ba0000), size 12189696, SharedBaseAddress: 0x0000027a32000000, ArchiveRelocationMode: 1.
Compressed class space mapped at: 0x0000027a33000000-0x0000027a73000000, reserved size: 1073741824
Narrow klass base: 0x0000027a32000000, Narrow klass shift: 0, Narrow klass range: 0x100000000

GC Precious Log:
 CardTable entry size: 512
 CPUs: 4 total, 4 available
 Memory: 8080M
 Large Page Support: Disabled
 NUMA Support: Disabled
 Compressed Oops: Enabled (32-bit)
 Alignments: Space 512K, Generation 512K, Heap 2M
 Heap Min Capacity: 100M
 Heap Initial Capacity: 100M
 Heap Max Capacity: 2G
 Pre-touch: Disabled
 Parallel Workers: 4

Heap:
 PSYoungGen      total 22528K, used 11261K [0x00000000d5580000, 0x00000000d7000000, 0x0000000100000000)
  eden space 20992K, 46% used [0x00000000d5580000,0x00000000d5f022f8,0x00000000d6a00000)
  from space 1536K, 99% used [0x00000000d6e80000,0x00000000d6ffd368,0x00000000d7000000)
  to   space 3072K, 0% used [0x00000000d6a00000,0x00000000d6a00000,0x00000000d6d00000)
 ParOldGen       total 76800K, used 76778K [0x0000000080000000, 0x0000000084b00000, 0x00000000d5580000)
  object space 76800K, 99% used [0x0000000080000000,0x0000000084afaaf0,0x0000000084b00000)
 Metaspace       used 72985K, committed 74432K, reserved 1179648K
  class space    used 8297K, committed 8896K, reserved 1048576K

Card table byte_map: [0x0000027a1a310000,0x0000027a1a720000] _byte_map_base: 0x0000027a19f10000

Marking Bits: (ParMarkBitMap*) 0x00007ffe97af44a0
 Begin Bits: [0x0000027a2ce00000, 0x0000027a2ee00000)
 End Bits:   [0x0000027a2ee00000, 0x0000027a30e00000)

Polling page: 0x0000027a189e0000

Metaspace:

Usage:
  Non-class:     63.17 MB used.
      Class:      8.10 MB used.
       Both:     71.28 MB used.

Virtual space:
  Non-class space:      128.00 MB reserved,      64.00 MB ( 50%) committed,  2 nodes.
      Class space:        1.00 GB reserved,       8.69 MB ( <1%) committed,  1 nodes.
             Both:        1.12 GB reserved,      72.69 MB (  6%) committed. 

Chunk freelists:
   Non-Class:  15.75 MB
       Class:  7.36 MB
        Both:  23.11 MB

MaxMetaspaceSize: unlimited
CompressedClassSpaceSize: 1.00 GB
Initial GC threshold: 21.00 MB
Current GC threshold: 97.31 MB
CDS: on
 - commit_granule_bytes: 65536.
 - commit_granule_words: 8192.
 - virtual_space_node_default_size: 8388608.
 - enlarge_chunks_in_place: 1.
 - use_allocation_guard: 0.


Internal statistics:

num_allocs_failed_limit: 9.
num_arena_births: 1200.
num_arena_deaths: 16.
num_vsnodes_births: 3.
num_vsnodes_deaths: 0.
num_space_committed: 1163.
num_space_uncommitted: 0.
num_chunks_returned_to_freelist: 25.
num_chunks_taken_from_freelist: 4479.
num_chunk_merges: 10.
num_chunk_splits: 2838.
num_chunks_enlarged: 1713.
num_inconsistent_stats: 0.

CodeHeap 'non-profiled nmethods': size=120000Kb used=7029Kb max_used=7029Kb free=112971Kb
 bounds [0x0000027a25620000, 0x0000027a25d00000, 0x0000027a2cb50000]
CodeHeap 'profiled nmethods': size=120000Kb used=18917Kb max_used=18917Kb free=101082Kb
 bounds [0x0000027a1db50000, 0x0000027a1edd0000, 0x0000027a25080000]
CodeHeap 'non-nmethods': size=5760Kb used=1466Kb max_used=1511Kb free=4293Kb
 bounds [0x0000027a25080000, 0x0000027a252f0000, 0x0000027a25620000]
CodeCache: size=245760Kb, used=27412Kb, max_used=27457Kb, free=218346Kb
 total_blobs=9456, nmethods=8672, adapters=689, full_count=0
Compilation: enabled, stopped_count=0, restarted_count=0

Compilation events (20 events):
Event: 125.585 Thread 0x0000027a313a0080 nmethod 9495 0x0000027a1edc6790 code [0x0000027a1edc69a0, 0x0000027a1edc7150]
Event: 126.265 Thread 0x0000027a313a0080 9496       1       org.gradle.internal.logging.events.UpdateNowEvent::getTimestamp (5 bytes)
Event: 126.265 Thread 0x0000027a313a0080 nmethod 9496 0x0000027a25cfc090 code [0x0000027a25cfc220, 0x0000027a25cfc2e8]
Event: 128.728 Thread 0x0000027a313a0080 9497       3       java.util.concurrent.ScheduledThreadPoolExecutor$DelayedWorkQueue::setIndex (16 bytes)
Event: 128.728 Thread 0x0000027a313a0080 nmethod 9497 0x0000027a1edc7390 code [0x0000027a1edc7540, 0x0000027a1edc7848]
Event: 128.878 Thread 0x0000027a313a0080 9498       1       java.util.concurrent.ThreadPoolExecutor::getQueue (5 bytes)
Event: 128.878 Thread 0x0000027a313a0080 nmethod 9498 0x0000027a25cfc390 code [0x0000027a25cfc520, 0x0000027a25cfc5e8]
Event: 129.280 Thread 0x0000027a31331f70 9499       4       java.lang.invoke.VarHandleGuards::guard_LLL_Z (86 bytes)
Event: 129.289 Thread 0x0000027a31331f70 nmethod 9499 0x0000027a25cfc690 code [0x0000027a25cfc880, 0x0000027a25cfccb8]
Event: 132.569 Thread 0x0000027a313a0080 9500       1       org.gradle.internal.logging.events.UpdateNowEvent::getLogLevel (2 bytes)
Event: 132.569 Thread 0x0000027a313a0080 nmethod 9500 0x0000027a25cfd110 code [0x0000027a25cfd2a0, 0x0000027a25cfd370]
Event: 134.896 Thread 0x0000027a31331f70 9501       4       java.util.regex.Pattern$CharPropertyGreedy::match (160 bytes)
Event: 134.897 Thread 0x0000027a313a0080 9503   !   3       java.io.PrintWriter::implNewLine (48 bytes)
Event: 134.897 Thread 0x0000027a313a0080 nmethod 9503 0x0000027a1edc7910 code [0x0000027a1edc7b40, 0x0000027a1edc8180]
Event: 134.898 Thread 0x0000027a313a0080 9504       3       java.lang.Character::codePointAt (51 bytes)
Event: 134.898 Thread 0x0000027a313a0080 nmethod 9504 0x0000027a1edc8490 code [0x0000027a1edc86a0, 0x0000027a1edc8ce0]
Event: 134.898 Thread 0x0000027a313a0080 9502       3       java.io.PrintWriter::println (5 bytes)
Event: 134.898 Thread 0x0000027a313a0080 nmethod 9502 0x0000027a1edc8e90 code [0x0000027a1edc9040, 0x0000027a1edc9178]
Event: 134.898 Thread 0x0000027a313a0080 9505       3       java.nio.Buffer::checkIndex (16 bytes)
Event: 134.898 Thread 0x0000027a313a0080 nmethod 9505 0x0000027a1edc9210 code [0x0000027a1edc93c0, 0x0000027a1edc9520]

GC Heap History (20 events):
Event: 102.468 GC heap before
{Heap before GC invocations=78 (full 3):
 PSYoungGen      total 21504K, used 21344K [0x00000000d5580000, 0x00000000d7000000, 0x0000000100000000)
  eden space 20992K, 100% used [0x00000000d5580000,0x00000000d6a00000,0x00000000d6a00000)
  from space 512K, 68% used [0x00000000d6f80000,0x00000000d6fd8000,0x00000000d7000000)
  to   space 512K, 0% used [0x00000000d6f00000,0x00000000d6f00000,0x00000000d6f80000)
 ParOldGen       total 71168K, used 70782K [0x0000000080000000, 0x0000000084580000, 0x00000000d5580000)
  object space 71168K, 99% used [0x0000000080000000,0x000000008451f8e8,0x0000000084580000)
 Metaspace       used 65311K, committed 66688K, reserved 1114112K
  class space    used 7422K, committed 8000K, reserved 1048576K
}
Event: 102.470 GC heap after
{Heap after GC invocations=78 (full 3):
 PSYoungGen      total 21504K, used 448K [0x00000000d5580000, 0x00000000d7000000, 0x0000000100000000)
  eden space 20992K, 0% used [0x00000000d5580000,0x00000000d5580000,0x00000000d6a00000)
  from space 512K, 87% used [0x00000000d6f00000,0x00000000d6f70000,0x00000000d6f80000)
  to   space 512K, 0% used [0x00000000d6f80000,0x00000000d6f80000,0x00000000d7000000)
 ParOldGen       total 71168K, used 71086K [0x0000000080000000, 0x0000000084580000, 0x00000000d5580000)
  object space 71168K, 99% used [0x0000000080000000,0x000000008456b8e8,0x0000000084580000)
 Metaspace       used 65311K, committed 66688K, reserved 1114112K
  class space    used 7422K, committed 8000K, reserved 1048576K
}
Event: 102.681 GC heap before
{Heap before GC invocations=79 (full 3):
 PSYoungGen      total 21504K, used 21440K [0x00000000d5580000, 0x00000000d7000000, 0x0000000100000000)
  eden space 20992K, 100% used [0x00000000d5580000,0x00000000d6a00000,0x00000000d6a00000)
  from space 512K, 87% used [0x00000000d6f00000,0x00000000d6f70000,0x00000000d6f80000)
  to   space 512K, 0% used [0x00000000d6f80000,0x00000000d6f80000,0x00000000d7000000)
 ParOldGen       total 71168K, used 71086K [0x0000000080000000, 0x0000000084580000, 0x00000000d5580000)
  object space 71168K, 99% used [0x0000000080000000,0x000000008456b8e8,0x0000000084580000)
 Metaspace       used 65315K, committed 66688K, reserved 1114112K
  class space    used 7422K, committed 8000K, reserved 1048576K
}
Event: 102.682 GC heap after
{Heap after GC invocations=79 (full 3):
 PSYoungGen      total 21504K, used 128K [0x00000000d5580000, 0x00000000d7000000, 0x0000000100000000)
  eden space 20992K, 0% used [0x00000000d5580000,0x00000000d5580000,0x00000000d6a00000)
  from space 512K, 25% used [0x00000000d6f80000,0x00000000d6fa0000,0x00000000d7000000)
  to   space 512K, 0% used [0x00000000d6f00000,0x00000000d6f00000,0x00000000d6f80000)
 ParOldGen       total 71680K, used 71454K [0x0000000080000000, 0x0000000084600000, 0x00000000d5580000)
  object space 71680K, 99% used [0x0000000080000000,0x00000000845c78e8,0x0000000084600000)
 Metaspace       used 65315K, committed 66688K, reserved 1114112K
  class space    used 7422K, committed 8000K, reserved 1048576K
}
Event: 106.298 GC heap before
{Heap before GC invocations=80 (full 3):
 PSYoungGen      total 21504K, used 21119K [0x00000000d5580000, 0x00000000d7000000, 0x0000000100000000)
  eden space 20992K, 99% used [0x00000000d5580000,0x00000000d69fffa0,0x00000000d6a00000)
  from space 512K, 25% used [0x00000000d6f80000,0x00000000d6fa0000,0x00000000d7000000)
  to   space 512K, 0% used [0x00000000d6f00000,0x00000000d6f00000,0x00000000d6f80000)
 ParOldGen       total 71680K, used 71454K [0x0000000080000000, 0x0000000084600000, 0x00000000d5580000)
  object space 71680K, 99% used [0x0000000080000000,0x00000000845c78e8,0x0000000084600000)
 Metaspace       used 65327K, committed 66688K, reserved 1114112K
  class space    used 7423K, committed 8000K, reserved 1048576K
}
Event: 106.300 GC heap after
{Heap after GC invocations=80 (full 3):
 PSYoungGen      total 21504K, used 502K [0x00000000d5580000, 0x00000000d7000000, 0x0000000100000000)
  eden space 20992K, 0% used [0x00000000d5580000,0x00000000d5580000,0x00000000d6a00000)
  from space 512K, 98% used [0x00000000d6f00000,0x00000000d6f7d990,0x00000000d6f80000)
  to   space 512K, 0% used [0x00000000d6f80000,0x00000000d6f80000,0x00000000d7000000)
 ParOldGen       total 71680K, used 71550K [0x0000000080000000, 0x0000000084600000, 0x00000000d5580000)
  object space 71680K, 99% used [0x0000000080000000,0x00000000845df8e8,0x0000000084600000)
 Metaspace       used 65327K, committed 66688K, reserved 1114112K
  class space    used 7423K, committed 8000K, reserved 1048576K
}
Event: 106.537 GC heap before
{Heap before GC invocations=81 (full 3):
 PSYoungGen      total 21504K, used 21494K [0x00000000d5580000, 0x00000000d7000000, 0x0000000100000000)
  eden space 20992K, 100% used [0x00000000d5580000,0x00000000d6a00000,0x00000000d6a00000)
  from space 512K, 98% used [0x00000000d6f00000,0x00000000d6f7d990,0x00000000d6f80000)
  to   space 512K, 0% used [0x00000000d6f80000,0x00000000d6f80000,0x00000000d7000000)
 ParOldGen       total 71680K, used 71550K [0x0000000080000000, 0x0000000084600000, 0x00000000d5580000)
  object space 71680K, 99% used [0x0000000080000000,0x00000000845df8e8,0x0000000084600000)
 Metaspace       used 65327K, committed 66688K, reserved 1114112K
  class space    used 7423K, committed 8000K, reserved 1048576K
}
Event: 106.540 GC heap after
{Heap after GC invocations=81 (full 3):
 PSYoungGen      total 21504K, used 288K [0x00000000d5580000, 0x00000000d7000000, 0x0000000100000000)
  eden space 20992K, 0% used [0x00000000d5580000,0x00000000d5580000,0x00000000d6a00000)
  from space 512K, 56% used [0x00000000d6f80000,0x00000000d6fc8000,0x00000000d7000000)
  to   space 512K, 0% used [0x00000000d6f00000,0x00000000d6f00000,0x00000000d6f80000)
 ParOldGen       total 72192K, used 71969K [0x0000000080000000, 0x0000000084680000, 0x00000000d5580000)
  object space 72192K, 99% used [0x0000000080000000,0x0000000084648778,0x0000000084680000)
 Metaspace       used 65327K, committed 66688K, reserved 1114112K
  class space    used 7423K, committed 8000K, reserved 1048576K
}
Event: 108.227 GC heap before
{Heap before GC invocations=82 (full 3):
 PSYoungGen      total 21504K, used 21280K [0x00000000d5580000, 0x00000000d7000000, 0x0000000100000000)
  eden space 20992K, 100% used [0x00000000d5580000,0x00000000d6a00000,0x00000000d6a00000)
  from space 512K, 56% used [0x00000000d6f80000,0x00000000d6fc8000,0x00000000d7000000)
  to   space 512K, 0% used [0x00000000d6f00000,0x00000000d6f00000,0x00000000d6f80000)
 ParOldGen       total 72192K, used 71969K [0x0000000080000000, 0x0000000084680000, 0x00000000d5580000)
  object space 72192K, 99% used [0x0000000080000000,0x0000000084648778,0x0000000084680000)
 Metaspace       used 65327K, committed 66688K, reserved 1114112K
  class space    used 7423K, committed 8000K, reserved 1048576K
}
Event: 108.228 GC heap after
{Heap after GC invocations=82 (full 3):
 PSYoungGen      total 21504K, used 438K [0x00000000d5580000, 0x00000000d7000000, 0x0000000100000000)
  eden space 20992K, 0% used [0x00000000d5580000,0x00000000d5580000,0x00000000d6a00000)
  from space 512K, 85% used [0x00000000d6f00000,0x00000000d6f6daa8,0x00000000d6f80000)
  to   space 512K, 0% used [0x00000000d6f80000,0x00000000d6f80000,0x00000000d7000000)
 ParOldGen       total 72192K, used 72188K [0x0000000080000000, 0x0000000084680000, 0x00000000d5580000)
  object space 72192K, 99% used [0x0000000080000000,0x000000008467f080,0x0000000084680000)
 Metaspace       used 65327K, committed 66688K, reserved 1114112K
  class space    used 7423K, committed 8000K, reserved 1048576K
}
Event: 109.588 GC heap before
{Heap before GC invocations=83 (full 3):
 PSYoungGen      total 21504K, used 21430K [0x00000000d5580000, 0x00000000d7000000, 0x0000000100000000)
  eden space 20992K, 100% used [0x00000000d5580000,0x00000000d6a00000,0x00000000d6a00000)
  from space 512K, 85% used [0x00000000d6f00000,0x00000000d6f6daa8,0x00000000d6f80000)
  to   space 512K, 0% used [0x00000000d6f80000,0x00000000d6f80000,0x00000000d7000000)
 ParOldGen       total 72192K, used 72188K [0x0000000080000000, 0x0000000084680000, 0x00000000d5580000)
  object space 72192K, 99% used [0x0000000080000000,0x000000008467f080,0x0000000084680000)
 Metaspace       used 65327K, committed 66688K, reserved 1114112K
  class space    used 7423K, committed 8000K, reserved 1048576K
}
Event: 109.591 GC heap after
{Heap after GC invocations=83 (full 3):
 PSYoungGen      total 21504K, used 306K [0x00000000d5580000, 0x00000000d7000000, 0x0000000100000000)
  eden space 20992K, 0% used [0x00000000d5580000,0x00000000d5580000,0x00000000d6a00000)
  from space 512K, 59% used [0x00000000d6f80000,0x00000000d6fcc858,0x00000000d7000000)
  to   space 512K, 0% used [0x00000000d6f00000,0x00000000d6f00000,0x00000000d6f80000)
 ParOldGen       total 73728K, used 73284K [0x0000000080000000, 0x0000000084800000, 0x00000000d5580000)
  object space 73728K, 99% used [0x0000000080000000,0x00000000847912d0,0x0000000084800000)
 Metaspace       used 65327K, committed 66688K, reserved 1114112K
  class space    used 7423K, committed 8000K, reserved 1048576K
}
Event: 116.564 GC heap before
{Heap before GC invocations=84 (full 3):
 PSYoungGen      total 21504K, used 21298K [0x00000000d5580000, 0x00000000d7000000, 0x0000000100000000)
  eden space 20992K, 100% used [0x00000000d5580000,0x00000000d6a00000,0x00000000d6a00000)
  from space 512K, 59% used [0x00000000d6f80000,0x00000000d6fcc858,0x00000000d7000000)
  to   space 512K, 0% used [0x00000000d6f00000,0x00000000d6f00000,0x00000000d6f80000)
 ParOldGen       total 73728K, used 73284K [0x0000000080000000, 0x0000000084800000, 0x00000000d5580000)
  object space 73728K, 99% used [0x0000000080000000,0x00000000847912d0,0x0000000084800000)
 Metaspace       used 65805K, committed 67264K, reserved 1114112K
  class space    used 7469K, committed 8064K, reserved 1048576K
}
Event: 116.568 GC heap after
{Heap after GC invocations=84 (full 3):
 PSYoungGen      total 21504K, used 489K [0x00000000d5580000, 0x00000000d7000000, 0x0000000100000000)
  eden space 20992K, 0% used [0x00000000d5580000,0x00000000d5580000,0x00000000d6a00000)
  from space 512K, 95% used [0x00000000d6f00000,0x00000000d6f7a448,0x00000000d6f80000)
  to   space 512K, 0% used [0x00000000d6f80000,0x00000000d6f80000,0x00000000d7000000)
 ParOldGen       total 73728K, used 73720K [0x0000000080000000, 0x0000000084800000, 0x00000000d5580000)
  object space 73728K, 99% used [0x0000000080000000,0x00000000847fe220,0x0000000084800000)
 Metaspace       used 65805K, committed 67264K, reserved 1114112K
  class space    used 7469K, committed 8064K, reserved 1048576K
}
Event: 118.120 GC heap before
{Heap before GC invocations=85 (full 3):
 PSYoungGen      total 21504K, used 21481K [0x00000000d5580000, 0x00000000d7000000, 0x0000000100000000)
  eden space 20992K, 100% used [0x00000000d5580000,0x00000000d6a00000,0x00000000d6a00000)
  from space 512K, 95% used [0x00000000d6f00000,0x00000000d6f7a448,0x00000000d6f80000)
  to   space 512K, 0% used [0x00000000d6f80000,0x00000000d6f80000,0x00000000d7000000)
 ParOldGen       total 73728K, used 73720K [0x0000000080000000, 0x0000000084800000, 0x00000000d5580000)
  object space 73728K, 99% used [0x0000000080000000,0x00000000847fe220,0x0000000084800000)
 Metaspace       used 67617K, committed 69056K, reserved 1114112K
  class space    used 7679K, committed 8256K, reserved 1048576K
}
Event: 118.124 GC heap after
{Heap after GC invocations=85 (full 3):
 PSYoungGen      total 21504K, used 494K [0x00000000d5580000, 0x00000000d7000000, 0x0000000100000000)
  eden space 20992K, 0% used [0x00000000d5580000,0x00000000d5580000,0x00000000d6a00000)
  from space 512K, 96% used [0x00000000d6f80000,0x00000000d6ffba38,0x00000000d7000000)
  to   space 2560K, 0% used [0x00000000d6b00000,0x00000000d6b00000,0x00000000d6d80000)
 ParOldGen       total 75264K, used 75246K [0x0000000080000000, 0x0000000084980000, 0x00000000d5580000)
  object space 75264K, 99% used [0x0000000080000000,0x000000008497b8d8,0x0000000084980000)
 Metaspace       used 67617K, committed 69056K, reserved 1114112K
  class space    used 7679K, committed 8256K, reserved 1048576K
}
Event: 119.181 GC heap before
{Heap before GC invocations=86 (full 3):
 PSYoungGen      total 21504K, used 21486K [0x00000000d5580000, 0x00000000d7000000, 0x0000000100000000)
  eden space 20992K, 100% used [0x00000000d5580000,0x00000000d6a00000,0x00000000d6a00000)
  from space 512K, 96% used [0x00000000d6f80000,0x00000000d6ffba38,0x00000000d7000000)
  to   space 2560K, 0% used [0x00000000d6b00000,0x00000000d6b00000,0x00000000d6d80000)
 ParOldGen       total 75264K, used 75246K [0x0000000080000000, 0x0000000084980000, 0x00000000d5580000)
  object space 75264K, 99% used [0x0000000080000000,0x000000008497b8d8,0x0000000084980000)
 Metaspace       used 70280K, committed 71808K, reserved 1114112K
  class space    used 8012K, committed 8640K, reserved 1048576K
}
Event: 119.184 GC heap after
{Heap after GC invocations=86 (full 3):
 PSYoungGen      total 23552K, used 1134K [0x00000000d5580000, 0x00000000d7000000, 0x0000000100000000)
  eden space 20992K, 0% used [0x00000000d5580000,0x00000000d5580000,0x00000000d6a00000)
  from space 2560K, 44% used [0x00000000d6b00000,0x00000000d6c1b8d8,0x00000000d6d80000)
  to   space 1536K, 0% used [0x00000000d6e80000,0x00000000d6e80000,0x00000000d7000000)
 ParOldGen       total 75776K, used 75739K [0x0000000080000000, 0x0000000084a00000, 0x00000000d5580000)
  object space 75776K, 99% used [0x0000000080000000,0x00000000849f6d90,0x0000000084a00000)
 Metaspace       used 70280K, committed 71808K, reserved 1114112K
  class space    used 8012K, committed 8640K, reserved 1048576K
}
Event: 120.803 GC heap before
{Heap before GC invocations=87 (full 3):
 PSYoungGen      total 23552K, used 22126K [0x00000000d5580000, 0x00000000d7000000, 0x0000000100000000)
  eden space 20992K, 100% used [0x00000000d5580000,0x00000000d6a00000,0x00000000d6a00000)
  from space 2560K, 44% used [0x00000000d6b00000,0x00000000d6c1b8d8,0x00000000d6d80000)
  to   space 1536K, 0% used [0x00000000d6e80000,0x00000000d6e80000,0x00000000d7000000)
 ParOldGen       total 75776K, used 75739K [0x0000000080000000, 0x0000000084a00000, 0x00000000d5580000)
  object space 75776K, 99% used [0x0000000080000000,0x00000000849f6d90,0x0000000084a00000)
 Metaspace       used 72451K, committed 73920K, reserved 1114112K
  class space    used 8235K, committed 8832K, reserved 1048576K
}
Event: 120.813 GC heap after
{Heap after GC invocations=87 (full 3):
 PSYoungGen      total 22528K, used 1524K [0x00000000d5580000, 0x00000000d7000000, 0x0000000100000000)
  eden space 20992K, 0% used [0x00000000d5580000,0x00000000d5580000,0x00000000d6a00000)
  from space 1536K, 99% used [0x00000000d6e80000,0x00000000d6ffd368,0x00000000d7000000)
  to   space 3072K, 0% used [0x00000000d6a00000,0x00000000d6a00000,0x00000000d6d00000)
 ParOldGen       total 76800K, used 76778K [0x0000000080000000, 0x0000000084b00000, 0x00000000d5580000)
  object space 76800K, 99% used [0x0000000080000000,0x0000000084afaaf0,0x0000000084b00000)
 Metaspace       used 72451K, committed 73920K, reserved 1114112K
  class space    used 8235K, committed 8832K, reserved 1048576K
}

Dll operation events (20 events):
Event: 0.498 Attempting to load shared library C:\Users\sampa\.vscode\extensions\redhat.java-1.56.0-win32-x64\jre\21.0.12.1-win32-x86_64\bin\nio.dll
Event: 0.499 Loaded shared library C:\Users\sampa\.vscode\extensions\redhat.java-1.56.0-win32-x64\jre\21.0.12.1-win32-x86_64\bin\nio.dll
Event: 0.505 Attempting to load shared library C:\Users\sampa\.vscode\extensions\redhat.java-1.56.0-win32-x64\jre\21.0.12.1-win32-x86_64\bin\zip.dll
Event: 0.505 Loaded shared library C:\Users\sampa\.vscode\extensions\redhat.java-1.56.0-win32-x64\jre\21.0.12.1-win32-x86_64\bin\zip.dll
Event: 0.564 Attempting to load shared library C:\Users\sampa\.vscode\extensions\redhat.java-1.56.0-win32-x64\jre\21.0.12.1-win32-x86_64\bin\jimage.dll
Event: 0.564 Loaded shared library C:\Users\sampa\.vscode\extensions\redhat.java-1.56.0-win32-x64\jre\21.0.12.1-win32-x86_64\bin\jimage.dll
Event: 0.934 Attempting to load shared library c:\Users\sampa\.vscode\extensions\redhat.java-1.56.0-win32-x64\jre\21.0.12.1-win32-x86_64\bin\verify.dll
Event: 0.934 Loaded shared library c:\Users\sampa\.vscode\extensions\redhat.java-1.56.0-win32-x64\jre\21.0.12.1-win32-x86_64\bin\verify.dll
Event: 13.434 Attempting to load shared library C:\Users\sampa\AppData\Roaming\Code\User\globalStorage\redhat.java\1.56.0\config_win\org.eclipse.equinox.launcher\org.eclipse.equinox.launcher.win32.win32.x86_64_1.3.100.v20260804-1928\eclipse_11924.dll
Event: 13.577 Loaded shared library C:\Users\sampa\AppData\Roaming\Code\User\globalStorage\redhat.java\1.56.0\config_win\org.eclipse.equinox.launcher\org.eclipse.equinox.launcher.win32.win32.x86_64_1.3.100.v20260804-1928\eclipse_11924.dll
Event: 31.368 Attempting to load shared library C:\Users\sampa\AppData\Local\Temp\jna-109202960\jna7801565662642093659.dll
Event: 31.606 Loaded shared library C:\Users\sampa\AppData\Local\Temp\jna-109202960\jna7801565662642093659.dll
Event: 51.119 Attempting to load shared library C:\Users\sampa\.gradle\native\660c5614fbf4a5f2a75b1949f50a0caf5cd603558e7d8a26e50b933a0cfb79d1\windows-amd64\native-platform.dll
Event: 51.120 Loaded shared library C:\Users\sampa\.gradle\native\660c5614fbf4a5f2a75b1949f50a0caf5cd603558e7d8a26e50b933a0cfb79d1\windows-amd64\native-platform.dll
Event: 55.480 Attempting to load shared library C:\Users\sampa\.vscode\extensions\redhat.java-1.56.0-win32-x64\jre\21.0.12.1-win32-x86_64\bin\management.dll
Event: 55.481 Loaded shared library C:\Users\sampa\.vscode\extensions\redhat.java-1.56.0-win32-x64\jre\21.0.12.1-win32-x86_64\bin\management.dll
Event: 55.485 Attempting to load shared library C:\Users\sampa\.vscode\extensions\redhat.java-1.56.0-win32-x64\jre\21.0.12.1-win32-x86_64\bin\management_ext.dll
Event: 55.485 Loaded shared library C:\Users\sampa\.vscode\extensions\redhat.java-1.56.0-win32-x64\jre\21.0.12.1-win32-x86_64\bin\management_ext.dll
Event: 117.966 Attempting to load shared library C:\Users\sampa\.vscode\extensions\redhat.java-1.56.0-win32-x64\jre\21.0.12.1-win32-x86_64\bin\extnet.dll
Event: 117.967 Loaded shared library C:\Users\sampa\.vscode\extensions\redhat.java-1.56.0-win32-x64\jre\21.0.12.1-win32-x86_64\bin\extnet.dll

Deoptimization events (20 events):
Event: 134.897 Thread 0x0000027a7930dc20 Uncommon trap: trap_request=0xffffffc6 fr.pc=0x0000027a258092f0 relative=0x0000000000000130
Event: 134.897 Thread 0x0000027a7930dc20 Uncommon trap: reason=bimorphic_or_optimized_type_check action=maybe_recompile pc=0x0000027a258092f0 method=java.lang.Character.codePointAt(Ljava/lang/CharSequence;I)I @ 2 c2
Event: 134.897 Thread 0x0000027a7930dc20 DEOPT PACKING pc=0x0000027a258092f0 sp=0x000000fa2d0fed10
Event: 134.897 Thread 0x0000027a7930dc20 DEOPT UNPACKING pc=0x0000027a250d3aa2 sp=0x000000fa2d0feca8 mode 2
Event: 134.897 Thread 0x0000027a7930dc20 Uncommon trap: trap_request=0xffffff45 fr.pc=0x0000027a25ce5854 relative=0x0000000000000374
Event: 134.897 Thread 0x0000027a7930dc20 Uncommon trap: reason=unstable_if action=reinterpret pc=0x0000027a25ce5854 method=java.util.regex.Matcher.find()Z @ 21 c2
Event: 134.897 Thread 0x0000027a7930dc20 DEOPT PACKING pc=0x0000027a25ce5854 sp=0x000000fa2d0fedb0
Event: 134.897 Thread 0x0000027a7930dc20 DEOPT UNPACKING pc=0x0000027a250d3aa2 sp=0x000000fa2d0fed58 mode 2
Event: 134.897 Thread 0x0000027a7930dc20 Uncommon trap: trap_request=0xffffffc6 fr.pc=0x0000027a2586dae4 relative=0x0000000000000284
Event: 134.897 Thread 0x0000027a7930dc20 Uncommon trap: reason=bimorphic_or_optimized_type_check action=maybe_recompile pc=0x0000027a2586dae4 method=java.util.regex.Pattern$BmpCharProperty.match(Ljava/util/regex/Matcher;ILjava/lang/CharSequence;)Z @ 14 c2
Event: 134.897 Thread 0x0000027a7930dc20 DEOPT PACKING pc=0x0000027a2586dae4 sp=0x000000fa2d0feb40
Event: 134.897 Thread 0x0000027a7930dc20 DEOPT UNPACKING pc=0x0000027a250d3aa2 sp=0x000000fa2d0fead0 mode 2
Event: 134.897 Thread 0x0000027a7930dc20 Uncommon trap: trap_request=0xffffffc6 fr.pc=0x0000027a2586dae4 relative=0x0000000000000284
Event: 134.897 Thread 0x0000027a7930dc20 Uncommon trap: reason=bimorphic_or_optimized_type_check action=maybe_recompile pc=0x0000027a2586dae4 method=java.util.regex.Pattern$BmpCharProperty.match(Ljava/util/regex/Matcher;ILjava/lang/CharSequence;)Z @ 14 c2
Event: 134.897 Thread 0x0000027a7930dc20 DEOPT PACKING pc=0x0000027a2586dae4 sp=0x000000fa2d0feb50
Event: 134.897 Thread 0x0000027a7930dc20 DEOPT UNPACKING pc=0x0000027a250d3aa2 sp=0x000000fa2d0feae0 mode 2
Event: 134.897 Thread 0x0000027a7930dc20 Uncommon trap: trap_request=0xffffffc6 fr.pc=0x0000027a2586dae4 relative=0x0000000000000284
Event: 134.898 Thread 0x0000027a7930dc20 Uncommon trap: reason=bimorphic_or_optimized_type_check action=maybe_recompile pc=0x0000027a2586dae4 method=java.util.regex.Pattern$BmpCharProperty.match(Ljava/util/regex/Matcher;ILjava/lang/CharSequence;)Z @ 14 c2
Event: 134.898 Thread 0x0000027a7930dc20 DEOPT PACKING pc=0x0000027a2586dae4 sp=0x000000fa2d0feb50
Event: 134.898 Thread 0x0000027a7930dc20 DEOPT UNPACKING pc=0x0000027a250d3aa2 sp=0x000000fa2d0feae0 mode 2

Classes loaded (20 events):
Event: 119.982 Loading class jdk/internal/ref/CleanerImpl$InnocuousThreadFactory
Event: 119.983 Loading class jdk/internal/ref/CleanerImpl$InnocuousThreadFactory done
Event: 120.233 Loading class java/lang/ProcessBuilder
Event: 120.234 Loading class java/lang/ProcessBuilder done
Event: 120.238 Loading class java/lang/ProcessImpl
Event: 120.239 Loading class java/lang/ProcessImpl done
Event: 120.303 Loading class java/lang/ProcessImpl$2
Event: 120.303 Loading class java/lang/ProcessImpl$2 done
Event: 120.304 Loading class java/lang/Process$PipeInputStream
Event: 120.304 Loading class java/lang/Process$PipeInputStream done
Event: 120.319 Loading class java/lang/ProcessBuilder$NullInputStream
Event: 120.319 Loading class java/lang/ProcessBuilder$NullInputStream done
Event: 120.319 Loading class jdk/internal/event/ProcessStartEvent
Event: 120.320 Loading class jdk/internal/event/ProcessStartEvent done
Event: 120.340 Loading class java/util/Scanner
Event: 120.343 Loading class java/util/Scanner done
Event: 120.345 Loading class java/util/Scanner$PatternLRUCache
Event: 120.345 Loading class java/util/Scanner$PatternLRUCache done
Event: 134.896 Loading class java/util/regex/Matcher$ImmutableMatchResult
Event: 134.897 Loading class java/util/regex/Matcher$ImmutableMatchResult done

Classes unloaded (8 events):
Event: 32.797 Thread 0x0000027a3130b5b0 Unloading class 0x0000027a331ac800 'java/lang/invoke/LambdaForm$MH+0x0000027a331ac800'
Event: 32.797 Thread 0x0000027a3130b5b0 Unloading class 0x0000027a331ac400 'java/lang/invoke/LambdaForm$MH+0x0000027a331ac400'
Event: 32.797 Thread 0x0000027a3130b5b0 Unloading class 0x0000027a331ac000 'java/lang/invoke/LambdaForm$MH+0x0000027a331ac000'
Event: 32.797 Thread 0x0000027a3130b5b0 Unloading class 0x0000027a331abc00 'java/lang/invoke/LambdaForm$MH+0x0000027a331abc00'
Event: 32.797 Thread 0x0000027a3130b5b0 Unloading class 0x0000027a331ab800 'java/lang/invoke/LambdaForm$BMH+0x0000027a331ab800'
Event: 32.797 Thread 0x0000027a3130b5b0 Unloading class 0x0000027a331ab400 'java/lang/invoke/LambdaForm$DMH+0x0000027a331ab400'
Event: 32.797 Thread 0x0000027a3130b5b0 Unloading class 0x0000027a331aa000 'java/lang/invoke/LambdaForm$DMH+0x0000027a331aa000'
Event: 38.040 Thread 0x0000027a3130b5b0 Unloading class 0x0000027a332d1000 'java/lang/invoke/LambdaForm$MH+0x0000027a332d1000'

Classes redefined (0 events):
No events

Internal exceptions (20 events):
Event: 67.270 Thread 0x0000027a77de3aa0 Exception <a 'sun/nio/fs/WindowsException'{0x00000000d66d63e0}> (0x00000000d66d63e0) 
thrown [s\src\hotspot\share\prims\jni.cpp, line 520]
Event: 75.208 Thread 0x0000027a775db040 Implicit null exception at 0x0000027a25a94569 to 0x0000027a25a94ac8
Event: 75.208 Thread 0x0000027a775db040 Implicit null exception at 0x0000027a25a71826 to 0x0000027a25a71df4
Event: 75.209 Thread 0x0000027a775db040 Implicit null exception at 0x0000027a25a8fa01 to 0x0000027a25a8ffbc
Event: 75.476 Thread 0x0000027a77de3aa0 Implicit null exception at 0x0000027a25b93c06 to 0x0000027a25b93d10
Event: 75.477 Thread 0x0000027a77de3aa0 Implicit null exception at 0x0000027a25b5a6c8 to 0x0000027a25b5b330
Event: 116.408 Thread 0x0000027a7930a110 Exception <a 'java/lang/IncompatibleClassChangeError'{0x00000000d654a8b0}: Found class java.lang.Object, but interface was expected> (0x00000000d654a8b0) 
thrown [s\src\hotspot\share\interpreter\linkResolver.cpp, line 840]
Event: 116.717 Thread 0x0000027a775db040 Exception <a 'java/lang/NoSuchMethodError'{0x00000000d58d3d50}: 'int java.lang.invoke.DirectMethodHandle$Holder.invokeSpecialIFC(java.lang.Object, java.lang.Object, java.lang.Object)'> (0x00000000d58d3d50) 
thrown [s\src\hotspot\share\interpreter\linkResolver.cpp, line 773]
Event: 116.800 Thread 0x0000027a775db040 Exception <a 'java/lang/LinkageError'{0x00000000d59ad5a8}: loader lombok.launch.ShadowClassLoader @6a98ade3 attempted duplicate class definition for lombok.launch.PatchFixesHider$Delegate. (lombok.launch.PatchFixesHider$Delegate is in unnamed module of loader lombok.launch.ShadowClassLoader @6a98ade3, parent loader org.eclipse.osgi.internal.loader.EquinoxClassLoader @1ccbbea6)> (0x00000000d59ad5a8) 
thrown [s\src\hotspot\share\classfile\systemDictionary.cpp, line 1673]
Event: 117.807 Thread 0x0000027a775db040 Exception <a 'java/lang/LinkageError'{0x00000000d6488c28}: loader lombok.launch.ShadowClassLoader @6a98ade3 attempted duplicate class definition for lombok.launch.PatchFixesHider$Val. (lombok.launch.PatchFixesHider$Val is in unnamed module of loader lombok.launch.ShadowClassLoader @6a98ade3, parent loader org.eclipse.osgi.internal.loader.EquinoxClassLoader @1ccbbea6)> (0x00000000d6488c28) 
thrown [s\src\hotspot\share\classfile\systemDictionary.cpp, line 1673]
Event: 118.023 Thread 0x0000027a7930a110 Exception <a 'java/lang/LinkageError'{0x00000000d693bd08}: loader lombok.launch.ShadowClassLoader @6a98ade3 attempted duplicate class definition for lombok.launch.PatchFixesHider$ExtensionMethod. (lombok.launch.PatchFixesHider$ExtensionMethod is in unnamed module of loader lombok.launch.ShadowClassLoader @6a98ade3, parent loader org.eclipse.osgi.internal.loader.EquinoxClassLoader @1ccbbea6)> (0x00000000d693bd08) 
thrown [s\src\hotspot\share\classfile\systemDictionary.cpp, line 1673]
Event: 118.408 Thread 0x0000027a793093f0 Exception <a 'java/lang/NoSuchMethodError'{0x00000000d5a7fe90}: 'java.lang.Object java.lang.invoke.DirectMethodHandle$Holder.newInvokeSpecial(java.lang.Object, java.lang.Object, java.lang.Object, java.lang.Object, java.lang.Object, java.lang.Object, java.lang.Object, java.lang.Object)'> (0x00000000d5a7fe90) 
thrown [s\src\hotspot\share\interpreter\linkResolver.cpp, line 773]
Event: 118.539 Thread 0x0000027a775db040 Exception <a 'java/io/FileNotFoundException'{0x00000000d5cc3320}> (0x00000000d5cc3320) 
thrown [s\src\hotspot\share\prims\jni.cpp, line 520]
Event: 118.539 Thread 0x0000027a775db040 Exception <a 'java/io/FileNotFoundException'{0x00000000d5cc4338}> (0x00000000d5cc4338) 
thrown [s\src\hotspot\share\prims\jni.cpp, line 520]
Event: 118.540 Thread 0x0000027a775db040 Exception <a 'java/io/FileNotFoundException'{0x00000000d5cc50a0}> (0x00000000d5cc50a0) 
thrown [s\src\hotspot\share\prims\jni.cpp, line 520]
Event: 118.865 Thread 0x0000027a79308d60 Implicit null exception at 0x0000027a25c53457 to 0x0000027a25c54aec
Event: 118.865 Thread 0x0000027a79308d60 Implicit null exception at 0x0000027a25c5733f to 0x0000027a25c583f0
Event: 119.285 Thread 0x0000027a793093f0 Exception <a 'java/lang/NoSuchMethodError'{0x00000000d5828140}: 'long java.lang.invoke.DirectMethodHandle$Holder.invokeVirtual(java.lang.Object, java.lang.Object)'> (0x00000000d5828140) 
thrown [s\src\hotspot\share\interpreter\linkResolver.cpp, line 773]
Event: 119.286 Thread 0x0000027a793093f0 Exception <a 'java/lang/NoSuchMethodError'{0x00000000d582b540}: 'long java.lang.invoke.DelegatingMethodHandle$Holder.reinvoke_L(java.lang.Object, java.lang.Object)'> (0x00000000d582b540) 
thrown [s\src\hotspot\share\interpreter\linkResolver.cpp, line 773]
Event: 120.302 Thread 0x0000027a7930dc20 Exception <a 'java/lang/NoSuchMethodError'{0x00000000d64ff270}: 'void java.lang.invoke.DirectMethodHandle$Holder.invokeStatic(java.lang.Object, long)'> (0x00000000d64ff270) 
thrown [s\src\hotspot\share\interpreter\linkResolver.cpp, line 773]

ZGC Phase Switch (0 events):
No events

VM Operations (20 events):
Event: 118.023 Executing safepoint VM operation: ICBufferFull
Event: 118.031 Executing safepoint VM operation: ICBufferFull done
Event: 118.086 Executing safepoint VM operation: ParallelGCFailedAllocation (Allocation Failure)
Event: 118.124 Executing safepoint VM operation: ParallelGCFailedAllocation (Allocation Failure) done
Event: 119.179 Executing safepoint VM operation: ParallelGCFailedAllocation (Allocation Failure)
Event: 119.184 Executing safepoint VM operation: ParallelGCFailedAllocation (Allocation Failure) done
Event: 120.185 Executing safepoint VM operation: Cleanup
Event: 120.185 Executing safepoint VM operation: Cleanup done
Event: 120.306 Executing non-safepoint VM operation: HandshakeAllThreads (Deoptimize)
Event: 120.306 Executing non-safepoint VM operation: HandshakeAllThreads (Deoptimize) done
Event: 120.488 Executing non-safepoint VM operation: HandshakeAllThreads (HandshakeForDeflation)
Event: 120.565 Executing non-safepoint VM operation: HandshakeAllThreads (HandshakeForDeflation) done
Event: 120.565 Executing non-safepoint VM operation: RendezvousGCThreads
Event: 120.565 Executing non-safepoint VM operation: RendezvousGCThreads done
Event: 120.803 Executing safepoint VM operation: ParallelGCFailedAllocation (Allocation Failure)
Event: 120.813 Executing safepoint VM operation: ParallelGCFailedAllocation (Allocation Failure) done
Event: 122.818 Executing safepoint VM operation: Cleanup
Event: 122.818 Executing safepoint VM operation: Cleanup done
Event: 124.819 Executing safepoint VM operation: Cleanup
Event: 124.819 Executing safepoint VM operation: Cleanup done

Memory protections (0 events):
No events

Nmethod flushes (20 events):
Event: 60.120 Thread 0x0000027a3130b5b0 flushing  nmethod 0x0000027a1e518110
Event: 60.120 Thread 0x0000027a3130b5b0 flushing  nmethod 0x0000027a1e51b690
Event: 60.120 Thread 0x0000027a3130b5b0 flushing  nmethod 0x0000027a1e51c010
Event: 60.120 Thread 0x0000027a3130b5b0 flushing  nmethod 0x0000027a1e51c390
Event: 60.120 Thread 0x0000027a3130b5b0 flushing  nmethod 0x0000027a1e51c990
Event: 60.120 Thread 0x0000027a3130b5b0 flushing  nmethod 0x0000027a1e553510
Event: 60.120 Thread 0x0000027a3130b5b0 flushing  nmethod 0x0000027a1e554c10
Event: 60.120 Thread 0x0000027a3130b5b0 flushing  nmethod 0x0000027a1e557f10
Event: 60.120 Thread 0x0000027a3130b5b0 flushing  nmethod 0x0000027a1e558b90
Event: 60.120 Thread 0x0000027a3130b5b0 flushing  nmethod 0x0000027a1e55fd10
Event: 60.120 Thread 0x0000027a3130b5b0 flushing  nmethod 0x0000027a1e566010
Event: 60.120 Thread 0x0000027a3130b5b0 flushing  nmethod 0x0000027a1e58bf90
Event: 60.120 Thread 0x0000027a3130b5b0 flushing  nmethod 0x0000027a1e592290
Event: 60.120 Thread 0x0000027a3130b5b0 flushing  nmethod 0x0000027a1e5c4a10
Event: 60.120 Thread 0x0000027a3130b5b0 flushing  nmethod 0x0000027a1e5e1d10
Event: 60.120 Thread 0x0000027a3130b5b0 flushing  nmethod 0x0000027a1e5e2310
Event: 60.120 Thread 0x0000027a3130b5b0 flushing  nmethod 0x0000027a1e5e2b90
Event: 60.120 Thread 0x0000027a3130b5b0 flushing  nmethod 0x0000027a1e5e3c10
Event: 60.120 Thread 0x0000027a3130b5b0 flushing  nmethod 0x0000027a1e5e3f90
Event: 60.120 Thread 0x0000027a3130b5b0 flushing  nmethod 0x0000027a1e5e7390

Events (20 events):
Event: 117.964 Thread 0x0000027a7a018e70 Thread exited: 0x0000027a7a018e70
Event: 118.547 Thread 0x0000027a313a0080 Thread added: 0x0000027a7a016590
Event: 119.168 Thread 0x0000027a7a016590 Thread exited: 0x0000027a7a016590
Event: 119.195 Thread 0x0000027a31331f70 Thread added: 0x0000027a7a0180d0
Event: 119.345 Thread 0x0000027a793093f0 Thread added: 0x0000027a7930c870
Event: 119.500 Thread 0x0000027a7a0180d0 Thread exited: 0x0000027a7a0180d0
Event: 119.564 Thread 0x0000027a313a0080 Thread added: 0x0000027a7a0180d0
Event: 119.983 Thread 0x0000027a7930cf00 Thread added: 0x0000027a79309a80
Event: 120.196 Thread 0x0000027a793093f0 Thread added: 0x0000027a7930dc20
Event: 120.235 Thread 0x0000027a7a0180d0 Thread exited: 0x0000027a7a0180d0
Event: 120.337 Thread 0x0000027a7930dc20 Thread added: 0x0000027a7930a7a0
Event: 120.340 Thread 0x0000027a7930dc20 Thread added: 0x0000027a7930ae30
Event: 120.354 Thread 0x0000027a7930a7a0 Thread exited: 0x0000027a7930a7a0
Event: 120.489 Thread 0x0000027a313a0080 Thread added: 0x0000027a7a017a00
Event: 121.019 Thread 0x0000027a7a017a00 Thread exited: 0x0000027a7a017a00
Event: 121.229 Thread 0x0000027a313a0080 Thread added: 0x0000027a7a0187a0
Event: 122.836 Thread 0x0000027a7a0187a0 Thread exited: 0x0000027a7a0187a0
Event: 127.609 Thread 0x0000027a77de4130 Thread exited: 0x0000027a77de4130
Event: 127.612 Thread 0x0000027a77de6200 Thread exited: 0x0000027a77de6200
Event: 127.612 Thread 0x0000027a775dbd60 Thread exited: 0x0000027a775dbd60


Dynamic libraries:
0x00007ff798480000 - 0x00007ff79848e000 	c:\Users\sampa\.vscode\extensions\redhat.java-1.56.0-win32-x64\jre\21.0.12.1-win32-x86_64\bin\java.exe
0x00007ffedbc50000 - 0x00007ffedbe48000 	C:\WINDOWS\SYSTEM32\ntdll.dll
0x00007ffeda230000 - 0x00007ffeda2f2000 	C:\WINDOWS\System32\KERNEL32.DLL
0x00007ffed9490000 - 0x00007ffed9786000 	C:\WINDOWS\System32\KERNELBASE.dll
0x00007ffed9390000 - 0x00007ffed9490000 	C:\WINDOWS\System32\ucrtbase.dll
0x00007ffed1950000 - 0x00007ffed1968000 	c:\Users\sampa\.vscode\extensions\redhat.java-1.56.0-win32-x64\jre\21.0.12.1-win32-x86_64\bin\jli.dll
0x00007ffeda980000 - 0x00007ffedab21000 	C:\WINDOWS\System32\USER32.dll
0x00007ffed9c40000 - 0x00007ffed9c62000 	C:\WINDOWS\System32\win32u.dll
0x00007ffedb720000 - 0x00007ffedb74b000 	C:\WINDOWS\System32\GDI32.dll
0x00007ffed9b20000 - 0x00007ffed9c39000 	C:\WINDOWS\System32\gdi32full.dll
0x00007ffed9790000 - 0x00007ffed982d000 	C:\WINDOWS\System32\msvcp_win.dll
0x00007ffed2f30000 - 0x00007ffed2f4e000 	c:\Users\sampa\.vscode\extensions\redhat.java-1.56.0-win32-x64\jre\21.0.12.1-win32-x86_64\bin\VCRUNTIME140.dll
0x00007ffecdb40000 - 0x00007ffecdddb000 	C:\WINDOWS\WinSxS\amd64_microsoft.windows.common-controls_6595b64144ccf1df_6.0.19041.6456_none_60b8a6cb71f64256\COMCTL32.dll
0x00007ffed9db0000 - 0x00007ffed9e4e000 	C:\WINDOWS\System32\msvcrt.dll
0x00007ffedb750000 - 0x00007ffedb77f000 	C:\WINDOWS\System32\IMM32.DLL
0x00007ffed1940000 - 0x00007ffed194c000 	c:\Users\sampa\.vscode\extensions\redhat.java-1.56.0-win32-x64\jre\21.0.12.1-win32-x86_64\bin\vcruntime140_1.dll
0x00007ffed1010000 - 0x00007ffed109d000 	c:\Users\sampa\.vscode\extensions\redhat.java-1.56.0-win32-x64\jre\21.0.12.1-win32-x86_64\bin\msvcp140.dll
0x00007ffe96e30000 - 0x00007ffe97bd2000 	c:\Users\sampa\.vscode\extensions\redhat.java-1.56.0-win32-x64\jre\21.0.12.1-win32-x86_64\bin\server\jvm.dll
0x00007ffeda100000 - 0x00007ffeda1b1000 	C:\WINDOWS\System32\ADVAPI32.dll
0x00007ffed9e50000 - 0x00007ffed9eef000 	C:\WINDOWS\System32\sechost.dll
0x00007ffeda860000 - 0x00007ffeda980000 	C:\WINDOWS\System32\RPCRT4.dll
0x00007ffed9a60000 - 0x00007ffed9a87000 	C:\WINDOWS\System32\bcrypt.dll
0x00007ffeda7f0000 - 0x00007ffeda85b000 	C:\WINDOWS\System32\WS2_32.dll
0x00007ffed8870000 - 0x00007ffed88bb000 	C:\WINDOWS\SYSTEM32\POWRPROF.dll
0x00007ffece800000 - 0x00007ffece827000 	C:\WINDOWS\SYSTEM32\WINMM.dll
0x00007ffed0390000 - 0x00007ffed039a000 	C:\WINDOWS\SYSTEM32\VERSION.dll
0x00007ffed86e0000 - 0x00007ffed86f2000 	C:\WINDOWS\SYSTEM32\UMPDC.dll
0x00007ffed7330000 - 0x00007ffed7342000 	C:\WINDOWS\SYSTEM32\kernel.appcore.dll
0x00007ffed1930000 - 0x00007ffed193a000 	c:\Users\sampa\.vscode\extensions\redhat.java-1.56.0-win32-x64\jre\21.0.12.1-win32-x86_64\bin\jimage.dll
0x00007ffed67c0000 - 0x00007ffed69c1000 	C:\WINDOWS\SYSTEM32\DBGHELP.DLL
0x00007ffecbf40000 - 0x00007ffecbf74000 	C:\WINDOWS\SYSTEM32\dbgcore.DLL
0x00007ffed9a90000 - 0x00007ffed9b12000 	C:\WINDOWS\System32\bcryptPrimitives.dll
0x00007ffed0ee0000 - 0x00007ffed0eef000 	c:\Users\sampa\.vscode\extensions\redhat.java-1.56.0-win32-x64\jre\21.0.12.1-win32-x86_64\bin\instrument.dll
0x00007ffed14e0000 - 0x00007ffed1500000 	c:\Users\sampa\.vscode\extensions\redhat.java-1.56.0-win32-x64\jre\21.0.12.1-win32-x86_64\bin\java.dll
0x00007ffedafb0000 - 0x00007ffedb720000 	C:\WINDOWS\System32\SHELL32.dll
0x00007ffed7350000 - 0x00007ffed7af5000 	C:\WINDOWS\SYSTEM32\windows.storage.dll
0x00007ffedb8b0000 - 0x00007ffedbc04000 	C:\WINDOWS\System32\combase.dll
0x00007ffed8d10000 - 0x00007ffed8d3b000 	C:\WINDOWS\SYSTEM32\Wldp.dll
0x00007ffed9c80000 - 0x00007ffed9d4d000 	C:\WINDOWS\System32\OLEAUT32.dll
0x00007ffeda600000 - 0x00007ffeda6ad000 	C:\WINDOWS\System32\SHCORE.dll
0x00007ffeda5a0000 - 0x00007ffeda5fb000 	C:\WINDOWS\System32\shlwapi.dll
0x00007ffed9210000 - 0x00007ffed9234000 	C:\WINDOWS\SYSTEM32\profapi.dll
0x00007ffed1330000 - 0x00007ffed1348000 	c:\Users\sampa\.vscode\extensions\redhat.java-1.56.0-win32-x64\jre\21.0.12.1-win32-x86_64\bin\zip.dll
0x00007ffed1920000 - 0x00007ffed1930000 	C:\Users\sampa\.vscode\extensions\redhat.java-1.56.0-win32-x64\jre\21.0.12.1-win32-x86_64\bin\net.dll
0x00007ffecf2b0000 - 0x00007ffecf3ba000 	C:\WINDOWS\SYSTEM32\WINHTTP.dll
0x00007ffed8a70000 - 0x00007ffed8ada000 	C:\WINDOWS\system32\mswsock.dll
0x00007ffed1310000 - 0x00007ffed1326000 	C:\Users\sampa\.vscode\extensions\redhat.java-1.56.0-win32-x64\jre\21.0.12.1-win32-x86_64\bin\nio.dll
0x00007ffed0ed0000 - 0x00007ffed0ee0000 	c:\Users\sampa\.vscode\extensions\redhat.java-1.56.0-win32-x64\jre\21.0.12.1-win32-x86_64\bin\verify.dll
0x00007ffeac6b0000 - 0x00007ffeac6f5000 	C:\Users\sampa\AppData\Roaming\Code\User\globalStorage\redhat.java\1.56.0\config_win\org.eclipse.equinox.launcher\org.eclipse.equinox.launcher.win32.win32.x86_64_1.3.100.v20260804-1928\eclipse_11924.dll
0x00007ffedb780000 - 0x00007ffedb8ab000 	C:\WINDOWS\System32\ole32.dll
0x00007ffed8c60000 - 0x00007ffed8c78000 	C:\WINDOWS\SYSTEM32\CRYPTSP.dll
0x00007ffed8320000 - 0x00007ffed8358000 	C:\WINDOWS\system32\rsaenh.dll
0x00007ffed9190000 - 0x00007ffed91be000 	C:\WINDOWS\SYSTEM32\USERENV.dll
0x00007ffed8c80000 - 0x00007ffed8c8c000 	C:\WINDOWS\SYSTEM32\CRYPTBASE.dll
0x00007ffed8700000 - 0x00007ffed873b000 	C:\WINDOWS\SYSTEM32\IPHLPAPI.DLL
0x00007ffed9c70000 - 0x00007ffed9c78000 	C:\WINDOWS\System32\NSI.dll
0x00007ffed35d0000 - 0x00007ffed3619000 	C:\Users\sampa\AppData\Local\Temp\jna-109202960\jna7801565662642093659.dll
0x00007ffedafa0000 - 0x00007ffedafa8000 	C:\WINDOWS\System32\PSAPI.DLL
0x00007ffecf590000 - 0x00007ffecf5a7000 	C:\WINDOWS\SYSTEM32\dhcpcsvc6.DLL
0x00007ffecf980000 - 0x00007ffecf99d000 	C:\WINDOWS\SYSTEM32\dhcpcsvc.DLL
0x00007ffeace50000 - 0x00007ffeace77000 	C:\Users\sampa\.gradle\native\660c5614fbf4a5f2a75b1949f50a0caf5cd603558e7d8a26e50b933a0cfb79d1\windows-amd64\native-platform.dll
0x00007ffed2f20000 - 0x00007ffed2f2a000 	C:\Users\sampa\.vscode\extensions\redhat.java-1.56.0-win32-x64\jre\21.0.12.1-win32-x86_64\bin\management.dll
0x00007ffed1100000 - 0x00007ffed110c000 	C:\Users\sampa\.vscode\extensions\redhat.java-1.56.0-win32-x64\jre\21.0.12.1-win32-x86_64\bin\management_ext.dll
0x00007ffed0fd0000 - 0x00007ffed0fd9000 	C:\Users\sampa\.vscode\extensions\redhat.java-1.56.0-win32-x64\jre\21.0.12.1-win32-x86_64\bin\extnet.dll

JVMTI agents:
c:\Users\sampa\.vscode\extensions\redhat.java-1.56.0-win32-x64\lombok\lombok-1.18.39-4050.jar path:c:\Users\sampa\.vscode\extensions\redhat.java-1.56.0-win32-x64\jre\21.0.12.1-win32-x86_64\bin\instrument.dll, loaded, initialized, instrumentlib options:none

dbghelp: loaded successfully - version: 4.0.5 - missing functions: none
symbol engine: initialized successfully - sym options: 0x614 - pdb path: .;c:\Users\sampa\.vscode\extensions\redhat.java-1.56.0-win32-x64\jre\21.0.12.1-win32-x86_64\bin;C:\WINDOWS\SYSTEM32;C:\WINDOWS\WinSxS\amd64_microsoft.windows.common-controls_6595b64144ccf1df_6.0.19041.6456_none_60b8a6cb71f64256;c:\Users\sampa\.vscode\extensions\redhat.java-1.56.0-win32-x64\jre\21.0.12.1-win32-x86_64\bin\server;C:\Users\sampa\AppData\Roaming\Code\User\globalStorage\redhat.java\1.56.0\config_win\org.eclipse.equinox.launcher\org.eclipse.equinox.launcher.win32.win32.x86_64_1.3.100.v20260804-1928;C:\Users\sampa\AppData\Local\Temp\jna-109202960;C:\Users\sampa\.gradle\native\660c5614fbf4a5f2a75b1949f50a0caf5cd603558e7d8a26e50b933a0cfb79d1\windows-amd64

VM Arguments:
jvm_args: --add-modules=ALL-SYSTEM --add-opens=java.base/java.util=ALL-UNNAMED --add-opens=java.base/java.lang=ALL-UNNAMED --add-opens=java.base/sun.nio.fs=ALL-UNNAMED -Declipse.application=org.eclipse.jdt.ls.core.id1 -Dosgi.bundles.defaultStartLevel=4 -Declipse.product=org.eclipse.jdt.ls.core.product -Djava.import.generatesMetadataFilesAtProjectRoot=false -Dm2e.project.cache.size=50 -DDetectVMInstallationsJob.disabled=true -Dfile.encoding=utf8 -XX:+UseParallelGC -XX:GCTimeRatio=4 -XX:AdaptiveSizePolicyWeight=90 -Dsun.zip.disableMemoryMapping=true -Xmx2G -Xms100m -Xlog:disable -javaagent:c:\Users\sampa\.vscode\extensions\redhat.java-1.56.0-win32-x64\lombok\lombok-1.18.39-4050.jar -XX:+HeapDumpOnOutOfMemoryError -XX:HeapDumpPath=c:\Users\sampa\AppData\Roaming\Code\User\workspaceStorage\b45dcb98c3812985cc0ef0cda4b99330\redhat.java -Daether.dependencyCollector.impl=bf 
java_command: c:\Users\sampa\.vscode\extensions\redhat.java-1.56.0-win32-x64\server\plugins\org.eclipse.equinox.launcher_1.8.0.v20260804-1928.jar -configuration c:\Users\sampa\AppData\Roaming\Code\User\globalStorage\redhat.java\1.56.0\config_win -data c:\Users\sampa\AppData\Roaming\Code\User\workspaceStorage\b45dcb98c3812985cc0ef0cda4b99330\redhat.java\jdt_ws --pipe=\\.\pipe\lsp-1d3b7f811d9102771ab1d1897ec7b219-sock
java_class_path (initial): c:\Users\sampa\.vscode\extensions\redhat.java-1.56.0-win32-x64\server\plugins\org.eclipse.equinox.launcher_1.8.0.v20260804-1928.jar
Launcher Type: SUN_STANDARD

[Global flags]
    uintx AdaptiveSizePolicyWeight                 = 90                                        {product} {command line}
     intx CICompilerCount                          = 3                                         {product} {ergonomic}
    uintx GCTimeRatio                              = 4                                         {product} {command line}
     bool HeapDumpOnOutOfMemoryError               = true                                   {manageable} {command line}
    ccstr HeapDumpPath                             = c:\Users\sampa\AppData\Roaming\Code\User\workspaceStorage\b45dcb98c3812985cc0ef0cda4b99330\redhat.java         {manageable} {command line}
   size_t InitialHeapSize                          = 104857600                                 {product} {command line}
   size_t MaxHeapSize                              = 2147483648                                {product} {command line}
   size_t MaxNewSize                               = 715653120                                 {product} {ergonomic}
   size_t MinHeapDeltaBytes                        = 524288                                    {product} {ergonomic}
   size_t MinHeapSize                              = 104857600                                 {product} {command line}
   size_t NewSize                                  = 34603008                                  {product} {ergonomic}
    uintx NonNMethodCodeHeapSize                   = 5832780                                {pd product} {ergonomic}
    uintx NonProfiledCodeHeapSize                  = 122912730                              {pd product} {ergonomic}
   size_t OldSize                                  = 70254592                                  {product} {ergonomic}
    uintx ProfiledCodeHeapSize                     = 122912730                              {pd product} {ergonomic}
    uintx ReservedCodeCacheSize                    = 251658240                              {pd product} {ergonomic}
     bool SegmentedCodeCache                       = true                                      {product} {ergonomic}
   size_t SoftMaxHeapSize                          = 2147483648                             {manageable} {ergonomic}
     bool UseCompressedOops                        = true                           {product lp64_product} {ergonomic}
     bool UseLargePagesIndividualAllocation        = false                                  {pd product} {ergonomic}
     bool UseParallelGC                            = true                                      {product} {command line}

Logging:
Log output configuration:
 #0: stdout all=off uptime,level,tags foldmultilines=false
 #1: stderr all=off uptime,level,tags foldmultilines=false

Release file:
JAVA_VERSION="21.0.12.1" 
MODULES="java.base java.compiler java.datatransfer java.xml java.prefs java.desktop java.instrument java.logging java.management java.security.sasl java.naming java.rmi java.management.rmi java.net.http java.scripting java.security.jgss java.transaction.xa java.sql java.sql.rowset java.xml.crypto java.se java.smartcardio jdk.accessibility jdk.internal.jvmstat jdk.attach jdk.charsets jdk.internal.opt jdk.zipfs jdk.compiler jdk.crypto.ec jdk.crypto.cryptoki jdk.crypto.mscapi jdk.dynalink jdk.internal.ed jdk.editpad jdk.hotspot.agent jdk.httpserver jdk.internal.le jdk.internal.vm.ci jdk.internal.vm.compiler jdk.internal.vm.compiler.management jdk.jartool jdk.javadoc jdk.jcmd jdk.management jdk.management.agent jdk.jconsole jdk.jdeps jdk.jdwp.agent jdk.jdi jdk.jfr jdk.jshell jdk.jsobject jdk.jstatd jdk.localedata jdk.management.jfr jdk.naming.dns jdk.naming.rmi jdk.net jdk.nio.mapmode jdk.random jdk.sctp jdk.security.auth jdk.security.jgss jdk.unsupported jdk.unsupported.desktop jdk.xml.dom" 

Environment Variables:
JAVA_HOME=C:\Program Files\Eclipse Adoptium\jdk-17.0.20.101-hotspot\
PATH=C:\Program Files\Eclipse Adoptium\jdk-17.0.20.101-hotspot\bin;C:\WINDOWS\system32;C:\WINDOWS;C:\WINDOWS\System32\Wbem;C:\WINDOWS\System32\WindowsPowerShell\v1.0\;C:\WINDOWS\System32\OpenSSH\;C:\Program Files\MySQL\MySQL Server 8.4\bin;C:\Program Files (x86)\Microsoft SQL Server\170\Tools\Binn\;C:\Program Files\Microsoft SQL Server\170\Tools\Binn\;C:\Program Files\Microsoft SQL Server\Client SDK\ODBC\180\Tools\Binn\;C:\Program Files\Microsoft SQL Server\170\DTS\Binn\;C:\Users\sampa\AppData\Local\Microsoft\WindowsApps;C:\Users\sampa\AppData\Local\Programs\Microsoft VS Code\bin
USERNAME=sampa
OS=Windows_NT
PROCESSOR_IDENTIFIER=Intel64 Family 6 Model 61 Stepping 4, GenuineIntel
TMP=C:\Users\sampa\AppData\Local\Temp
TEMP=C:\Users\sampa\AppData\Local\Temp




Periodic native trim disabled

---------------  S Y S T E M  ---------------

OS:
 Windows 10 , 64 bit Build 19041 (10.0.19041.5915)
OS uptime: 0 days 0:17 hours

CPU: total 4 (initial active 4) (2 cores per cpu, 2 threads per core) family 6 model 61 stepping 4 microcode 0x2d, cx8, cmov, fxsr, ht, mmx, 3dnowpref, sse, sse2, sse3, ssse3, sse4.1, sse4.2, popcnt, lzcnt, tsc, tscinvbit, avx, avx2, aes, erms, clmul, bmi1, bmi2, rtm, adx, fma, vzeroupper, clflush, rdtscp, f16c
Processor Information for the first 4 processors :
  Max Mhz: 2295, Current Mhz: 2295, Mhz Limit: 2295

Memory: 4k page, system-wide physical 8080M (176M free)
TotalPageFile size 20946M (AvailPageFile size 0M)
current process WorkingSet (physical memory assigned to process): 297M, peak: 331M
current process commit charge ("private bytes"): 364M, peak: 392M

vm_info: OpenJDK 64-Bit Server VM (21.0.12.1+1-LTS) for windows-amd64 JRE (21.0.12.1+1-LTS), built on 2026-08-18T00:00:00Z by "admin" with MS VC++ 17.12 (VS2022)

END.
