#
# There is insufficient memory for the Java Runtime Environment to continue.
# Native memory allocation (malloc) failed to allocate 1172000 bytes. Error detail: Chunk::new
# Possible reasons:
#   The system is out of physical RAM or swap space
#   This process is running with CompressedOops enabled, and the Java Heap may be blocking the growth of the native heap
# Possible solutions:
#   Reduce memory load on the system
#   Increase physical memory or swap space
#   Check if swap backing store is full
#   Decrease Java heap size (-Xmx/-Xms)
#   Decrease number of Java threads
#   Decrease Java thread stack sizes (-Xss)
#   Set larger code cache with -XX:ReservedCodeCacheSize=
#   JVM is running with Unscaled Compressed Oops mode in which the Java heap is
#     placed in the first 4GB address space. The Java Heap base address is the
#     maximum limit for the native heap growth. Please use -XX:HeapBaseMinAddress
#     to set the Java Heap base and to place the Java Heap above 4GB virtual address.
# This output file may be truncated or incomplete.
#
#  Out of Memory Error (arena.cpp:168), pid=8812, tid=7120
#
# JRE version: OpenJDK Runtime Environment Temurin-21.0.12.1+1 (21.0.12.1+1) (build 21.0.12.1+1-LTS)
# Java VM: OpenJDK 64-Bit Server VM Temurin-21.0.12.1+1 (21.0.12.1+1-LTS, mixed mode, sharing, tiered, compressed oops, compressed class ptrs, parallel gc, windows-amd64)
# No core dump will be written. Minidumps are not enabled by default on client versions of Windows
#

---------------  S U M M A R Y ------------

Command Line: --add-modules=ALL-SYSTEM --add-opens=java.base/java.util=ALL-UNNAMED --add-opens=java.base/java.lang=ALL-UNNAMED --add-opens=java.base/sun.nio.fs=ALL-UNNAMED -Declipse.application=org.eclipse.jdt.ls.core.id1 -Dosgi.bundles.defaultStartLevel=4 -Declipse.product=org.eclipse.jdt.ls.core.product -Djava.import.generatesMetadataFilesAtProjectRoot=false -Dm2e.project.cache.size=50 -DDetectVMInstallationsJob.disabled=true -Dfile.encoding=utf8 -XX:+UseParallelGC -XX:GCTimeRatio=4 -XX:AdaptiveSizePolicyWeight=90 -Dsun.zip.disableMemoryMapping=true -Xmx2G -Xms100m -Xlog:disable -javaagent:c:\Users\sampa\.vscode\extensions\redhat.java-1.56.0-win32-x64\lombok\lombok-1.18.39-4050.jar -XX:+HeapDumpOnOutOfMemoryError -XX:HeapDumpPath=c:\Users\sampa\AppData\Roaming\Code\User\workspaceStorage\b45dcb98c3812985cc0ef0cda4b99330\redhat.java -Daether.dependencyCollector.impl=bf c:\Users\sampa\.vscode\extensions\redhat.java-1.56.0-win32-x64\server\plugins\org.eclipse.equinox.launcher_1.8.0.v20260804-1928.jar -configuration c:\Users\sampa\AppData\Roaming\Code\User\globalStorage\redhat.java\1.56.0\config_win -data c:\Users\sampa\AppData\Roaming\Code\User\workspaceStorage\b45dcb98c3812985cc0ef0cda4b99330\redhat.java\jdt_ws --pipe=\\.\pipe\lsp-65882dab526cd4e9c3d786cbb3af2ab0-sock

Host: Intel(R) Core(TM) i5-5300U CPU @ 2.30GHz, 4 cores, 7G,  Windows 10 , 64 bit Build 19041 (10.0.19041.5915)
Time: Thu Sep 10 23:01:43 2026 India Standard Time elapsed time: 42.916937 seconds (0d 0h 0m 42s)

---------------  T H R E A D  ---------------

Current thread (0x0000023dfe9f4f00):  JavaThread "C2 CompilerThread1" daemon [_thread_in_native, id=7120, stack(0x0000006c8bd00000,0x0000006c8be00000) (1024K)]


Current CompileTask:
C2:42917 8073       4       java.lang.invoke.DirectMethodHandle::make (275 bytes)

Stack: [0x0000006c8bd00000,0x0000006c8be00000]
Native frames: (J=compiled Java code, j=interpreted, Vv=VM code, C=native code)
V  [jvm.dll+0x6d83e9]
V  [jvm.dll+0x8b5736]
V  [jvm.dll+0x8b7cee]
V  [jvm.dll+0x8b83d3]
V  [jvm.dll+0x284596]
V  [jvm.dll+0xc685d]
V  [jvm.dll+0xc6da1]
V  [jvm.dll+0x3bf18b]
V  [jvm.dll+0x38b6d2]
V  [jvm.dll+0x38ab1a]
V  [jvm.dll+0x24c700]
V  [jvm.dll+0x24bce0]
V  [jvm.dll+0x1cb4ae]
V  [jvm.dll+0x25baad]
V  [jvm.dll+0x25a03a]
V  [jvm.dll+0x3f8aae]
V  [jvm.dll+0x8600cd]
V  [jvm.dll+0x6d6c1d]
C  [ucrtbase.dll+0x21bb2]
C  [KERNEL32.DLL+0x17374]
C  [ntdll.dll+0x4cc91]


---------------  P R O C E S S  ---------------

Threads class SMR info:
_java_thread_list=0x0000023dc5b94ab0, length=42, elements={
0x0000023de659d9a0, 0x0000023dfcf8b900, 0x0000023dfcf8c6b0, 0x0000023dfcf8f570,
0x0000023dfcf90450, 0x0000023dfcf910b0, 0x0000023dfcf93b20, 0x0000023dfcf94960,
0x0000023dfd007720, 0x0000023dfdd805c0, 0x0000023dfdeb9b70, 0x0000023dfdc4c9c0,
0x0000023dfe68ef70, 0x0000023dfe176590, 0x0000023dfe176fd0, 0x0000023dfee806a0,
0x0000023dff039280, 0x0000023dfdc60fe0, 0x0000023dfdf95580, 0x0000023dfdf96fc0,
0x0000023dfdf94860, 0x0000023dfdf941d0, 0x0000023dfdf962a0, 0x0000023dfdf97650,
0x0000023dfdf94ef0, 0x0000023dfdf96930, 0x0000023dc5821a60, 0x0000023dc581c510,
0x0000023dc581df50, 0x0000023dc581ec70, 0x0000023dc58220f0, 0x0000023dc581b160,
0x0000023dc581f300, 0x0000023dc581f990, 0x0000023dc581d230, 0x0000023dc581d8c0,
0x0000023dc581cba0, 0x0000023dc581e5e0, 0x0000023dfe9f4f00, 0x0000023dc5820d40,
0x0000023dfdf95c10, 0x0000023dc6842080
}

Java Threads: ( => current thread )
  0x0000023de659d9a0 JavaThread "main"                              [_thread_blocked, id=9140, stack(0x0000006c89000000,0x0000006c89100000) (1024K)]
  0x0000023dfcf8b900 JavaThread "Reference Handler"          daemon [_thread_blocked, id=10224, stack(0x0000006c89400000,0x0000006c89500000) (1024K)]
  0x0000023dfcf8c6b0 JavaThread "Finalizer"                  daemon [_thread_blocked, id=848, stack(0x0000006c89500000,0x0000006c89600000) (1024K)]
  0x0000023dfcf8f570 JavaThread "Signal Dispatcher"          daemon [_thread_blocked, id=13972, stack(0x0000006c89600000,0x0000006c89700000) (1024K)]
  0x0000023dfcf90450 JavaThread "Attach Listener"            daemon [_thread_blocked, id=19180, stack(0x0000006c89700000,0x0000006c89800000) (1024K)]
  0x0000023dfcf910b0 JavaThread "Service Thread"             daemon [_thread_blocked, id=10968, stack(0x0000006c89800000,0x0000006c89900000) (1024K)]
  0x0000023dfcf93b20 JavaThread "Monitor Deflation Thread"   daemon [_thread_blocked, id=13812, stack(0x0000006c89900000,0x0000006c89a00000) (1024K)]
  0x0000023dfcf94960 JavaThread "C2 CompilerThread0"         daemon [_thread_in_native, id=5400, stack(0x0000006c89a00000,0x0000006c89b00000) (1024K)]
  0x0000023dfd007720 JavaThread "C1 CompilerThread0"         daemon [_thread_blocked, id=15804, stack(0x0000006c89b00000,0x0000006c89c00000) (1024K)]
  0x0000023dfdd805c0 JavaThread "Common-Cleaner"             daemon [_thread_blocked, id=4632, stack(0x0000006c89c00000,0x0000006c89d00000) (1024K)]
  0x0000023dfdeb9b70 JavaThread "Notification Thread"        daemon [_thread_blocked, id=3528, stack(0x0000006c89d00000,0x0000006c89e00000) (1024K)]
  0x0000023dfdc4c9c0 JavaThread "Active Thread: Equinox Container: 575d8faa-268c-4abe-a600-ed85203ce2fa"        [_thread_blocked, id=13504, stack(0x0000006c89e00000,0x0000006c89f00000) (1024K)]
  0x0000023dfe68ef70 JavaThread "Refresh Thread: Equinox Container: 575d8faa-268c-4abe-a600-ed85203ce2fa" daemon [_thread_blocked, id=9768, stack(0x0000006c8a200000,0x0000006c8a300000) (1024K)]
  0x0000023dfe176590 JavaThread "Framework Event Dispatcher: Equinox Container: 575d8faa-268c-4abe-a600-ed85203ce2fa" daemon [_thread_blocked, id=18300, stack(0x0000006c8a300000,0x0000006c8a400000) (1024K)]
  0x0000023dfe176fd0 JavaThread "Start Level: Equinox Container: 575d8faa-268c-4abe-a600-ed85203ce2fa" daemon [_thread_blocked, id=10900, stack(0x0000006c8a400000,0x0000006c8a500000) (1024K)]
  0x0000023dfee806a0 JavaThread "Bundle File Closer"         daemon [_thread_blocked, id=18196, stack(0x0000006c8a500000,0x0000006c8a600000) (1024K)]
  0x0000023dff039280 JavaThread "SCR Component Actor"        daemon [_thread_blocked, id=14892, stack(0x0000006c8a600000,0x0000006c8a700000) (1024K)]
  0x0000023dfdc60fe0 JavaThread "Worker-JM"                         [_thread_blocked, id=15156, stack(0x0000006c8a700000,0x0000006c8a800000) (1024K)]
  0x0000023dfdf95580 JavaThread "JNA Cleaner"                daemon [_thread_blocked, id=2196, stack(0x0000006c8a800000,0x0000006c8a900000) (1024K)]
  0x0000023dfdf96fc0 JavaThread "Worker-0"                          [_thread_blocked, id=15292, stack(0x0000006c8a900000,0x0000006c8aa00000) (1024K)]
  0x0000023dfdf94860 JavaThread "Worker-1: Initialize workspace"        [_thread_in_vm, id=15400, stack(0x0000006c8aa00000,0x0000006c8ab00000) (1024K)]
  0x0000023dfdf941d0 JavaThread "Worker-2"                          [_thread_blocked, id=15164, stack(0x0000006c8ab00000,0x0000006c8ac00000) (1024K)]
  0x0000023dfdf962a0 JavaThread "Worker-3"                          [_thread_blocked, id=17440, stack(0x0000006c8ac00000,0x0000006c8ad00000) (1024K)]
  0x0000023dfdf97650 JavaThread "Java indexing"              daemon [_thread_blocked, id=2628, stack(0x0000006c8ae00000,0x0000006c8af00000) (1024K)]
  0x0000023dfdf94ef0 JavaThread "Worker-4"                          [_thread_blocked, id=2068, stack(0x0000006c8b100000,0x0000006c8b200000) (1024K)]
  0x0000023dfdf96930 JavaThread "Worker-5"                          [_thread_blocked, id=7480, stack(0x0000006c8b200000,0x0000006c8b300000) (1024K)]
  0x0000023dc5821a60 JavaThread "Thread-1"                   daemon [_thread_in_native, id=12280, stack(0x0000006c8b300000,0x0000006c8b400000) (1024K)]
  0x0000023dc581c510 JavaThread "Thread-2"                   daemon [_thread_in_native, id=3152, stack(0x0000006c8b400000,0x0000006c8b500000) (1024K)]
  0x0000023dc581df50 JavaThread "Thread-3"                   daemon [_thread_in_native, id=1776, stack(0x0000006c8b500000,0x0000006c8b600000) (1024K)]
  0x0000023dc581ec70 JavaThread "Thread-4"                   daemon [_thread_in_native, id=15728, stack(0x0000006c8b600000,0x0000006c8b700000) (1024K)]
  0x0000023dc58220f0 JavaThread "Thread-5"                   daemon [_thread_in_native, id=16460, stack(0x0000006c8b700000,0x0000006c8b800000) (1024K)]
  0x0000023dc581b160 JavaThread "pool-2-thread-1"                   [_thread_blocked, id=9128, stack(0x0000006c8b800000,0x0000006c8b900000) (1024K)]
  0x0000023dc581f300 JavaThread "WorkspaceEventsHandler"            [_thread_blocked, id=5440, stack(0x0000006c8b900000,0x0000006c8ba00000) (1024K)]
  0x0000023dc581f990 JavaThread "pool-1-thread-1"                   [_thread_blocked, id=19448, stack(0x0000006c8ba00000,0x0000006c8bb00000) (1024K)]
  0x0000023dc581d230 JavaThread "PatternSearchJob-worker-1"  daemon [_thread_blocked, id=16444, stack(0x0000006c8ad00000,0x0000006c8ae00000) (1024K)]
  0x0000023dc581d8c0 JavaThread "PatternSearchJob-worker-2"  daemon [_thread_blocked, id=824, stack(0x0000006c8bb00000,0x0000006c8bc00000) (1024K)]
  0x0000023dc581cba0 JavaThread "PatternSearchJob-worker-3"  daemon [_thread_blocked, id=10812, stack(0x0000006c8bc00000,0x0000006c8bd00000) (1024K)]
  0x0000023dc581e5e0 JavaThread "Timer-0"                           [_thread_blocked, id=3732, stack(0x0000006c8be00000,0x0000006c8bf00000) (1024K)]
=>0x0000023dfe9f4f00 JavaThread "C2 CompilerThread1"         daemon [_thread_in_native, id=7120, stack(0x0000006c8bd00000,0x0000006c8be00000) (1024K)]
  0x0000023dc5820d40 JavaThread "ForkJoinPool.commonPool-worker-1" daemon [_thread_in_vm, id=8736, stack(0x0000006c8bf00000,0x0000006c8c000000) (1024K)]
  0x0000023dfdf95c10 JavaThread "ForkJoinPool.commonPool-worker-2" daemon [_thread_blocked, id=2148, stack(0x0000006c8c000000,0x0000006c8c100000) (1024K)]
  0x0000023dc6842080 JavaThread "ForkJoinPool.commonPool-worker-3" daemon [_thread_blocked, id=13876, stack(0x0000006c8c100000,0x0000006c8c200000) (1024K)]
Total: 42

Other Threads:
  0x0000023dfcf6b7e0 VMThread "VM Thread"                           [id=15556, stack(0x0000006c89300000,0x0000006c89400000) (1024K)]
  0x0000023de6663790 WatcherThread "VM Periodic Task Thread"        [id=13636, stack(0x0000006c89200000,0x0000006c89300000) (1024K)]
  0x0000023de65bb7c0 WorkerThread "GC Thread#0"                     [id=13488, stack(0x0000006c89100000,0x0000006c89200000) (1024K)]
  0x0000023dfe2b6ac0 WorkerThread "GC Thread#1"                     [id=16604, stack(0x0000006c89f00000,0x0000006c8a000000) (1024K)]
  0x0000023dfe4ab020 WorkerThread "GC Thread#2"                     [id=9860, stack(0x0000006c8a000000,0x0000006c8a100000) (1024K)]
  0x0000023dfe2b8ec0 WorkerThread "GC Thread#3"                     [id=6612, stack(0x0000006c8a100000,0x0000006c8a200000) (1024K)]
Total: 6

Threads with active compile tasks:
C2 CompilerThread0  42974 7911       4       org.lombokweb.asm.ClassReader::readMethod (1070 bytes)
C1 CompilerThread0  42974 8194       2       org.eclipse.core.internal.resources.ProjectPreferences::getFile (43 bytes)
C2 CompilerThread1  42975 8073       4       java.lang.invoke.DirectMethodHandle::make (275 bytes)
Total: 3

VM state: not at safepoint (normal execution)

VM Mutex/Monitor currently owned by a thread: None

Heap address: 0x0000000080000000, size: 2048 MB, Compressed Oops mode: 32-bit

CDS archive(s) mapped at: [0x0000023d80000000-0x0000023d80ba0000-0x0000023d80ba0000), size 12189696, SharedBaseAddress: 0x0000023d80000000, ArchiveRelocationMode: 1.
Compressed class space mapped at: 0x0000023d81000000-0x0000023dc1000000, reserved size: 1073741824
Narrow klass base: 0x0000023d80000000, Narrow klass shift: 0, Narrow klass range: 0x100000000

GC Precious Log:
 CardTable entry size: 512
 CPUs: 4 total, 4 available
 Memory: 8080M
 Large Page Support: Disabled
 NUMA Support: Disabled
 Compressed Oops: Enabled (32-bit)
 Alignments: Space 512K, Generation 512K, Heap 2M
 Heap Min Capacity: 100M
 Heap Initial Capacity: 100M
 Heap Max Capacity: 2G
 Pre-touch: Disabled
 Parallel Workers: 4

Heap:
 PSYoungGen      total 23040K, used 16144K [0x00000000d5580000, 0x00000000d6d80000, 0x0000000100000000)
  eden space 22016K, 69% used [0x00000000d5580000,0x00000000d648bcd0,0x00000000d6b00000)
  from space 1024K, 71% used [0x00000000d6c80000,0x00000000d6d38480,0x00000000d6d80000)
  to   space 1024K, 0% used [0x00000000d6b00000,0x00000000d6b00000,0x00000000d6c00000)
 ParOldGen       total 68608K, used 56159K [0x0000000080000000, 0x0000000084300000, 0x00000000d5580000)
  object space 68608K, 81% used [0x0000000080000000,0x00000000836d7e58,0x0000000084300000)
 Metaspace       used 64731K, committed 66176K, reserved 1114112K
  class space    used 7367K, committed 8000K, reserved 1048576K

Card table byte_map: [0x0000023de5f80000,0x0000023de6390000] _byte_map_base: 0x0000023de5b80000

Marking Bits: (ParMarkBitMap*) 0x00007ffe5c4344a0
 Begin Bits: [0x0000023df8a60000, 0x0000023dfaa60000)
 End Bits:   [0x0000023dfaa60000, 0x0000023dfca60000)

Polling page: 0x0000023de5d70000

Metaspace:

Usage:
  Non-class:     56.02 MB used.
      Class:      7.19 MB used.
       Both:     63.21 MB used.

Virtual space:
  Non-class space:       64.00 MB reserved,      56.81 MB ( 89%) committed,  1 nodes.
      Class space:        1.00 GB reserved,       7.81 MB ( <1%) committed,  1 nodes.
             Both:        1.06 GB reserved,      64.62 MB (  6%) committed. 

Chunk freelists:
   Non-Class:  6.77 MB
       Class:  8.22 MB
        Both:  14.99 MB

MaxMetaspaceSize: unlimited
CompressedClassSpaceSize: 1.00 GB
Initial GC threshold: 21.00 MB
Current GC threshold: 97.31 MB
CDS: on
 - commit_granule_bytes: 65536.
 - commit_granule_words: 8192.
 - virtual_space_node_default_size: 8388608.
 - enlarge_chunks_in_place: 1.
 - use_allocation_guard: 0.


Internal statistics:

num_allocs_failed_limit: 9.
num_arena_births: 1040.
num_arena_deaths: 20.
num_vsnodes_births: 2.
num_vsnodes_deaths: 0.
num_space_committed: 1034.
num_space_uncommitted: 0.
num_chunks_returned_to_freelist: 31.
num_chunks_taken_from_freelist: 3878.
num_chunk_merges: 15.
num_chunk_splits: 2496.
num_chunks_enlarged: 1539.
num_inconsistent_stats: 0.

CodeHeap 'non-profiled nmethods': size=120000Kb used=4774Kb max_used=4774Kb free=115225Kb
 bounds [0x0000023df1280000, 0x0000023df1730000, 0x0000023df87b0000]
CodeHeap 'profiled nmethods': size=120000Kb used=16067Kb max_used=16067Kb free=103932Kb
 bounds [0x0000023de97b0000, 0x0000023dea770000, 0x0000023df0ce0000]
CodeHeap 'non-nmethods': size=5760Kb used=1422Kb max_used=1463Kb free=4337Kb
 bounds [0x0000023df0ce0000, 0x0000023df0f50000, 0x0000023df1280000]
CodeCache: size=245760Kb, used=22263Kb, max_used=22304Kb, free=223494Kb
 total_blobs=8161, nmethods=7426, adapters=641, full_count=0
Compilation: enabled, stopped_count=0, restarted_count=0

Compilation events (20 events):
Event: 42.890 Thread 0x0000023dfd007720 8171       3       org.eclipse.jdt.internal.core.JavaModel::isJimage (8 bytes)
Event: 42.891 Thread 0x0000023dfd007720 nmethod 8171 0x0000023dea759a90 code [0x0000023dea759c80, 0x0000023dea75a160]
Event: 42.891 Thread 0x0000023dfd007720 8172       3       org.eclipse.jdt.internal.core.JavaModelManager::isJrt (5 bytes)
Event: 42.892 Thread 0x0000023dfd007720 nmethod 8172 0x0000023dea75a390 code [0x0000023dea75a580, 0x0000023dea75a9e0]
Event: 42.892 Thread 0x0000023dfd007720 8173       3       org.eclipse.jdt.internal.core.JavaModel::isJmod (21 bytes)
Event: 42.893 Thread 0x0000023dfd007720 nmethod 8173 0x0000023dea75ac10 code [0x0000023dea75ae00, 0x0000023dea75b150]
Event: 42.902 Thread 0x0000023dfd007720 8174       3       sun.security.provider.SHA2::implReset (20 bytes)
Event: 42.902 Thread 0x0000023dfd007720 nmethod 8174 0x0000023dea75b310 code [0x0000023dea75b4c0, 0x0000023dea75b678]
Event: 42.906 Thread 0x0000023dfd007720 8175       1       java.nio.DirectByteBuffer::isReadOnly (2 bytes)
Event: 42.906 Thread 0x0000023dfd007720 nmethod 8175 0x0000023df1727d90 code [0x0000023df1727f20, 0x0000023df1727fe8]
Event: 42.908 Thread 0x0000023dfd007720 8177       3       com.google.gson.stream.JsonWriter::setStrictness (12 bytes)
Event: 42.908 Thread 0x0000023dfd007720 nmethod 8177 0x0000023dea75b710 code [0x0000023dea75b8c0, 0x0000023dea75bb40]
Event: 42.913 Thread 0x0000023dfd007720 8179       1       com.google.gson.FormattingStyle::usesSpaceAfterSeparators (5 bytes)
Event: 42.913 Thread 0x0000023dfd007720 nmethod 8179 0x0000023df1728910 code [0x0000023df1728aa0, 0x0000023df1728b70]
Event: 42.913 Thread 0x0000023dfd007720 8180       1       com.google.gson.FormattingStyle::getNewline (5 bytes)
Event: 42.913 Thread 0x0000023dfd007720 nmethod 8180 0x0000023df1728c10 code [0x0000023df1728da0, 0x0000023df1728e68]
Event: 42.913 Thread 0x0000023dfd007720 8181       1       com.google.gson.FormattingStyle::getIndent (5 bytes)
Event: 42.913 Thread 0x0000023dfd007720 nmethod 8181 0x0000023df1728f10 code [0x0000023df17290a0, 0x0000023df1729168]
Event: 42.914 Thread 0x0000023dfd007720 8182       1       java.nio.DirectByteBuffer::cleaner (5 bytes)
Event: 42.914 Thread 0x0000023dfd007720 nmethod 8182 0x0000023df1729210 code [0x0000023df17293a0, 0x0000023df1729468]

GC Heap History (20 events):
Event: 38.501 GC heap before
{Heap before GC invocations=28 (full 2):
 PSYoungGen      total 24576K, used 24497K [0x00000000d5580000, 0x00000000d7580000, 0x0000000100000000)
  eden space 22016K, 100% used [0x00000000d5580000,0x00000000d6b00000,0x00000000d6b00000)
  from space 2560K, 96% used [0x00000000d7080000,0x00000000d72ec420,0x00000000d7300000)
  to   space 2560K, 0% used [0x00000000d7300000,0x00000000d7300000,0x00000000d7580000)
 ParOldGen       total 68608K, used 44523K [0x0000000080000000, 0x0000000084300000, 0x00000000d5580000)
  object space 68608K, 64% used [0x0000000080000000,0x0000000082b7af48,0x0000000084300000)
 Metaspace       used 56650K, committed 58048K, reserved 1114112K
  class space    used 6556K, committed 7104K, reserved 1048576K
}
Event: 38.508 GC heap after
{Heap after GC invocations=28 (full 2):
 PSYoungGen      total 24576K, used 2530K [0x00000000d5580000, 0x00000000d7600000, 0x0000000100000000)
  eden space 22016K, 0% used [0x00000000d5580000,0x00000000d5580000,0x00000000d6b00000)
  from space 2560K, 98% used [0x00000000d7300000,0x00000000d7578810,0x00000000d7580000)
  to   space 5632K, 0% used [0x00000000d6b00000,0x00000000d6b00000,0x00000000d7080000)
 ParOldGen       total 68608K, used 46895K [0x0000000080000000, 0x0000000084300000, 0x00000000d5580000)
  object space 68608K, 68% used [0x0000000080000000,0x0000000082dcbc28,0x0000000084300000)
 Metaspace       used 56650K, committed 58048K, reserved 1114112K
  class space    used 6556K, committed 7104K, reserved 1048576K
}
Event: 38.619 GC heap before
{Heap before GC invocations=29 (full 2):
 PSYoungGen      total 24576K, used 24546K [0x00000000d5580000, 0x00000000d7600000, 0x0000000100000000)
  eden space 22016K, 100% used [0x00000000d5580000,0x00000000d6b00000,0x00000000d6b00000)
  from space 2560K, 98% used [0x00000000d7300000,0x00000000d7578810,0x00000000d7580000)
  to   space 5632K, 0% used [0x00000000d6b00000,0x00000000d6b00000,0x00000000d7080000)
 ParOldGen       total 68608K, used 46895K [0x0000000080000000, 0x0000000084300000, 0x00000000d5580000)
  object space 68608K, 68% used [0x0000000080000000,0x0000000082dcbc28,0x0000000084300000)
 Metaspace       used 56656K, committed 58048K, reserved 1114112K
  class space    used 6556K, committed 7104K, reserved 1048576K
}
Event: 38.631 GC heap after
{Heap after GC invocations=29 (full 2):
 PSYoungGen      total 24576K, used 2276K [0x00000000d5580000, 0x00000000d7380000, 0x0000000100000000)
  eden space 22016K, 0% used [0x00000000d5580000,0x00000000d5580000,0x00000000d6b00000)
  from space 2560K, 88% used [0x00000000d6b00000,0x00000000d6d39000,0x00000000d6d80000)
  to   space 3584K, 0% used [0x00000000d7000000,0x00000000d7000000,0x00000000d7380000)
 ParOldGen       total 68608K, used 49333K [0x0000000080000000, 0x0000000084300000, 0x00000000d5580000)
  object space 68608K, 71% used [0x0000000080000000,0x000000008302d5e8,0x0000000084300000)
 Metaspace       used 56656K, committed 58048K, reserved 1114112K
  class space    used 6556K, committed 7104K, reserved 1048576K
}
Event: 38.788 GC heap before
{Heap before GC invocations=30 (full 2):
 PSYoungGen      total 24576K, used 24292K [0x00000000d5580000, 0x00000000d7380000, 0x0000000100000000)
  eden space 22016K, 100% used [0x00000000d5580000,0x00000000d6b00000,0x00000000d6b00000)
  from space 2560K, 88% used [0x00000000d6b00000,0x00000000d6d39000,0x00000000d6d80000)
  to   space 3584K, 0% used [0x00000000d7000000,0x00000000d7000000,0x00000000d7380000)
 ParOldGen       total 68608K, used 49333K [0x0000000080000000, 0x0000000084300000, 0x00000000d5580000)
  object space 68608K, 71% used [0x0000000080000000,0x000000008302d5e8,0x0000000084300000)
 Metaspace       used 56678K, committed 58112K, reserved 1114112K
  class space    used 6556K, committed 7168K, reserved 1048576K
}
Event: 38.797 GC heap after
{Heap after GC invocations=30 (full 2):
 PSYoungGen      total 24576K, used 2368K [0x00000000d5580000, 0x00000000d7280000, 0x0000000100000000)
  eden space 22016K, 0% used [0x00000000d5580000,0x00000000d5580000,0x00000000d6b00000)
  from space 2560K, 92% used [0x00000000d7000000,0x00000000d7250010,0x00000000d7280000)
  to   space 2560K, 0% used [0x00000000d6b00000,0x00000000d6b00000,0x00000000d6d80000)
 ParOldGen       total 68608K, used 51557K [0x0000000080000000, 0x0000000084300000, 0x00000000d5580000)
  object space 68608K, 75% used [0x0000000080000000,0x00000000832596e8,0x0000000084300000)
 Metaspace       used 56678K, committed 58112K, reserved 1114112K
  class space    used 6556K, committed 7168K, reserved 1048576K
}
Event: 38.964 GC heap before
{Heap before GC invocations=31 (full 2):
 PSYoungGen      total 24576K, used 24384K [0x00000000d5580000, 0x00000000d7280000, 0x0000000100000000)
  eden space 22016K, 100% used [0x00000000d5580000,0x00000000d6b00000,0x00000000d6b00000)
  from space 2560K, 92% used [0x00000000d7000000,0x00000000d7250010,0x00000000d7280000)
  to   space 2560K, 0% used [0x00000000d6b00000,0x00000000d6b00000,0x00000000d6d80000)
 ParOldGen       total 68608K, used 51557K [0x0000000080000000, 0x0000000084300000, 0x00000000d5580000)
  object space 68608K, 75% used [0x0000000080000000,0x00000000832596e8,0x0000000084300000)
 Metaspace       used 56759K, committed 58176K, reserved 1114112K
  class space    used 6567K, committed 7168K, reserved 1048576K
}
Event: 38.970 GC heap after
{Heap after GC invocations=31 (full 2):
 PSYoungGen      total 24576K, used 2169K [0x00000000d5580000, 0x00000000d7080000, 0x0000000100000000)
  eden space 22016K, 0% used [0x00000000d5580000,0x00000000d5580000,0x00000000d6b00000)
  from space 2560K, 84% used [0x00000000d6b00000,0x00000000d6d1e668,0x00000000d6d80000)
  to   space 2560K, 0% used [0x00000000d6e00000,0x00000000d6e00000,0x00000000d7080000)
 ParOldGen       total 68608K, used 53877K [0x0000000080000000, 0x0000000084300000, 0x00000000d5580000)
  object space 68608K, 78% used [0x0000000080000000,0x000000008349d6f8,0x0000000084300000)
 Metaspace       used 56759K, committed 58176K, reserved 1114112K
  class space    used 6567K, committed 7168K, reserved 1048576K
}
Event: 39.464 GC heap before
{Heap before GC invocations=32 (full 2):
 PSYoungGen      total 24576K, used 16441K [0x00000000d5580000, 0x00000000d7080000, 0x0000000100000000)
  eden space 22016K, 64% used [0x00000000d5580000,0x00000000d636ff68,0x00000000d6b00000)
  from space 2560K, 84% used [0x00000000d6b00000,0x00000000d6d1e668,0x00000000d6d80000)
  to   space 2560K, 0% used [0x00000000d6e00000,0x00000000d6e00000,0x00000000d7080000)
 ParOldGen       total 68608K, used 53877K [0x0000000080000000, 0x0000000084300000, 0x00000000d5580000)
  object space 68608K, 78% used [0x0000000080000000,0x000000008349d6f8,0x0000000084300000)
 Metaspace       used 58452K, committed 59776K, reserved 1114112K
  class space    used 6787K, committed 7360K, reserved 1048576K
}
Event: 39.468 GC heap after
{Heap after GC invocations=32 (full 2):
 PSYoungGen      total 23040K, used 728K [0x00000000d5580000, 0x00000000d6f00000, 0x0000000100000000)
  eden space 22016K, 0% used [0x00000000d5580000,0x00000000d5580000,0x00000000d6b00000)
  from space 1024K, 71% used [0x00000000d6e00000,0x00000000d6eb62f8,0x00000000d6f00000)
  to   space 1536K, 0% used [0x00000000d6c00000,0x00000000d6c00000,0x00000000d6d80000)
 ParOldGen       total 68608K, used 55927K [0x0000000080000000, 0x0000000084300000, 0x00000000d5580000)
  object space 68608K, 81% used [0x0000000080000000,0x000000008369def0,0x0000000084300000)
 Metaspace       used 58452K, committed 59776K, reserved 1114112K
  class space    used 6787K, committed 7360K, reserved 1048576K
}
Event: 39.468 GC heap before
{Heap before GC invocations=33 (full 3):
 PSYoungGen      total 23040K, used 728K [0x00000000d5580000, 0x00000000d6f00000, 0x0000000100000000)
  eden space 22016K, 0% used [0x00000000d5580000,0x00000000d5580000,0x00000000d6b00000)
  from space 1024K, 71% used [0x00000000d6e00000,0x00000000d6eb62f8,0x00000000d6f00000)
  to   space 1536K, 0% used [0x00000000d6c00000,0x00000000d6c00000,0x00000000d6d80000)
 ParOldGen       total 68608K, used 55927K [0x0000000080000000, 0x0000000084300000, 0x00000000d5580000)
  object space 68608K, 81% used [0x0000000080000000,0x000000008369def0,0x0000000084300000)
 Metaspace       used 58452K, committed 59776K, reserved 1114112K
  class space    used 6787K, committed 7360K, reserved 1048576K
}
Event: 39.673 GC heap after
{Heap after GC invocations=33 (full 3):
 PSYoungGen      total 23040K, used 0K [0x00000000d5580000, 0x00000000d6f00000, 0x0000000100000000)
  eden space 22016K, 0% used [0x00000000d5580000,0x00000000d5580000,0x00000000d6b00000)
  from space 1024K, 0% used [0x00000000d6e00000,0x00000000d6e00000,0x00000000d6f00000)
  to   space 1536K, 0% used [0x00000000d6c00000,0x00000000d6c00000,0x00000000d6d80000)
 ParOldGen       total 68608K, used 54418K [0x0000000080000000, 0x0000000084300000, 0x00000000d5580000)
  object space 68608K, 79% used [0x0000000080000000,0x0000000083524868,0x0000000084300000)
 Metaspace       used 58452K, committed 59776K, reserved 1114112K
  class space    used 6787K, committed 7360K, reserved 1048576K
}
Event: 40.587 GC heap before
{Heap before GC invocations=34 (full 3):
 PSYoungGen      total 23040K, used 22016K [0x00000000d5580000, 0x00000000d6f00000, 0x0000000100000000)
  eden space 22016K, 100% used [0x00000000d5580000,0x00000000d6b00000,0x00000000d6b00000)
  from space 1024K, 0% used [0x00000000d6e00000,0x00000000d6e00000,0x00000000d6f00000)
  to   space 1536K, 0% used [0x00000000d6c00000,0x00000000d6c00000,0x00000000d6d80000)
 ParOldGen       total 68608K, used 54418K [0x0000000080000000, 0x0000000084300000, 0x00000000d5580000)
  object space 68608K, 79% used [0x0000000080000000,0x0000000083524868,0x0000000084300000)
 Metaspace       used 59361K, committed 60736K, reserved 1114112K
  class space    used 6905K, committed 7488K, reserved 1048576K
}
Event: 40.588 GC heap after
{Heap after GC invocations=34 (full 3):
 PSYoungGen      total 23552K, used 288K [0x00000000d5580000, 0x00000000d6e80000, 0x0000000100000000)
  eden space 22016K, 0% used [0x00000000d5580000,0x00000000d5580000,0x00000000d6b00000)
  from space 1536K, 18% used [0x00000000d6c00000,0x00000000d6c48000,0x00000000d6d80000)
  to   space 1024K, 0% used [0x00000000d6d80000,0x00000000d6d80000,0x00000000d6e80000)
 ParOldGen       total 68608K, used 54426K [0x0000000080000000, 0x0000000084300000, 0x00000000d5580000)
  object space 68608K, 79% used [0x0000000080000000,0x0000000083526868,0x0000000084300000)
 Metaspace       used 59361K, committed 60736K, reserved 1114112K
  class space    used 6905K, committed 7488K, reserved 1048576K
}
Event: 41.020 GC heap before
{Heap before GC invocations=35 (full 3):
 PSYoungGen      total 23552K, used 22304K [0x00000000d5580000, 0x00000000d6e80000, 0x0000000100000000)
  eden space 22016K, 100% used [0x00000000d5580000,0x00000000d6b00000,0x00000000d6b00000)
  from space 1536K, 18% used [0x00000000d6c00000,0x00000000d6c48000,0x00000000d6d80000)
  to   space 1024K, 0% used [0x00000000d6d80000,0x00000000d6d80000,0x00000000d6e80000)
 ParOldGen       total 68608K, used 54426K [0x0000000080000000, 0x0000000084300000, 0x00000000d5580000)
  object space 68608K, 79% used [0x0000000080000000,0x0000000083526868,0x0000000084300000)
 Metaspace       used 60322K, committed 61696K, reserved 1114112K
  class space    used 6984K, committed 7552K, reserved 1048576K
}
Event: 41.027 GC heap after
{Heap after GC invocations=35 (full 3):
 PSYoungGen      total 23040K, used 1023K [0x00000000d5580000, 0x00000000d7000000, 0x0000000100000000)
  eden space 22016K, 0% used [0x00000000d5580000,0x00000000d5580000,0x00000000d6b00000)
  from space 1024K, 99% used [0x00000000d6d80000,0x00000000d6e7fd38,0x00000000d6e80000)
  to   space 2560K, 0% used [0x00000000d6b00000,0x00000000d6b00000,0x00000000d6d80000)
 ParOldGen       total 68608K, used 55267K [0x0000000080000000, 0x0000000084300000, 0x00000000d5580000)
  object space 68608K, 80% used [0x0000000080000000,0x00000000835f8cb0,0x0000000084300000)
 Metaspace       used 60322K, committed 61696K, reserved 1114112K
  class space    used 6984K, committed 7552K, reserved 1048576K
}
Event: 41.179 GC heap before
{Heap before GC invocations=36 (full 3):
 PSYoungGen      total 23040K, used 23039K [0x00000000d5580000, 0x00000000d7000000, 0x0000000100000000)
  eden space 22016K, 100% used [0x00000000d5580000,0x00000000d6b00000,0x00000000d6b00000)
  from space 1024K, 99% used [0x00000000d6d80000,0x00000000d6e7fd38,0x00000000d6e80000)
  to   space 2560K, 0% used [0x00000000d6b00000,0x00000000d6b00000,0x00000000d6d80000)
 ParOldGen       total 68608K, used 55267K [0x0000000080000000, 0x0000000084300000, 0x00000000d5580000)
  object space 68608K, 80% used [0x0000000080000000,0x00000000835f8cb0,0x0000000084300000)
 Metaspace       used 60341K, committed 61696K, reserved 1114112K
  class space    used 6984K, committed 7552K, reserved 1048576K
}
Event: 41.181 GC heap after
{Heap after GC invocations=36 (full 3):
 PSYoungGen      total 23040K, used 919K [0x00000000d5580000, 0x00000000d6e00000, 0x0000000100000000)
  eden space 22016K, 0% used [0x00000000d5580000,0x00000000d5580000,0x00000000d6b00000)
  from space 1024K, 89% used [0x00000000d6b00000,0x00000000d6be5c70,0x00000000d6c00000)
  to   space 1536K, 0% used [0x00000000d6c80000,0x00000000d6c80000,0x00000000d6e00000)
 ParOldGen       total 68608K, used 56151K [0x0000000080000000, 0x0000000084300000, 0x00000000d5580000)
  object space 68608K, 81% used [0x0000000080000000,0x00000000836d5e58,0x0000000084300000)
 Metaspace       used 60341K, committed 61696K, reserved 1114112K
  class space    used 6984K, committed 7552K, reserved 1048576K
}
Event: 42.392 GC heap before
{Heap before GC invocations=37 (full 3):
 PSYoungGen      total 23040K, used 22787K [0x00000000d5580000, 0x00000000d6e00000, 0x0000000100000000)
  eden space 22016K, 99% used [0x00000000d5580000,0x00000000d6adb028,0x00000000d6b00000)
  from space 1024K, 89% used [0x00000000d6b00000,0x00000000d6be5c70,0x00000000d6c00000)
  to   space 1536K, 0% used [0x00000000d6c80000,0x00000000d6c80000,0x00000000d6e00000)
 ParOldGen       total 68608K, used 56151K [0x0000000080000000, 0x0000000084300000, 0x00000000d5580000)
  object space 68608K, 81% used [0x0000000080000000,0x00000000836d5e58,0x0000000084300000)
 Metaspace       used 63663K, committed 65152K, reserved 1114112K
  class space    used 7278K, committed 7936K, reserved 1048576K
}
Event: 42.395 GC heap after
{Heap after GC invocations=37 (full 3):
 PSYoungGen      total 23040K, used 737K [0x00000000d5580000, 0x00000000d6d80000, 0x0000000100000000)
  eden space 22016K, 0% used [0x00000000d5580000,0x00000000d5580000,0x00000000d6b00000)
  from space 1024K, 71% used [0x00000000d6c80000,0x00000000d6d38480,0x00000000d6d80000)
  to   space 1024K, 0% used [0x00000000d6b00000,0x00000000d6b00000,0x00000000d6c00000)
 ParOldGen       total 68608K, used 56159K [0x0000000080000000, 0x0000000084300000, 0x00000000d5580000)
  object space 68608K, 81% used [0x0000000080000000,0x00000000836d7e58,0x0000000084300000)
 Metaspace       used 63663K, committed 65152K, reserved 1114112K
  class space    used 7278K, committed 7936K, reserved 1048576K
}

Dll operation events (20 events):
Event: 0.389 Attempting to load shared library C:\Users\sampa\.vscode\extensions\redhat.java-1.56.0-win32-x64\jre\21.0.12.1-win32-x86_64\bin\net.dll
Event: 0.391 Loaded shared library C:\Users\sampa\.vscode\extensions\redhat.java-1.56.0-win32-x64\jre\21.0.12.1-win32-x86_64\bin\net.dll
Event: 0.395 Attempting to load shared library C:\Users\sampa\.vscode\extensions\redhat.java-1.56.0-win32-x64\jre\21.0.12.1-win32-x86_64\bin\nio.dll
Event: 0.396 Loaded shared library C:\Users\sampa\.vscode\extensions\redhat.java-1.56.0-win32-x64\jre\21.0.12.1-win32-x86_64\bin\nio.dll
Event: 0.406 Attempting to load shared library C:\Users\sampa\.vscode\extensions\redhat.java-1.56.0-win32-x64\jre\21.0.12.1-win32-x86_64\bin\zip.dll
Event: 0.406 Loaded shared library C:\Users\sampa\.vscode\extensions\redhat.java-1.56.0-win32-x64\jre\21.0.12.1-win32-x86_64\bin\zip.dll
Event: 0.477 Attempting to load shared library C:\Users\sampa\.vscode\extensions\redhat.java-1.56.0-win32-x64\jre\21.0.12.1-win32-x86_64\bin\jimage.dll
Event: 0.477 Loaded shared library C:\Users\sampa\.vscode\extensions\redhat.java-1.56.0-win32-x64\jre\21.0.12.1-win32-x86_64\bin\jimage.dll
Event: 1.258 Attempting to load shared library c:\Users\sampa\.vscode\extensions\redhat.java-1.56.0-win32-x64\jre\21.0.12.1-win32-x86_64\bin\verify.dll
Event: 1.259 Loaded shared library c:\Users\sampa\.vscode\extensions\redhat.java-1.56.0-win32-x64\jre\21.0.12.1-win32-x86_64\bin\verify.dll
Event: 8.430 Attempting to load shared library C:\Users\sampa\AppData\Roaming\Code\User\globalStorage\redhat.java\1.56.0\config_win\org.eclipse.equinox.launcher\org.eclipse.equinox.launcher.win32.win32.x86_64_1.3.100.v20260804-1928\eclipse_11924.dll
Event: 8.435 Loaded shared library C:\Users\sampa\AppData\Roaming\Code\User\globalStorage\redhat.java\1.56.0\config_win\org.eclipse.equinox.launcher\org.eclipse.equinox.launcher.win32.win32.x86_64_1.3.100.v20260804-1928\eclipse_11924.dll
Event: 16.507 Attempting to load shared library C:\Users\sampa\AppData\Local\Temp\jna-109202960\jna3969905072983657561.dll
Event: 16.670 Loaded shared library C:\Users\sampa\AppData\Local\Temp\jna-109202960\jna3969905072983657561.dll
Event: 36.035 Attempting to load shared library C:\Users\sampa\.gradle\native\660c5614fbf4a5f2a75b1949f50a0caf5cd603558e7d8a26e50b933a0cfb79d1\windows-amd64\native-platform.dll
Event: 36.036 Loaded shared library C:\Users\sampa\.gradle\native\660c5614fbf4a5f2a75b1949f50a0caf5cd603558e7d8a26e50b933a0cfb79d1\windows-amd64\native-platform.dll
Event: 36.849 Attempting to load shared library C:\Users\sampa\.vscode\extensions\redhat.java-1.56.0-win32-x64\jre\21.0.12.1-win32-x86_64\bin\management.dll
Event: 36.849 Loaded shared library C:\Users\sampa\.vscode\extensions\redhat.java-1.56.0-win32-x64\jre\21.0.12.1-win32-x86_64\bin\management.dll
Event: 36.853 Attempting to load shared library C:\Users\sampa\.vscode\extensions\redhat.java-1.56.0-win32-x64\jre\21.0.12.1-win32-x86_64\bin\management_ext.dll
Event: 36.854 Loaded shared library C:\Users\sampa\.vscode\extensions\redhat.java-1.56.0-win32-x64\jre\21.0.12.1-win32-x86_64\bin\management_ext.dll

Deoptimization events (20 events):
Event: 42.626 Thread 0x0000023dfdf94860 Uncommon trap: trap_request=0xffffff45 fr.pc=0x0000023df167f598 relative=0x0000000000000158
Event: 42.626 Thread 0x0000023dfdf94860 Uncommon trap: reason=unstable_if action=reinterpret pc=0x0000023df167f598 method=org.eclipse.jdt.internal.compiler.util.Util.isClassFileName(Ljava/lang/String;)Z @ 20 c2
Event: 42.626 Thread 0x0000023dfdf94860 DEOPT PACKING pc=0x0000023df167f598 sp=0x0000006c8aafea80
Event: 42.626 Thread 0x0000023dfdf94860 DEOPT UNPACKING pc=0x0000023df0d33aa2 sp=0x0000006c8aafea00 mode 2
Event: 42.736 Thread 0x0000023dfdf94860 DEOPT PACKING pc=0x0000023dea73bf4e sp=0x0000006c8aafe650
Event: 42.736 Thread 0x0000023dfdf94860 DEOPT UNPACKING pc=0x0000023df0d34242 sp=0x0000006c8aafdbd0 mode 0
Event: 42.759 Thread 0x0000023dfdf94860 DEOPT PACKING pc=0x0000023dea73bf4e sp=0x0000006c8aafe650
Event: 42.759 Thread 0x0000023dfdf94860 DEOPT UNPACKING pc=0x0000023df0d34242 sp=0x0000006c8aafdbd0 mode 0
Event: 42.762 Thread 0x0000023dfdf94860 DEOPT PACKING pc=0x0000023dea73bf4e sp=0x0000006c8aafe650
Event: 42.762 Thread 0x0000023dfdf94860 DEOPT UNPACKING pc=0x0000023df0d34242 sp=0x0000006c8aafdbd0 mode 0
Event: 42.776 Thread 0x0000023dfdf94860 DEOPT PACKING pc=0x0000023dea73bf4e sp=0x0000006c8aafe650
Event: 42.776 Thread 0x0000023dfdf94860 DEOPT UNPACKING pc=0x0000023df0d34242 sp=0x0000006c8aafdbd0 mode 0
Event: 42.863 Thread 0x0000023dfdf94860 DEOPT PACKING pc=0x0000023dea73bf4e sp=0x0000006c8aafe650
Event: 42.863 Thread 0x0000023dfdf94860 DEOPT UNPACKING pc=0x0000023df0d34242 sp=0x0000006c8aafdbd0 mode 0
Event: 42.864 Thread 0x0000023dfdf94860 DEOPT PACKING pc=0x0000023dea73bf4e sp=0x0000006c8aafe650
Event: 42.864 Thread 0x0000023dfdf94860 DEOPT UNPACKING pc=0x0000023df0d34242 sp=0x0000006c8aafdbd0 mode 0
Event: 42.866 Thread 0x0000023dfdf94860 DEOPT PACKING pc=0x0000023dea73bf4e sp=0x0000006c8aafe650
Event: 42.866 Thread 0x0000023dfdf94860 DEOPT UNPACKING pc=0x0000023df0d34242 sp=0x0000006c8aafdbd0 mode 0
Event: 42.867 Thread 0x0000023dfdf94860 DEOPT PACKING pc=0x0000023dea73bf4e sp=0x0000006c8aafe650
Event: 42.867 Thread 0x0000023dfdf94860 DEOPT UNPACKING pc=0x0000023df0d34242 sp=0x0000006c8aafdbd0 mode 0

Classes loaded (20 events):
Event: 41.985 Loading class java/util/WeakHashMap$KeyIterator
Event: 41.985 Loading class java/util/WeakHashMap$KeyIterator done
Event: 42.068 Loading class java/util/concurrent/CompletableFuture$UniApply
Event: 42.068 Loading class java/util/concurrent/CompletableFuture$UniApply done
Event: 42.069 Loading class java/util/concurrent/CompletableFuture$UniExceptionally
Event: 42.069 Loading class java/util/concurrent/CompletableFuture$UniExceptionally done
Event: 42.082 Loading class java/lang/Throwable$WrappedPrintWriter
Event: 42.082 Loading class java/lang/Throwable$PrintStreamOrWriter
Event: 42.082 Loading class java/lang/Throwable$PrintStreamOrWriter done
Event: 42.082 Loading class java/lang/Throwable$WrappedPrintWriter done
Event: 42.476 Loading class java/util/Hashtable$KeySet
Event: 42.476 Loading class java/util/Hashtable$KeySet done
Event: 42.493 Loading class java/lang/UnsupportedClassVersionError
Event: 42.493 Loading class java/lang/UnsupportedClassVersionError done
Event: 42.539 Loading class java/util/stream/DistinctOps
Event: 42.539 Loading class java/util/stream/DistinctOps done
Event: 42.539 Loading class java/util/stream/DistinctOps$1
Event: 42.540 Loading class java/util/stream/DistinctOps$1 done
Event: 42.540 Loading class java/util/stream/DistinctOps$1$2
Event: 42.541 Loading class java/util/stream/DistinctOps$1$2 done

Classes unloaded (10 events):
Event: 18.665 Thread 0x0000023dfcf6b7e0 Unloading class 0x0000023d811ad400 'java/lang/invoke/LambdaForm$MH+0x0000023d811ad400'
Event: 18.665 Thread 0x0000023dfcf6b7e0 Unloading class 0x0000023d811ad000 'java/lang/invoke/LambdaForm$MH+0x0000023d811ad000'
Event: 18.665 Thread 0x0000023dfcf6b7e0 Unloading class 0x0000023d811acc00 'java/lang/invoke/LambdaForm$MH+0x0000023d811acc00'
Event: 18.665 Thread 0x0000023dfcf6b7e0 Unloading class 0x0000023d811ac800 'java/lang/invoke/LambdaForm$MH+0x0000023d811ac800'
Event: 18.665 Thread 0x0000023dfcf6b7e0 Unloading class 0x0000023d811ac400 'java/lang/invoke/LambdaForm$BMH+0x0000023d811ac400'
Event: 18.665 Thread 0x0000023dfcf6b7e0 Unloading class 0x0000023d811ac000 'java/lang/invoke/LambdaForm$DMH+0x0000023d811ac000'
Event: 18.665 Thread 0x0000023dfcf6b7e0 Unloading class 0x0000023d811aac00 'java/lang/invoke/LambdaForm$DMH+0x0000023d811aac00'
Event: 26.218 Thread 0x0000023dfcf6b7e0 Unloading class 0x0000023d812b5000 'java/lang/invoke/LambdaForm$MH+0x0000023d812b5000'
Event: 26.218 Thread 0x0000023dfcf6b7e0 Unloading class 0x0000023d812b4800 'java/lang/invoke/LambdaForm$DMH+0x0000023d812b4800'
Event: 26.218 Thread 0x0000023dfcf6b7e0 Unloading class 0x0000023d812b3c00 'java/lang/invoke/LambdaForm$MH+0x0000023d812b3c00'

Classes redefined (0 events):
No events

Internal exceptions (20 events):
Event: 42.049 Thread 0x0000023dc581f990 Exception <a 'sun/nio/fs/WindowsException'{0x00000000d644eaf0}> (0x00000000d644eaf0) 
thrown [s\src\hotspot\share\prims\jni.cpp, line 520]
Event: 42.051 Thread 0x0000023dc581f990 Exception <a 'sun/nio/fs/WindowsException'{0x00000000d6451e78}> (0x00000000d6451e78) 
thrown [s\src\hotspot\share\prims\jni.cpp, line 520]
Event: 42.051 Thread 0x0000023dc581f990 Exception <a 'sun/nio/fs/WindowsException'{0x00000000d64525b8}> (0x00000000d64525b8) 
thrown [s\src\hotspot\share\prims\jni.cpp, line 520]
Event: 42.066 Thread 0x0000023dc581f990 Exception <a 'java/lang/IncompatibleClassChangeError'{0x00000000d6476800}: Found class java.lang.Object, but interface was expected> (0x00000000d6476800) 
thrown [s\src\hotspot\share\interpreter\linkResolver.cpp, line 840]
Event: 42.115 Thread 0x0000023dc581f990 Exception <a 'java/lang/IncompatibleClassChangeError'{0x00000000d6540480}: Found class java.lang.Object, but interface was expected> (0x00000000d6540480) 
thrown [s\src\hotspot\share\interpreter\linkResolver.cpp, line 840]
Event: 42.192 Thread 0x0000023dc581f990 Exception <a 'java/lang/IncompatibleClassChangeError'{0x00000000d65e3668}: Found class java.lang.Object, but interface was expected> (0x00000000d65e3668) 
thrown [s\src\hotspot\share\interpreter\linkResolver.cpp, line 840]
Event: 42.418 Thread 0x0000023dfdf96930 Exception <a 'java/lang/NoSuchMethodError'{0x00000000d59c1670}: 'java.lang.Object java.lang.invoke.DirectMethodHandle$Holder.invokeSpecial(java.lang.Object, java.lang.Object, int, long)'> (0x00000000d59c1670) 
thrown [s\src\hotspot\share\interpreter\linkResolver.cpp, line 773]
Event: 42.430 Thread 0x0000023dc581d230 Implicit null exception at 0x0000023df15ca384 to 0x0000023df15cb0d8
Event: 42.477 Thread 0x0000023dfdf94860 Exception <a 'java/io/FileNotFoundException'{0x00000000d5c63d88}> (0x00000000d5c63d88) 
thrown [s\src\hotspot\share\prims\jni.cpp, line 520]
Event: 42.477 Thread 0x0000023dfdf94860 Exception <a 'java/io/FileNotFoundException'{0x00000000d5c64d88}> (0x00000000d5c64d88) 
thrown [s\src\hotspot\share\prims\jni.cpp, line 520]
Event: 42.478 Thread 0x0000023dfdf94860 Exception <a 'java/io/FileNotFoundException'{0x00000000d5c65ae0}> (0x00000000d5c65ae0) 
thrown [s\src\hotspot\share\prims\jni.cpp, line 520]
Event: 42.503 Thread 0x0000023dfdf94860 Exception <a 'sun/nio/fs/WindowsException'{0x00000000d5db0fa8}> (0x00000000d5db0fa8) 
thrown [s\src\hotspot\share\prims\jni.cpp, line 520]
Event: 42.506 Thread 0x0000023dfdf94860 Exception <a 'sun/nio/fs/WindowsException'{0x00000000d5db16e8}> (0x00000000d5db16e8) 
thrown [s\src\hotspot\share\prims\jni.cpp, line 520]
Event: 42.507 Thread 0x0000023dc5820d40 Exception <a 'java/lang/NoSuchMethodError'{0x00000000d5df7870}: 'int java.lang.invoke.Invokers$Holder.invokeExact_MT(java.lang.Object, java.lang.Object)'> (0x00000000d5df7870) 
thrown [s\src\hotspot\share\interpreter\linkResolver.cpp, line 773]
Event: 42.508 Thread 0x0000023dfdf94860 Exception <a 'sun/nio/fs/WindowsException'{0x00000000d5db2460}> (0x00000000d5db2460) 
thrown [s\src\hotspot\share\prims\jni.cpp, line 520]
Event: 42.508 Thread 0x0000023dfdf94860 Exception <a 'sun/nio/fs/WindowsException'{0x00000000d5db2ba0}> (0x00000000d5db2ba0) 
thrown [s\src\hotspot\share\prims\jni.cpp, line 520]
Event: 42.515 Thread 0x0000023dfdf94860 Exception <a 'java/io/FileNotFoundException'{0x00000000d5e1cf18}> (0x00000000d5e1cf18) 
thrown [s\src\hotspot\share\prims\jni.cpp, line 520]
Event: 42.515 Thread 0x0000023dfdf94860 Exception <a 'java/io/FileNotFoundException'{0x00000000d5e1dc98}> (0x00000000d5e1dc98) 
thrown [s\src\hotspot\share\prims\jni.cpp, line 520]
Event: 42.529 Thread 0x0000023dfdf94860 Exception <a 'sun/nio/fs/WindowsException'{0x00000000d5ec1538}> (0x00000000d5ec1538) 
thrown [s\src\hotspot\share\prims\jni.cpp, line 520]
Event: 42.530 Thread 0x0000023dfdf94860 Exception <a 'sun/nio/fs/WindowsException'{0x00000000d5ec1c78}> (0x00000000d5ec1c78) 
thrown [s\src\hotspot\share\prims\jni.cpp, line 520]

ZGC Phase Switch (0 events):
No events

VM Operations (20 events):
Event: 38.964 Executing safepoint VM operation: ParallelGCFailedAllocation (Allocation Failure)
Event: 38.970 Executing safepoint VM operation: ParallelGCFailedAllocation (Allocation Failure) done
Event: 39.285 Executing non-safepoint VM operation: HandshakeAllThreads (Deoptimize)
Event: 39.285 Executing non-safepoint VM operation: HandshakeAllThreads (Deoptimize) done
Event: 39.464 Executing safepoint VM operation: CollectForMetadataAllocation (Metadata GC Threshold)
Event: 39.673 Executing safepoint VM operation: CollectForMetadataAllocation (Metadata GC Threshold) done
Event: 40.587 Executing safepoint VM operation: ParallelGCFailedAllocation (Allocation Failure)
Event: 40.588 Executing safepoint VM operation: ParallelGCFailedAllocation (Allocation Failure) done
Event: 41.020 Executing safepoint VM operation: ParallelGCFailedAllocation (Allocation Failure)
Event: 41.027 Executing safepoint VM operation: ParallelGCFailedAllocation (Allocation Failure) done
Event: 41.179 Executing safepoint VM operation: ParallelGCFailedAllocation (Allocation Failure)
Event: 41.181 Executing safepoint VM operation: ParallelGCFailedAllocation (Allocation Failure) done
Event: 41.309 Executing non-safepoint VM operation: HandshakeAllThreads (Deoptimize)
Event: 41.309 Executing non-safepoint VM operation: HandshakeAllThreads (Deoptimize) done
Event: 42.309 Executing safepoint VM operation: Cleanup
Event: 42.310 Executing safepoint VM operation: Cleanup done
Event: 42.392 Executing safepoint VM operation: ParallelGCFailedAllocation (Allocation Failure)
Event: 42.395 Executing safepoint VM operation: ParallelGCFailedAllocation (Allocation Failure) done
Event: 42.500 Executing non-safepoint VM operation: HandshakeAllThreads (Deoptimize)
Event: 42.501 Executing non-safepoint VM operation: HandshakeAllThreads (Deoptimize) done

Memory protections (0 events):
No events

Nmethod flushes (20 events):
Event: 39.538 Thread 0x0000023dfcf6b7e0 flushing  nmethod 0x0000023dea0e4a90
Event: 39.538 Thread 0x0000023dfcf6b7e0 flushing  nmethod 0x0000023dea101390
Event: 39.538 Thread 0x0000023dfcf6b7e0 flushing  nmethod 0x0000023dea118d10
Event: 39.538 Thread 0x0000023dfcf6b7e0 flushing  nmethod 0x0000023dea121910
Event: 39.538 Thread 0x0000023dfcf6b7e0 flushing  nmethod 0x0000023dea122110
Event: 39.538 Thread 0x0000023dfcf6b7e0 flushing  nmethod 0x0000023dea131090
Event: 39.538 Thread 0x0000023dfcf6b7e0 flushing  nmethod 0x0000023dea141c90
Event: 39.538 Thread 0x0000023dfcf6b7e0 flushing  nmethod 0x0000023dea142710
Event: 39.538 Thread 0x0000023dfcf6b7e0 flushing  nmethod 0x0000023dea152c90
Event: 39.538 Thread 0x0000023dfcf6b7e0 flushing  nmethod 0x0000023dea156b10
Event: 39.538 Thread 0x0000023dfcf6b7e0 flushing  nmethod 0x0000023dea158710
Event: 39.538 Thread 0x0000023dfcf6b7e0 flushing  nmethod 0x0000023dea15d910
Event: 39.538 Thread 0x0000023dfcf6b7e0 flushing  nmethod 0x0000023dea172d90
Event: 39.538 Thread 0x0000023dfcf6b7e0 flushing  nmethod 0x0000023dea19fd10
Event: 39.538 Thread 0x0000023dfcf6b7e0 flushing  nmethod 0x0000023dea1a0310
Event: 39.538 Thread 0x0000023dfcf6b7e0 flushing  nmethod 0x0000023dea1a0a10
Event: 39.538 Thread 0x0000023dfcf6b7e0 flushing  nmethod 0x0000023dea1a4390
Event: 39.538 Thread 0x0000023dfcf6b7e0 flushing  nmethod 0x0000023dea1b5310
Event: 39.538 Thread 0x0000023dfcf6b7e0 flushing  nmethod 0x0000023dea1b5810
Event: 39.538 Thread 0x0000023dfcf6b7e0 flushing  nmethod 0x0000023dea1b5d90

Events (20 events):
Event: 30.523 Thread 0x0000023dfd007720 Thread added: 0x0000023dfe9f4f00
Event: 31.101 Thread 0x0000023dfe9f4f00 Thread exited: 0x0000023dfe9f4f00
Event: 32.852 Thread 0x0000023dfd007720 Thread added: 0x0000023dfe9f2cf0
Event: 34.296 Thread 0x0000023dfe9f2cf0 Thread exited: 0x0000023dfe9f2cf0
Event: 34.331 Thread 0x0000023dfdf962a0 Thread added: 0x0000023dc581d230
Event: 34.332 Thread 0x0000023dfdf962a0 Thread added: 0x0000023dc581d8c0
Event: 34.333 Thread 0x0000023dc581d230 Thread added: 0x0000023dc581cba0
Event: 35.042 Thread 0x0000023dfdf94ef0 Thread added: 0x0000023dc581be80
Event: 35.207 Thread 0x0000023dfdf94ef0 Thread added: 0x0000023dc581e5e0
Event: 35.370 Thread 0x0000023dfdf94ef0 Thread added: 0x0000023dc5820d40
Event: 35.655 Thread 0x0000023dfd007720 Thread added: 0x0000023dfe9f4f00
Event: 36.794 Thread 0x0000023dfe9f4f00 Thread exited: 0x0000023dfe9f4f00
Event: 37.098 Thread 0x0000023dc5820d40 Thread exited: 0x0000023dc5820d40
Event: 37.120 Thread 0x0000023dc581be80 Thread exited: 0x0000023dc581be80
Event: 37.131 Thread 0x0000023dfd007720 Thread added: 0x0000023dfe9f4f00
Event: 40.553 Thread 0x0000023dfe9f4f00 Thread exited: 0x0000023dfe9f4f00
Event: 40.970 Thread 0x0000023dfd007720 Thread added: 0x0000023dfe9f4f00
Event: 42.069 Thread 0x0000023dc581f990 Thread added: 0x0000023dc5820d40
Event: 42.126 Thread 0x0000023dc581f990 Thread added: 0x0000023dfdf95c10
Event: 42.335 Thread 0x0000023dc581f990 Thread added: 0x0000023dc6842080


Dynamic libraries:
0x00007ff798480000 - 0x00007ff79848e000 	c:\Users\sampa\.vscode\extensions\redhat.java-1.56.0-win32-x64\jre\21.0.12.1-win32-x86_64\bin\java.exe
0x00007ffedbc50000 - 0x00007ffedbe48000 	C:\WINDOWS\SYSTEM32\ntdll.dll
0x00007ffeda230000 - 0x00007ffeda2f2000 	C:\WINDOWS\System32\KERNEL32.DLL
0x00007ffed9490000 - 0x00007ffed9786000 	C:\WINDOWS\System32\KERNELBASE.dll
0x00007ffed9390000 - 0x00007ffed9490000 	C:\WINDOWS\System32\ucrtbase.dll
0x00007ffed1310000 - 0x00007ffed1328000 	c:\Users\sampa\.vscode\extensions\redhat.java-1.56.0-win32-x64\jre\21.0.12.1-win32-x86_64\bin\jli.dll
0x00007ffeda980000 - 0x00007ffedab21000 	C:\WINDOWS\System32\USER32.dll
0x00007ffed9c40000 - 0x00007ffed9c62000 	C:\WINDOWS\System32\win32u.dll
0x00007ffedb720000 - 0x00007ffedb74b000 	C:\WINDOWS\System32\GDI32.dll
0x00007ffed9b20000 - 0x00007ffed9c39000 	C:\WINDOWS\System32\gdi32full.dll
0x00007ffed9790000 - 0x00007ffed982d000 	C:\WINDOWS\System32\msvcp_win.dll
0x00007ffec2c40000 - 0x00007ffec2c5e000 	c:\Users\sampa\.vscode\extensions\redhat.java-1.56.0-win32-x64\jre\21.0.12.1-win32-x86_64\bin\VCRUNTIME140.dll
0x00007ffecdb40000 - 0x00007ffecdddb000 	C:\WINDOWS\WinSxS\amd64_microsoft.windows.common-controls_6595b64144ccf1df_6.0.19041.6456_none_60b8a6cb71f64256\COMCTL32.dll
0x00007ffed9db0000 - 0x00007ffed9e4e000 	C:\WINDOWS\System32\msvcrt.dll
0x00007ffedb750000 - 0x00007ffedb77f000 	C:\WINDOWS\System32\IMM32.DLL
0x00007ffed2800000 - 0x00007ffed280c000 	c:\Users\sampa\.vscode\extensions\redhat.java-1.56.0-win32-x64\jre\21.0.12.1-win32-x86_64\bin\vcruntime140_1.dll
0x00007ffeacf00000 - 0x00007ffeacf8d000 	c:\Users\sampa\.vscode\extensions\redhat.java-1.56.0-win32-x64\jre\21.0.12.1-win32-x86_64\bin\msvcp140.dll
0x00007ffe5b770000 - 0x00007ffe5c512000 	c:\Users\sampa\.vscode\extensions\redhat.java-1.56.0-win32-x64\jre\21.0.12.1-win32-x86_64\bin\server\jvm.dll
0x00007ffeda100000 - 0x00007ffeda1b1000 	C:\WINDOWS\System32\ADVAPI32.dll
0x00007ffed9e50000 - 0x00007ffed9eef000 	C:\WINDOWS\System32\sechost.dll
0x00007ffeda860000 - 0x00007ffeda980000 	C:\WINDOWS\System32\RPCRT4.dll
0x00007ffed9a60000 - 0x00007ffed9a87000 	C:\WINDOWS\System32\bcrypt.dll
0x00007ffeda7f0000 - 0x00007ffeda85b000 	C:\WINDOWS\System32\WS2_32.dll
0x00007ffed8870000 - 0x00007ffed88bb000 	C:\WINDOWS\SYSTEM32\POWRPROF.dll
0x00007ffece800000 - 0x00007ffece827000 	C:\WINDOWS\SYSTEM32\WINMM.dll
0x00007ffed0390000 - 0x00007ffed039a000 	C:\WINDOWS\SYSTEM32\VERSION.dll
0x00007ffed86e0000 - 0x00007ffed86f2000 	C:\WINDOWS\SYSTEM32\UMPDC.dll
0x00007ffed7330000 - 0x00007ffed7342000 	C:\WINDOWS\SYSTEM32\kernel.appcore.dll
0x00007ffed18d0000 - 0x00007ffed18da000 	c:\Users\sampa\.vscode\extensions\redhat.java-1.56.0-win32-x64\jre\21.0.12.1-win32-x86_64\bin\jimage.dll
0x00007ffed67c0000 - 0x00007ffed69c1000 	C:\WINDOWS\SYSTEM32\DBGHELP.DLL
0x00007ffecbf40000 - 0x00007ffecbf74000 	C:\WINDOWS\SYSTEM32\dbgcore.DLL
0x00007ffed9a90000 - 0x00007ffed9b12000 	C:\WINDOWS\System32\bcryptPrimitives.dll
0x00007ffeca170000 - 0x00007ffeca17f000 	c:\Users\sampa\.vscode\extensions\redhat.java-1.56.0-win32-x64\jre\21.0.12.1-win32-x86_64\bin\instrument.dll
0x00007ffec2c00000 - 0x00007ffec2c20000 	c:\Users\sampa\.vscode\extensions\redhat.java-1.56.0-win32-x64\jre\21.0.12.1-win32-x86_64\bin\java.dll
0x00007ffedafb0000 - 0x00007ffedb720000 	C:\WINDOWS\System32\SHELL32.dll
0x00007ffed7350000 - 0x00007ffed7af5000 	C:\WINDOWS\SYSTEM32\windows.storage.dll
0x00007ffedb8b0000 - 0x00007ffedbc04000 	C:\WINDOWS\System32\combase.dll
0x00007ffed8d10000 - 0x00007ffed8d3b000 	C:\WINDOWS\SYSTEM32\Wldp.dll
0x00007ffed9c80000 - 0x00007ffed9d4d000 	C:\WINDOWS\System32\OLEAUT32.dll
0x00007ffeda600000 - 0x00007ffeda6ad000 	C:\WINDOWS\System32\SHCORE.dll
0x00007ffeda5a0000 - 0x00007ffeda5fb000 	C:\WINDOWS\System32\shlwapi.dll
0x00007ffed9210000 - 0x00007ffed9234000 	C:\WINDOWS\SYSTEM32\profapi.dll
0x00007ffebed30000 - 0x00007ffebed48000 	c:\Users\sampa\.vscode\extensions\redhat.java-1.56.0-win32-x64\jre\21.0.12.1-win32-x86_64\bin\zip.dll
0x00007ffed0ec0000 - 0x00007ffed0ed0000 	C:\Users\sampa\.vscode\extensions\redhat.java-1.56.0-win32-x64\jre\21.0.12.1-win32-x86_64\bin\net.dll
0x00007ffecf2b0000 - 0x00007ffecf3ba000 	C:\WINDOWS\SYSTEM32\WINHTTP.dll
0x00007ffed8a70000 - 0x00007ffed8ada000 	C:\WINDOWS\system32\mswsock.dll
0x00007ffeb9c90000 - 0x00007ffeb9ca6000 	C:\Users\sampa\.vscode\extensions\redhat.java-1.56.0-win32-x64\jre\21.0.12.1-win32-x86_64\bin\nio.dll
0x00007ffeba470000 - 0x00007ffeba480000 	c:\Users\sampa\.vscode\extensions\redhat.java-1.56.0-win32-x64\jre\21.0.12.1-win32-x86_64\bin\verify.dll
0x00007ffed12a0000 - 0x00007ffed12e5000 	C:\Users\sampa\AppData\Roaming\Code\User\globalStorage\redhat.java\1.56.0\config_win\org.eclipse.equinox.launcher\org.eclipse.equinox.launcher.win32.win32.x86_64_1.3.100.v20260804-1928\eclipse_11924.dll
0x00007ffedb780000 - 0x00007ffedb8ab000 	C:\WINDOWS\System32\ole32.dll
0x00007ffed8c60000 - 0x00007ffed8c78000 	C:\WINDOWS\SYSTEM32\CRYPTSP.dll
0x00007ffed8320000 - 0x00007ffed8358000 	C:\WINDOWS\system32\rsaenh.dll
0x00007ffed9190000 - 0x00007ffed91be000 	C:\WINDOWS\SYSTEM32\USERENV.dll
0x00007ffed8c80000 - 0x00007ffed8c8c000 	C:\WINDOWS\SYSTEM32\CRYPTBASE.dll
0x00007ffed8700000 - 0x00007ffed873b000 	C:\WINDOWS\SYSTEM32\IPHLPAPI.DLL
0x00007ffed9c70000 - 0x00007ffed9c78000 	C:\WINDOWS\System32\NSI.dll
0x00007ffeb28d0000 - 0x00007ffeb2919000 	C:\Users\sampa\AppData\Local\Temp\jna-109202960\jna3969905072983657561.dll
0x00007ffedafa0000 - 0x00007ffedafa8000 	C:\WINDOWS\System32\PSAPI.DLL
0x00007ffecf590000 - 0x00007ffecf5a7000 	C:\WINDOWS\SYSTEM32\dhcpcsvc6.DLL
0x00007ffecf980000 - 0x00007ffecf99d000 	C:\WINDOWS\SYSTEM32\dhcpcsvc.DLL
0x00007ffeb7ca0000 - 0x00007ffeb7cc7000 	C:\Users\sampa\.gradle\native\660c5614fbf4a5f2a75b1949f50a0caf5cd603558e7d8a26e50b933a0cfb79d1\windows-amd64\native-platform.dll
0x00007ffeb9c80000 - 0x00007ffeb9c8a000 	C:\Users\sampa\.vscode\extensions\redhat.java-1.56.0-win32-x64\jre\21.0.12.1-win32-x86_64\bin\management.dll
0x00007ffeb7c90000 - 0x00007ffeb7c9c000 	C:\Users\sampa\.vscode\extensions\redhat.java-1.56.0-win32-x64\jre\21.0.12.1-win32-x86_64\bin\management_ext.dll

JVMTI agents:
c:\Users\sampa\.vscode\extensions\redhat.java-1.56.0-win32-x64\lombok\lombok-1.18.39-4050.jar path:c:\Users\sampa\.vscode\extensions\redhat.java-1.56.0-win32-x64\jre\21.0.12.1-win32-x86_64\bin\instrument.dll, loaded, initialized, instrumentlib options:none

dbghelp: loaded successfully - version: 4.0.5 - missing functions: none
symbol engine: initialized successfully - sym options: 0x614 - pdb path: .;c:\Users\sampa\.vscode\extensions\redhat.java-1.56.0-win32-x64\jre\21.0.12.1-win32-x86_64\bin;C:\WINDOWS\SYSTEM32;C:\WINDOWS\WinSxS\amd64_microsoft.windows.common-controls_6595b64144ccf1df_6.0.19041.6456_none_60b8a6cb71f64256;c:\Users\sampa\.vscode\extensions\redhat.java-1.56.0-win32-x64\jre\21.0.12.1-win32-x86_64\bin\server;C:\Users\sampa\AppData\Roaming\Code\User\globalStorage\redhat.java\1.56.0\config_win\org.eclipse.equinox.launcher\org.eclipse.equinox.launcher.win32.win32.x86_64_1.3.100.v20260804-1928;C:\Users\sampa\AppData\Local\Temp\jna-109202960;C:\Users\sampa\.gradle\native\660c5614fbf4a5f2a75b1949f50a0caf5cd603558e7d8a26e50b933a0cfb79d1\windows-amd64

VM Arguments:
jvm_args: --add-modules=ALL-SYSTEM --add-opens=java.base/java.util=ALL-UNNAMED --add-opens=java.base/java.lang=ALL-UNNAMED --add-opens=java.base/sun.nio.fs=ALL-UNNAMED -Declipse.application=org.eclipse.jdt.ls.core.id1 -Dosgi.bundles.defaultStartLevel=4 -Declipse.product=org.eclipse.jdt.ls.core.product -Djava.import.generatesMetadataFilesAtProjectRoot=false -Dm2e.project.cache.size=50 -DDetectVMInstallationsJob.disabled=true -Dfile.encoding=utf8 -XX:+UseParallelGC -XX:GCTimeRatio=4 -XX:AdaptiveSizePolicyWeight=90 -Dsun.zip.disableMemoryMapping=true -Xmx2G -Xms100m -Xlog:disable -javaagent:c:\Users\sampa\.vscode\extensions\redhat.java-1.56.0-win32-x64\lombok\lombok-1.18.39-4050.jar -XX:+HeapDumpOnOutOfMemoryError -XX:HeapDumpPath=c:\Users\sampa\AppData\Roaming\Code\User\workspaceStorage\b45dcb98c3812985cc0ef0cda4b99330\redhat.java -Daether.dependencyCollector.impl=bf 
java_command: c:\Users\sampa\.vscode\extensions\redhat.java-1.56.0-win32-x64\server\plugins\org.eclipse.equinox.launcher_1.8.0.v20260804-1928.jar -configuration c:\Users\sampa\AppData\Roaming\Code\User\globalStorage\redhat.java\1.56.0\config_win -data c:\Users\sampa\AppData\Roaming\Code\User\workspaceStorage\b45dcb98c3812985cc0ef0cda4b99330\redhat.java\jdt_ws --pipe=\\.\pipe\lsp-65882dab526cd4e9c3d786cbb3af2ab0-sock
java_class_path (initial): c:\Users\sampa\.vscode\extensions\redhat.java-1.56.0-win32-x64\server\plugins\org.eclipse.equinox.launcher_1.8.0.v20260804-1928.jar
Launcher Type: SUN_STANDARD

[Global flags]
    uintx AdaptiveSizePolicyWeight                 = 90                                        {product} {command line}
     intx CICompilerCount                          = 3                                         {product} {ergonomic}
    uintx GCTimeRatio                              = 4                                         {product} {command line}
     bool HeapDumpOnOutOfMemoryError               = true                                   {manageable} {command line}
    ccstr HeapDumpPath                             = c:\Users\sampa\AppData\Roaming\Code\User\workspaceStorage\b45dcb98c3812985cc0ef0cda4b99330\redhat.java         {manageable} {command line}
   size_t InitialHeapSize                          = 104857600                                 {product} {command line}
   size_t MaxHeapSize                              = 2147483648                                {product} {command line}
   size_t MaxNewSize                               = 715653120                                 {product} {ergonomic}
   size_t MinHeapDeltaBytes                        = 524288                                    {product} {ergonomic}
   size_t MinHeapSize                              = 104857600                                 {product} {command line}
   size_t NewSize                                  = 34603008                                  {product} {ergonomic}
    uintx NonNMethodCodeHeapSize                   = 5832780                                {pd product} {ergonomic}
    uintx NonProfiledCodeHeapSize                  = 122912730                              {pd product} {ergonomic}
   size_t OldSize                                  = 70254592                                  {product} {ergonomic}
    uintx ProfiledCodeHeapSize                     = 122912730                              {pd product} {ergonomic}
    uintx ReservedCodeCacheSize                    = 251658240                              {pd product} {ergonomic}
     bool SegmentedCodeCache                       = true                                      {product} {ergonomic}
   size_t SoftMaxHeapSize                          = 2147483648                             {manageable} {ergonomic}
     bool UseCompressedOops                        = true                           {product lp64_product} {ergonomic}
     bool UseLargePagesIndividualAllocation        = false                                  {pd product} {ergonomic}
     bool UseParallelGC                            = true                                      {product} {command line}

Logging:
Log output configuration:
 #0: stdout all=off uptime,level,tags foldmultilines=false
 #1: stderr all=off uptime,level,tags foldmultilines=false

Release file:
JAVA_VERSION="21.0.12.1" 
MODULES="java.base java.compiler java.datatransfer java.xml java.prefs java.desktop java.instrument java.logging java.management java.security.sasl java.naming java.rmi java.management.rmi java.net.http java.scripting java.security.jgss java.transaction.xa java.sql java.sql.rowset java.xml.crypto java.se java.smartcardio jdk.accessibility jdk.internal.jvmstat jdk.attach jdk.charsets jdk.internal.opt jdk.zipfs jdk.compiler jdk.crypto.ec jdk.crypto.cryptoki jdk.crypto.mscapi jdk.dynalink jdk.internal.ed jdk.editpad jdk.hotspot.agent jdk.httpserver jdk.internal.le jdk.internal.vm.ci jdk.internal.vm.compiler jdk.internal.vm.compiler.management jdk.jartool jdk.javadoc jdk.jcmd jdk.management jdk.management.agent jdk.jconsole jdk.jdeps jdk.jdwp.agent jdk.jdi jdk.jfr jdk.jshell jdk.jsobject jdk.jstatd jdk.localedata jdk.management.jfr jdk.naming.dns jdk.naming.rmi jdk.net jdk.nio.mapmode jdk.random jdk.sctp jdk.security.auth jdk.security.jgss jdk.unsupported jdk.unsupported.desktop jdk.xml.dom" 

Environment Variables:
JAVA_HOME=C:\Program Files\Eclipse Adoptium\jdk-17.0.20.101-hotspot\
PATH=C:\Program Files\Eclipse Adoptium\jdk-17.0.20.101-hotspot\bin;C:\WINDOWS\system32;C:\WINDOWS;C:\WINDOWS\System32\Wbem;C:\WINDOWS\System32\WindowsPowerShell\v1.0\;C:\WINDOWS\System32\OpenSSH\;C:\Program Files\MySQL\MySQL Server 8.4\bin;C:\Program Files (x86)\Microsoft SQL Server\170\Tools\Binn\;C:\Program Files\Microsoft SQL Server\170\Tools\Binn\;C:\Program Files\Microsoft SQL Server\Client SDK\ODBC\180\Tools\Binn\;C:\Program Files\Microsoft SQL Server\170\DTS\Binn\;C:\Program Files\Git\cmd;C:\Users\sampa\AppData\Local\Microsoft\WindowsApps;C:\Users\sampa\AppData\Local\Programs\Microsoft VS Code\bin
USERNAME=sampa
OS=Windows_NT
PROCESSOR_IDENTIFIER=Intel64 Family 6 Model 61 Stepping 4, GenuineIntel
TMP=C:\Users\sampa\AppData\Local\Temp
TEMP=C:\Users\sampa\AppData\Local\Temp




Periodic native trim disabled

---------------  S Y S T E M  ---------------

OS:
 Windows 10 , 64 bit Build 19041 (10.0.19041.5915)
OS uptime: 0 days 0:45 hours

CPU: total 4 (initial active 4) (2 cores per cpu, 2 threads per core) family 6 model 61 stepping 4 microcode 0x2d, cx8, cmov, fxsr, ht, mmx, 3dnowpref, sse, sse2, sse3, ssse3, sse4.1, sse4.2, popcnt, lzcnt, tsc, tscinvbit, avx, avx2, aes, erms, clmul, bmi1, bmi2, rtm, adx, fma, vzeroupper, clflush, rdtscp, f16c
Processor Information for the first 4 processors :
  Max Mhz: 2295, Current Mhz: 2295, Mhz Limit: 2295

Memory: 4k page, system-wide physical 8080M (741M free)
TotalPageFile size 20946M (AvailPageFile size 4M)
current process WorkingSet (physical memory assigned to process): 292M, peak: 292M
current process commit charge ("private bytes"): 366M, peak: 367M

vm_info: OpenJDK 64-Bit Server VM (21.0.12.1+1-LTS) for windows-amd64 JRE (21.0.12.1+1-LTS), built on 2026-08-18T00:00:00Z by "admin" with MS VC++ 17.12 (VS2022)

END.
